******************** Stress Settings ********************
Command:
  Type: write
  Count: 200,000
  No Warmup: false
  Consistency Level: LOCAL_ONE
  Target Uncertainty: not applicable
  Key Size (bytes): 10
  Counter Increment Distibution: add=fixed(1)
Rate:
  Auto: false
  Thread Count: 8
  OpsPer Sec: 0
Population:
  Sequence: 1..200000
  Order: ARBITRARY
  Wrap: true
Insert:
  Revisits: Uniform:  min=1,max=1000000
  Visits: Fixed:  key=1
  Row Population Ratio: Ratio: divisor=1.000000;delegate=Fixed:  key=1
  Batch Type: not batching
Columns:
  Max Columns Per Key: 5
  Column Names: [C0, C1, C2, C3, C4]
  Comparator: AsciiType
  Timestamp: null
  Variable Column Count: false
  Slice: false
  Size Distribution: Fixed:  key=34
  Count Distribution: Fixed:  key=5
Errors:
  Ignore: false
  Tries: 10
Log:
  No Summary: false
  No Settings: false
  File: null
  Interval Millis: 1000
  Level: NORMAL
Mode:
  API: JAVA_DRIVER_NATIVE
  Connection Style: CQL_PREPARED
  CQL Version: CQL3
  Protocol Version: V5
  Username: null
  Password: null
  Auth Provide Class: null
  Max Pending Per Connection: 128
  Connections Per Host: 8
  Compression: NONE
Node:
  Nodes: [localhost]
  Is White List: false
  Datacenter: null
Schema:
  Keyspace: keyspace1
  Replication Strategy: org.apache.cassandra.locator.SimpleStrategy
  Replication Strategy Options: {replication_factor=1}
  Table Compression: null
  Table Compaction Strategy: null
  Table Compaction Strategy Options: {}
Transport:
  truststore=null; truststore-password=null; keystore=null; keystore-password=null; ssl-protocol=TLS; ssl-alg=null; ssl-ciphers=TLS_RSA_WITH_AES_128_CBC_SHA,TLS_RSA_WITH_AES_256_CBC_SHA; 
Port:
  Native Port: 9042
  JMX Port: 7199
Graph:
  File: null
  Revision: unknown
  Title: null
  Operation: WRITE
TokenRange:
  Wrap: false
  Split Factor: 1

Connected to cluster: Test Cluster, max pending requests per connection 128, max connections per host 8
Datacenter: datacenter1; Host: localhost/127.0.0.1:9042; Rack: rack1
Created keyspaces. Sleeping 1s for propagation.
Sleeping 2s...
Warming up WRITE with 50000 iterations...
Running WRITE with 8 threads for 200000 iteration
type                                               total ops,    op/s,    pk/s,   row/s,    mean,     med,     .95,     .99,    .999,     max,   time,   stderr, errors,  gc: #,  max ms,  sum ms,  sdv ms,      mb
total,                                                  5193,    5193,    5193,    5193,     0.5,     0.4,     1.0,     2.2,     8.8,    16.2,    1.0,  0.00000,      0,      0,       0,       0,       0,       0
total,                                                 16624,   11431,   11431,   11431,     0.7,     0.6,     1.3,     2.3,     6.1,    17.7,    2.0,  0.26581,      0,      0,       0,       0,       0,       0
total,                                                 27425,   10801,   10801,   10801,     0.7,     0.6,     1.5,     3.1,    10.9,    18.0,    3.0,  0.17740,      0,      0,       0,       0,       0,       0
total,                                                 40988,   13563,   13563,   13563,     0.6,     0.5,     1.0,     1.5,    15.3,    33.4,    4.0,  0.15317,      0,      1,      26,      26,       0,     379
total,                                                 51564,   10576,   10576,   10576,     0.7,     0.5,     1.6,     3.8,    16.0,    21.1,    5.0,  0.12192,      0,      0,       0,       0,       0,       0
total,                                                 67676,   16112,   16112,   16112,     0.5,     0.4,     0.8,     1.1,     5.1,    20.7,    6.0,  0.12124,      0,      0,       0,       0,       0,       0
total,                                                 81241,   13565,   13565,   13565,     0.6,     0.5,     0.9,     1.2,     5.1,    45.8,    7.0,  0.10489,      0,      1,      43,      43,       0,     352
total,                                                 97255,   16014,   16014,   16014,     0.5,     0.4,     0.7,     1.0,     5.8,    29.0,    8.0,  0.09749,      0,      0,       0,       0,       0,       0
total,                                                113796,   16541,   16541,   16541,     0.5,     0.4,     0.7,     1.0,     4.0,    26.5,    9.0,  0.09089,      0,      0,       0,       0,       0,       0
total,                                                128272,   14476,   14476,   14476,     0.5,     0.5,     0.8,     1.1,     6.5,    58.3,   10.0,  0.08212,      0,      1,      56,      56,       0,     355
total,                                                143835,   15563,   15563,   15563,     0.5,     0.5,     0.8,     1.1,     4.4,    13.6,   11.0,  0.07519,      0,      0,       0,       0,       0,       0
total,                                                153081,    9246,    9246,    9246,     0.8,     0.5,     2.0,     5.7,    21.1,    44.8,   12.0,  0.07421,      0,      0,       0,       0,       0,       0
total,                                                163392,   10311,   10311,   10311,     0.8,     0.5,     1.7,     3.1,    14.5,    69.7,   13.0,  0.07032,      0,      1,      67,      67,       0,     354
total,                                                177546,   14154,   14154,   14154,     0.5,     0.5,     1.0,     1.6,     5.8,    23.3,   14.0,  0.06524,      0,      0,       0,       0,       0,       0
total,                                                190406,   12860,   12860,   12860,     0.6,     0.5,     1.0,     1.8,     7.2,    48.9,   15.0,  0.06080,      0,      1,      47,      47,       0,     366
total,                                                200000,   12954,   12954,   12954,     0.6,     0.5,     1.0,     1.7,     5.5,     6.3,   15.7,  0.05702,      0,      0,       0,       0,       0,       0


Results:
Op rate                   :   12,706 op/s  [WRITE: 12,706 op/s]
Partition rate            :   12,706 pk/s  [WRITE: 12,706 pk/s]
Row rate                  :   12,706 row/s [WRITE: 12,706 row/s]
Latency mean              :    0.6 ms [WRITE: 0.6 ms]
Latency median            :    0.5 ms [WRITE: 0.5 ms]
Latency 95th percentile   :    1.0 ms [WRITE: 1.0 ms]
Latency 99th percentile   :    2.1 ms [WRITE: 2.1 ms]
Latency 99.9th percentile :   10.4 ms [WRITE: 10.4 ms]
Latency max               :   69.7 ms [WRITE: 69.7 ms]
Total partitions          :    200,000 [WRITE: 200,000]
Total errors              :          0 [WRITE: 0]
Total GC count            : 5
Total GC memory           : 1.764 GiB
Total GC time             :    0.2 seconds
Avg GC time               :   47.8 ms
StdDev GC time            :   13.7 ms
Total operation time      : 00:00:15

END
