******************** Stress Settings ********************
Command:
  Type: write
  Count: 200,000
  No Warmup: false
  Consistency Level: LOCAL_ONE
  Target Uncertainty: not applicable
  Key Size (bytes): 10
  Counter Increment Distibution: add=fixed(1)
Rate:
  Auto: false
  Thread Count: 8
  OpsPer Sec: 0
Population:
  Sequence: 1..200000
  Order: ARBITRARY
  Wrap: true
Insert:
  Revisits: Uniform:  min=1,max=1000000
  Visits: Fixed:  key=1
  Row Population Ratio: Ratio: divisor=1.000000;delegate=Fixed:  key=1
  Batch Type: not batching
Columns:
  Max Columns Per Key: 5
  Column Names: [C0, C1, C2, C3, C4]
  Comparator: AsciiType
  Timestamp: null
  Variable Column Count: false
  Slice: false
  Size Distribution: Fixed:  key=34
  Count Distribution: Fixed:  key=5
Errors:
  Ignore: false
  Tries: 10
Log:
  No Summary: false
  No Settings: false
  File: null
  Interval Millis: 1000
  Level: NORMAL
Mode:
  API: JAVA_DRIVER_NATIVE
  Connection Style: CQL_PREPARED
  CQL Version: CQL3
  Protocol Version: V5
  Username: null
  Password: null
  Auth Provide Class: null
  Max Pending Per Connection: 128
  Connections Per Host: 8
  Compression: NONE
Node:
  Nodes: [localhost]
  Is White List: false
  Datacenter: null
Schema:
  Keyspace: keyspace1
  Replication Strategy: org.apache.cassandra.locator.SimpleStrategy
  Replication Strategy Options: {replication_factor=1}
  Table Compression: null
  Table Compaction Strategy: null
  Table Compaction Strategy Options: {}
Transport:
  truststore=null; truststore-password=null; keystore=null; keystore-password=null; ssl-protocol=TLS; ssl-alg=null; ssl-ciphers=TLS_RSA_WITH_AES_128_CBC_SHA,TLS_RSA_WITH_AES_256_CBC_SHA; 
Port:
  Native Port: 9042
  JMX Port: 7199
Graph:
  File: null
  Revision: unknown
  Title: null
  Operation: WRITE
TokenRange:
  Wrap: false
  Split Factor: 1

Connected to cluster: Test Cluster, max pending requests per connection 128, max connections per host 8
Datacenter: datacenter1; Host: localhost/127.0.0.1:9042; Rack: rack1
Created keyspaces. Sleeping 1s for propagation.
Sleeping 2s...
Warming up WRITE with 50000 iterations...
Running WRITE with 8 threads for 200000 iteration
type                                               total ops,    op/s,    pk/s,   row/s,    mean,     med,     .95,     .99,    .999,     max,   time,   stderr, errors,  gc: #,  max ms,  sum ms,  sdv ms,      mb
total,                                                  1060,    1060,    1060,    1060,     1.4,     1.1,     3.5,     6.6,    13.3,    17.0,    1.0,  0.00000,      0,      0,       0,       0,       0,       0
total,                                                  6884,    5824,    5824,    5824,     1.3,     0.8,     3.9,     9.7,    31.2,    46.9,    2.0,  0.49497,      0,      0,       0,       0,       0,       0
total,                                                 13978,    7094,    7094,    7094,     1.1,     0.8,     2.6,     5.0,    12.2,    20.0,    3.0,  0.32151,      0,      0,       0,       0,       0,       0
total,                                                 23349,    9371,    9371,    9371,     0.8,     0.7,     1.7,     2.8,     6.7,    18.1,    4.0,  0.25826,      0,      0,       0,       0,       0,       0
total,                                                 32551,    9202,    9202,    9202,     0.8,     0.7,     1.8,     3.3,     9.1,    18.7,    5.0,  0.20665,      0,      0,       0,       0,       0,       0
total,                                                 37637,    5086,    5086,    5086,     1.5,     0.8,     5.6,    12.8,    27.7,    35.7,    6.0,  0.18145,      0,      0,       0,       0,       0,       0
total,                                                 49149,   11512,   11512,   11512,     0.7,     0.5,     1.2,     2.1,    10.1,    45.1,    7.0,  0.17221,      0,      1,      33,      33,       0,     374
total,                                                 57610,    8461,    8461,    8461,     0.9,     0.7,     2.0,     4.1,    10.7,    13.7,    8.0,  0.14879,      0,      0,       0,       0,       0,       0
total,                                                 68407,   10797,   10797,   10797,     0.7,     0.6,     1.4,     2.6,     7.3,    29.8,    9.0,  0.13482,      0,      0,       0,       0,       0,       0
total,                                                 78519,   10112,   10112,   10112,     0.8,     0.6,     1.5,     2.8,     5.7,    22.7,   10.0,  0.12123,      0,      0,       0,       0,       0,       0
total,                                                 87760,    9241,    9241,    9241,     0.8,     0.7,     1.6,     3.0,    14.6,    66.2,   11.0,  0.10968,      0,      1,      57,      57,       0,     351
total,                                                 99398,   11638,   11638,   11638,     0.7,     0.6,     1.2,     2.1,     7.7,    16.0,   12.0,  0.10265,      0,      0,       0,       0,       0,       0
total,                                                111094,   11696,   11696,   11696,     0.7,     0.6,     1.3,     2.1,     5.5,    14.2,   13.0,  0.09615,      0,      0,       0,       0,       0,       0
total,                                                123850,   12756,   12756,   12756,     0.6,     0.5,     1.0,     1.6,    11.6,    52.3,   14.0,  0.09294,      0,      1,      49,      49,       0,     355
total,                                                135901,   12051,   12051,   12051,     0.6,     0.6,     1.1,     1.9,     4.5,     8.2,   15.0,  0.08740,      0,      0,       0,       0,       0,       0
total,                                                147447,   11546,   11546,   11546,     0.7,     0.5,     1.1,     2.2,    14.0,    23.6,   16.0,  0.08215,      0,      0,       0,       0,       0,       0
total,                                                157288,    9841,    9841,    9841,     0.8,     0.5,     1.9,     4.5,    20.0,    59.5,   17.0,  0.07707,      0,      0,       0,       0,       0,       0
total,                                                163531,    6243,    6243,    6243,     1.3,     0.7,     3.6,     8.5,    78.2,    81.3,   18.0,  0.07564,      0,      1,      67,      67,       0,     354
total,                                                175192,   11661,   11661,   11661,     0.7,     0.5,     1.3,     2.9,     8.1,    25.0,   19.0,  0.07198,      0,      0,       0,       0,       0,       0
total,                                                186644,   11452,   11452,   11452,     0.7,     0.6,     1.3,     2.4,     7.6,    12.3,   20.0,  0.06845,      0,      0,       0,       0,       0,       0
total,                                                198610,   11966,   11966,   11966,     0.6,     0.5,     1.0,     1.6,     8.7,    70.4,   21.0,  0.06599,      0,      1,      56,      56,       0,     359
total,                                                200000,   12956,   12956,   12956,     0.6,     0.5,     0.9,     1.4,    20.9,    21.7,   21.1,  0.06745,      0,      0,       0,       0,       0,       0


Results:
Op rate                   :    9,475 op/s  [WRITE: 9,475 op/s]
Partition rate            :    9,475 pk/s  [WRITE: 9,475 pk/s]
Row rate                  :    9,475 row/s [WRITE: 9,475 row/s]
Latency mean              :    0.8 ms [WRITE: 0.8 ms]
Latency median            :    0.6 ms [WRITE: 0.6 ms]
Latency 95th percentile   :    1.6 ms [WRITE: 1.6 ms]
Latency 99th percentile   :    3.8 ms [WRITE: 3.8 ms]
Latency 99.9th percentile :   13.2 ms [WRITE: 13.2 ms]
Latency max               :   81.3 ms [WRITE: 81.3 ms]
Total partitions          :    200,000 [WRITE: 200,000]
Total errors              :          0 [WRITE: 0]
Total GC count            : 5
Total GC memory           : 1.752 GiB
Total GC time             :    0.3 seconds
Avg GC time               :   52.4 ms
StdDev GC time            :   11.3 ms
Total operation time      : 00:00:21

END
