******************** Stress Settings ********************
Command:
  Type: read
  Count: 200,000
  No Warmup: false
  Consistency Level: LOCAL_ONE
  Target Uncertainty: not applicable
  Key Size (bytes): 10
  Counter Increment Distibution: add=fixed(1)
Rate:
  Auto: false
  Thread Count: 8
  OpsPer Sec: 0
Population:
  Distribution: Gaussian:  min=1,max=200000,mean=100000.500000,stdev=33333.166667
  Order: ARBITRARY
  Wrap: false
Insert:
  Revisits: Uniform:  min=1,max=1000000
  Visits: Fixed:  key=1
  Row Population Ratio: Ratio: divisor=1.000000;delegate=Fixed:  key=1
  Batch Type: not batching
Columns:
  Max Columns Per Key: 5
  Column Names: [C0, C1, C2, C3, C4]
  Comparator: AsciiType
  Timestamp: null
  Variable Column Count: false
  Slice: false
  Size Distribution: Fixed:  key=34
  Count Distribution: Fixed:  key=5
Errors:
  Ignore: false
  Tries: 10
Log:
  No Summary: false
  No Settings: false
  File: null
  Interval Millis: 1000
  Level: NORMAL
Mode:
  API: JAVA_DRIVER_NATIVE
  Connection Style: CQL_PREPARED
  CQL Version: CQL3
  Protocol Version: V5
  Username: null
  Password: null
  Auth Provide Class: null
  Max Pending Per Connection: 128
  Connections Per Host: 8
  Compression: NONE
Node:
  Nodes: [localhost]
  Is White List: false
  Datacenter: null
Schema:
  Keyspace: keyspace1
  Replication Strategy: org.apache.cassandra.locator.SimpleStrategy
  Replication Strategy Options: {replication_factor=1}
  Table Compression: null
  Table Compaction Strategy: null
  Table Compaction Strategy Options: {}
Transport:
  truststore=null; truststore-password=null; keystore=null; keystore-password=null; ssl-protocol=TLS; ssl-alg=null; ssl-ciphers=TLS_RSA_WITH_AES_128_CBC_SHA,TLS_RSA_WITH_AES_256_CBC_SHA; 
Port:
  Native Port: 9042
  JMX Port: 7199
Graph:
  File: null
  Revision: unknown
  Title: null
  Operation: READ
TokenRange:
  Wrap: false
  Split Factor: 1

Sleeping 2s...
Warming up READ with 50000 iterations...
Connected to cluster: Test Cluster, max pending requests per connection 128, max connections per host 8
Datacenter: datacenter1; Host: localhost/127.0.0.1:9042; Rack: rack1
Running READ with 8 threads for 200000 iteration
type                                               total ops,    op/s,    pk/s,   row/s,    mean,     med,     .95,     .99,    .999,     max,   time,   stderr, errors,  gc: #,  max ms,  sum ms,  sdv ms,      mb
total,                                                  1147,    1147,    1147,    1147,     0.7,     0.6,     1.1,     2.3,    14.5,    14.7,    1.0,  0.00000,      0,      0,       0,       0,       0,       0
total,                                                 11237,   10090,   10090,   10090,     0.8,     0.6,     1.3,     2.4,    16.8,    27.9,    2.0,  0.56448,      0,      1,      16,      16,       0,     395
total,                                                 22035,   10798,   10798,   10798,     0.7,     0.6,     1.3,     2.0,     4.6,    11.1,    3.0,  0.34519,      0,      0,       0,       0,       0,       0
total,                                                 33191,   11156,   11156,   11156,     0.7,     0.6,     1.2,     1.7,     8.4,    14.7,    4.0,  0.24967,      0,      1,      10,      10,       0,     389
total,                                                 43819,   10628,   10628,   10628,     0.7,     0.6,     1.3,     2.1,    12.0,    21.1,    5.0,  0.19503,      0,      0,       0,       0,       0,       0
total,                                                 56926,   13107,   13107,   13107,     0.6,     0.5,     1.0,     1.3,     3.2,    20.6,    6.0,  0.16561,      0,      0,       0,       0,       0,       0
total,                                                 69204,   12278,   12278,   12278,     0.6,     0.6,     1.0,     1.4,    10.3,    19.5,    7.0,  0.14126,      0,      1,      12,      12,       0,     388
total,                                                 80760,   11556,   11556,   11556,     0.7,     0.6,     1.1,     1.7,     7.0,    20.4,    8.0,  0.12259,      0,      0,       0,       0,       0,       0
total,                                                 93308,   12548,   12548,   12548,     0.6,     0.6,     1.0,     1.4,     6.5,    19.9,    9.0,  0.10897,      0,      1,       9,       9,       0,     390
total,                                                104036,   10728,   10728,   10728,     0.7,     0.6,     1.4,     2.5,     4.7,    19.9,   10.0,  0.09778,      0,      0,       0,       0,       0,       0
total,                                                115728,   11692,   11692,   11692,     0.7,     0.6,     1.1,     1.8,    15.0,    18.7,   11.0,  0.08854,      0,      1,      12,      12,       0,     389
total,                                                128259,   12531,   12531,   12531,     0.6,     0.6,     1.0,     1.4,     3.2,    15.1,   12.0,  0.08125,      0,      0,       0,       0,       0,       0
total,                                                139825,   11566,   11566,   11566,     0.7,     0.6,     1.1,     1.8,     9.1,    15.9,   13.0,  0.07477,      0,      1,      10,      10,       0,     389
total,                                                152335,   12510,   12510,   12510,     0.6,     0.6,     1.0,     1.4,     4.0,    20.1,   14.0,  0.06953,      0,      0,       0,       0,       0,       0
total,                                                164458,   12123,   12123,   12123,     0.6,     0.6,     1.1,     1.6,     4.5,    27.1,   15.0,  0.06485,      0,      0,       0,       0,       0,       0
total,                                                177562,   13104,   13104,   13104,     0.6,     0.6,     0.9,     1.2,     4.5,    10.6,   16.0,  0.06111,      0,      1,       8,       8,       0,     388
total,                                                189215,   11653,   11653,   11653,     0.7,     0.6,     1.1,     1.9,     9.8,    20.3,   17.0,  0.05741,      0,      0,       0,       0,       0,       0
total,                                                200000,   11833,   11833,   11833,     0.7,     0.6,     1.1,     1.6,     7.8,    13.0,   17.9,  0.05414,      0,      0,       0,       0,       0,       0


Results:
Op rate                   :   11,166 op/s  [READ: 11,166 op/s]
Partition rate            :   11,166 pk/s  [READ: 11,166 pk/s]
Row rate                  :   11,166 row/s [READ: 11,166 row/s]
Latency mean              :    0.7 ms [READ: 0.7 ms]
Latency median            :    0.6 ms [READ: 0.6 ms]
Latency 95th percentile   :    1.1 ms [READ: 1.1 ms]
Latency 99th percentile   :    1.8 ms [READ: 1.8 ms]
Latency 99.9th percentile :    8.2 ms [READ: 8.2 ms]
Latency max               :   27.9 ms [READ: 27.9 ms]
Total partitions          :    200,000 [READ: 200,000]
Total errors              :          0 [READ: 0]
Total GC count            : 7
Total GC memory           : 2.664 GiB
Total GC time             :    0.1 seconds
Avg GC time               :   11.0 ms
StdDev GC time            :    2.4 ms
Total operation time      : 00:00:17

END
