******************** Stress Settings ********************
Command:
  Type: read
  Count: 200,000
  No Warmup: false
  Consistency Level: LOCAL_ONE
  Target Uncertainty: not applicable
  Key Size (bytes): 10
  Counter Increment Distibution: add=fixed(1)
Rate:
  Auto: false
  Thread Count: 8
  OpsPer Sec: 0
Population:
  Distribution: Gaussian:  min=1,max=200000,mean=100000.500000,stdev=33333.166667
  Order: ARBITRARY
  Wrap: false
Insert:
  Revisits: Uniform:  min=1,max=1000000
  Visits: Fixed:  key=1
  Row Population Ratio: Ratio: divisor=1.000000;delegate=Fixed:  key=1
  Batch Type: not batching
Columns:
  Max Columns Per Key: 5
  Column Names: [C0, C1, C2, C3, C4]
  Comparator: AsciiType
  Timestamp: null
  Variable Column Count: false
  Slice: false
  Size Distribution: Fixed:  key=34
  Count Distribution: Fixed:  key=5
Errors:
  Ignore: false
  Tries: 10
Log:
  No Summary: false
  No Settings: false
  File: null
  Interval Millis: 1000
  Level: NORMAL
Mode:
  API: JAVA_DRIVER_NATIVE
  Connection Style: CQL_PREPARED
  CQL Version: CQL3
  Protocol Version: V5
  Username: null
  Password: null
  Auth Provide Class: null
  Max Pending Per Connection: 128
  Connections Per Host: 8
  Compression: NONE
Node:
  Nodes: [localhost]
  Is White List: false
  Datacenter: null
Schema:
  Keyspace: keyspace1
  Replication Strategy: org.apache.cassandra.locator.SimpleStrategy
  Replication Strategy Options: {replication_factor=1}
  Table Compression: null
  Table Compaction Strategy: null
  Table Compaction Strategy Options: {}
Transport:
  truststore=null; truststore-password=null; keystore=null; keystore-password=null; ssl-protocol=TLS; ssl-alg=null; ssl-ciphers=TLS_RSA_WITH_AES_128_CBC_SHA,TLS_RSA_WITH_AES_256_CBC_SHA; 
Port:
  Native Port: 9042
  JMX Port: 7199
Graph:
  File: null
  Revision: unknown
  Title: null
  Operation: READ
TokenRange:
  Wrap: false
  Split Factor: 1

Sleeping 2s...
Warming up READ with 50000 iterations...
Connected to cluster: Test Cluster, max pending requests per connection 128, max connections per host 8
Datacenter: datacenter1; Host: localhost/127.0.0.1:9042; Rack: rack1
Running READ with 8 threads for 200000 iteration
type                                               total ops,    op/s,    pk/s,   row/s,    mean,     med,     .95,     .99,    .999,     max,   time,   stderr, errors,  gc: #,  max ms,  sum ms,  sdv ms,      mb
total,                                                  5359,    5359,    5359,    5359,     0.8,     0.7,     1.8,     3.1,    13.4,    20.0,    1.0,  0.00000,      0,      0,       0,       0,       0,       0
total,                                                 15842,   10483,   10483,   10483,     0.7,     0.6,     1.3,     2.2,    20.2,    24.3,    2.0,  0.23010,      0,      1,      21,      21,       0,     395
total,                                                 25980,   10138,   10138,   10138,     0.8,     0.7,     1.4,     2.3,    11.3,    17.9,    3.0,  0.15626,      0,      0,       0,       0,       0,       0
total,                                                 39392,   13412,   13412,   13412,     0.6,     0.5,     1.0,     1.6,    13.9,    20.2,    4.0,  0.14664,      0,      1,      12,      12,       0,     389
total,                                                 53086,   13694,   13694,   13694,     0.6,     0.5,     0.9,     1.5,    14.7,    32.4,    5.0,  0.12770,      0,      0,       0,       0,       0,       0
total,                                                 67013,   13927,   13927,   13927,     0.6,     0.5,     0.9,     1.2,    10.2,    20.5,    6.0,  0.11058,      0,      1,      11,      11,       0,     388
total,                                                 82666,   15653,   15653,   15653,     0.5,     0.5,     0.8,     1.0,     3.4,    13.7,    7.0,  0.10213,      0,      0,       0,       0,       0,       0
total,                                                 97026,   14360,   14360,   14360,     0.5,     0.5,     0.8,     1.2,     8.7,    19.8,    8.0,  0.09038,      0,      1,       7,       7,       0,     390
total,                                                112988,   15962,   15962,   15962,     0.5,     0.5,     0.7,     0.9,     2.0,    18.3,    9.0,  0.08384,      0,      0,       0,       0,       0,       0
total,                                                128312,   15324,   15324,   15324,     0.5,     0.5,     0.8,     1.0,     6.5,    18.4,   10.0,  0.07657,      0,      1,       9,       9,       0,     389
total,                                                143366,   15054,   15054,   15054,     0.5,     0.5,     0.8,     1.1,     7.4,    18.3,   11.0,  0.07008,      0,      1,       8,       8,       0,     388
total,                                                159129,   15763,   15763,   15763,     0.5,     0.5,     0.7,     1.0,     5.1,    21.4,   12.0,  0.06526,      0,      0,       0,       0,       0,       0
total,                                                172696,   13567,   13567,   13567,     0.6,     0.5,     1.0,     1.8,     4.7,    21.6,   13.0,  0.06015,      0,      1,       8,       8,       0,     389
total,                                                188361,   15665,   15665,   15665,     0.5,     0.4,     0.7,     0.9,     4.4,    36.5,   14.0,  0.05670,      0,      0,       0,       0,       0,       0
total,                                                200000,   14592,   14592,   14592,     0.5,     0.5,     0.8,     1.2,     4.9,    25.2,   14.8,  0.05294,      0,      0,       0,       0,       0,       0


Results:
Op rate                   :   13,516 op/s  [READ: 13,516 op/s]
Partition rate            :   13,516 pk/s  [READ: 13,516 pk/s]
Row rate                  :   13,516 row/s [READ: 13,516 row/s]
Latency mean              :    0.6 ms [READ: 0.6 ms]
Latency median            :    0.5 ms [READ: 0.5 ms]
Latency 95th percentile   :    0.9 ms [READ: 0.9 ms]
Latency 99th percentile   :    1.5 ms [READ: 1.5 ms]
Latency 99.9th percentile :    8.7 ms [READ: 8.7 ms]
Latency max               :   36.5 ms [READ: 36.5 ms]
Total partitions          :    200,000 [READ: 200,000]
Total errors              :          0 [READ: 0]
Total GC count            : 7
Total GC memory           : 2.664 GiB
Total GC time             :    0.1 seconds
Avg GC time               :   10.9 ms
StdDev GC time            :    4.5 ms
Total operation time      : 00:00:14

END
