******************** Stress Settings ********************
Command:
  Type: write
  Count: 200,000
  No Warmup: false
  Consistency Level: LOCAL_ONE
  Target Uncertainty: not applicable
  Key Size (bytes): 10
  Counter Increment Distibution: add=fixed(1)
Rate:
  Auto: false
  Thread Count: 8
  OpsPer Sec: 0
Population:
  Sequence: 1..200000
  Order: ARBITRARY
  Wrap: true
Insert:
  Revisits: Uniform:  min=1,max=1000000
  Visits: Fixed:  key=1
  Row Population Ratio: Ratio: divisor=1.000000;delegate=Fixed:  key=1
  Batch Type: not batching
Columns:
  Max Columns Per Key: 5
  Column Names: [C0, C1, C2, C3, C4]
  Comparator: AsciiType
  Timestamp: null
  Variable Column Count: false
  Slice: false
  Size Distribution: Fixed:  key=34
  Count Distribution: Fixed:  key=5
Errors:
  Ignore: false
  Tries: 10
Log:
  No Summary: false
  No Settings: false
  File: null
  Interval Millis: 1000
  Level: NORMAL
Mode:
  API: JAVA_DRIVER_NATIVE
  Connection Style: CQL_PREPARED
  CQL Version: CQL3
  Protocol Version: V5
  Username: null
  Password: null
  Auth Provide Class: null
  Max Pending Per Connection: 128
  Connections Per Host: 8
  Compression: NONE
Node:
  Nodes: [localhost]
  Is White List: false
  Datacenter: null
Schema:
  Keyspace: keyspace1
  Replication Strategy: org.apache.cassandra.locator.SimpleStrategy
  Replication Strategy Options: {replication_factor=1}
  Table Compression: null
  Table Compaction Strategy: null
  Table Compaction Strategy Options: {}
Transport:
  truststore=null; truststore-password=null; keystore=null; keystore-password=null; ssl-protocol=TLS; ssl-alg=null; ssl-ciphers=TLS_RSA_WITH_AES_128_CBC_SHA,TLS_RSA_WITH_AES_256_CBC_SHA; 
Port:
  Native Port: 9042
  JMX Port: 7199
Graph:
  File: null
  Revision: unknown
  Title: null
  Operation: WRITE
TokenRange:
  Wrap: false
  Split Factor: 1

Connected to cluster: Test Cluster, max pending requests per connection 128, max connections per host 8
Datacenter: datacenter1; Host: localhost/127.0.0.1:9042; Rack: rack1
Created keyspaces. Sleeping 1s for propagation.
Sleeping 2s...
Warming up WRITE with 50000 iterations...
Running WRITE with 8 threads for 200000 iteration
type                                               total ops,    op/s,    pk/s,   row/s,    mean,     med,     .95,     .99,    .999,     max,   time,   stderr, errors,  gc: #,  max ms,  sum ms,  sdv ms,      mb
total,                                                  6095,    6095,    6095,    6095,     0.7,     0.6,     1.3,     2.3,    10.6,    38.1,    1.0,  0.00000,      0,      0,       0,       0,       0,       0
total,                                                 16538,   10443,   10443,   10443,     0.7,     0.6,     1.5,     3.0,    10.8,    18.6,    2.0,  0.17928,      0,      0,       0,       0,       0,       0
total,                                                 27841,   11303,   11303,   11303,     0.7,     0.6,     1.4,     2.5,    10.6,    20.1,    3.0,  0.13786,      0,      0,       0,       0,       0,       0
total,                                                 35342,    7501,    7501,    7501,     1.0,     0.7,     2.7,     6.5,    18.0,    26.7,    4.0,  0.11673,      0,      0,       0,       0,       0,       0
total,                                                 46236,   10894,   10894,   10894,     0.7,     0.6,     1.3,     2.4,    13.3,    49.4,    5.0,  0.09950,      0,      1,      46,      46,       0,     376
total,                                                 58136,   11900,   11900,   11900,     0.6,     0.5,     1.0,     2.3,    16.2,    31.3,    6.0,  0.08950,      0,      0,       0,       0,       0,       0
total,                                                 71333,   13197,   13197,   13197,     0.6,     0.5,     1.0,     1.5,     7.0,    21.7,    7.0,  0.08532,      0,      0,       0,       0,       0,       0
total,                                                 84754,   13421,   13421,   13421,     0.6,     0.5,     0.9,     1.3,     8.2,    47.4,    8.0,  0.08124,      0,      1,      44,      44,       0,     355
total,                                                 96866,   12112,   12112,   12112,     0.6,     0.5,     1.2,     2.5,    11.5,    18.6,    9.0,  0.07242,      0,      0,       0,       0,       0,       0
total,                                                111021,   14155,   14155,   14155,     0.5,     0.5,     0.9,     1.2,     2.8,    10.5,   10.0,  0.06872,      0,      0,       0,       0,       0,       0
total,                                                123589,   12568,   12568,   12568,     0.6,     0.5,     1.0,     1.7,     7.1,    57.7,   11.0,  0.06318,      0,      1,      55,      55,       0,     355
total,                                                136840,   13251,   13251,   13251,     0.6,     0.5,     1.0,     1.6,     4.7,    17.1,   12.0,  0.05856,      0,      0,       0,       0,       0,       0
total,                                                148416,   11576,   11576,   11576,     0.7,     0.6,     1.3,     2.1,     8.2,    33.3,   13.0,  0.05400,      0,      0,       0,       0,       0,       0
total,                                                155713,    7297,    7297,    7297,     1.1,     0.7,     3.0,     6.8,    12.8,    25.4,   14.0,  0.05754,      0,      0,       0,       0,       0,       0
total,                                                165937,   10224,   10224,   10224,     0.8,     0.6,     1.5,     3.2,    13.8,    67.8,   15.0,  0.05393,      0,      1,      56,      56,       0,     353
total,                                                179152,   13215,   13215,   13215,     0.6,     0.5,     1.0,     1.6,     7.1,    20.9,   16.0,  0.05115,      0,      0,       0,       0,       0,       0
total,                                                192854,   13702,   13702,   13702,     0.5,     0.5,     0.9,     1.2,     6.6,    18.5,   17.0,  0.04898,      0,      0,       0,       0,       0,       0
total,                                                200000,   13338,   13338,   13338,     0.6,     0.5,     0.9,     1.2,    45.9,    55.4,   17.5,  0.04781,      0,      0,       0,       0,       0,       0


Results:
Op rate                   :   11,405 op/s  [WRITE: 11,405 op/s]
Partition rate            :   11,405 pk/s  [WRITE: 11,405 pk/s]
Row rate                  :   11,405 row/s [WRITE: 11,405 row/s]
Latency mean              :    0.7 ms [WRITE: 0.7 ms]
Latency median            :    0.5 ms [WRITE: 0.5 ms]
Latency 95th percentile   :    1.2 ms [WRITE: 1.2 ms]
Latency 99th percentile   :    2.6 ms [WRITE: 2.6 ms]
Latency 99.9th percentile :   10.8 ms [WRITE: 10.8 ms]
Latency max               :   67.8 ms [WRITE: 67.8 ms]
Total partitions          :    200,000 [WRITE: 200,000]
Total errors              :          0 [WRITE: 0]
Total GC count            : 4
Total GC memory           : 1.406 GiB
Total GC time             :    0.2 seconds
Avg GC time               :   50.3 ms
StdDev GC time            :    5.3 ms
Total operation time      : 00:00:17

END
