******************** Stress Settings ********************
Command:
  Type: read
  Count: 200,000
  No Warmup: false
  Consistency Level: LOCAL_ONE
  Target Uncertainty: not applicable
  Key Size (bytes): 10
  Counter Increment Distibution: add=fixed(1)
Rate:
  Auto: false
  Thread Count: 8
  OpsPer Sec: 0
Population:
  Distribution: Gaussian:  min=1,max=200000,mean=100000.500000,stdev=33333.166667
  Order: ARBITRARY
  Wrap: false
Insert:
  Revisits: Uniform:  min=1,max=1000000
  Visits: Fixed:  key=1
  Row Population Ratio: Ratio: divisor=1.000000;delegate=Fixed:  key=1
  Batch Type: not batching
Columns:
  Max Columns Per Key: 5
  Column Names: [C0, C1, C2, C3, C4]
  Comparator: AsciiType
  Timestamp: null
  Variable Column Count: false
  Slice: false
  Size Distribution: Fixed:  key=34
  Count Distribution: Fixed:  key=5
Errors:
  Ignore: false
  Tries: 10
Log:
  No Summary: false
  No Settings: false
  File: null
  Interval Millis: 1000
  Level: NORMAL
Mode:
  API: JAVA_DRIVER_NATIVE
  Connection Style: CQL_PREPARED
  CQL Version: CQL3
  Protocol Version: V5
  Username: null
  Password: null
  Auth Provide Class: null
  Max Pending Per Connection: 128
  Connections Per Host: 8
  Compression: NONE
Node:
  Nodes: [localhost]
  Is White List: false
  Datacenter: null
Schema:
  Keyspace: keyspace1
  Replication Strategy: org.apache.cassandra.locator.SimpleStrategy
  Replication Strategy Options: {replication_factor=1}
  Table Compression: null
  Table Compaction Strategy: null
  Table Compaction Strategy Options: {}
Transport:
  truststore=null; truststore-password=null; keystore=null; keystore-password=null; ssl-protocol=TLS; ssl-alg=null; ssl-ciphers=TLS_RSA_WITH_AES_128_CBC_SHA,TLS_RSA_WITH_AES_256_CBC_SHA; 
Port:
  Native Port: 9042
  JMX Port: 7199
Graph:
  File: null
  Revision: unknown
  Title: null
  Operation: READ
TokenRange:
  Wrap: false
  Split Factor: 1

Sleeping 2s...
Warming up READ with 50000 iterations...
Connected to cluster: Test Cluster, max pending requests per connection 128, max connections per host 8
Datacenter: datacenter1; Host: localhost/127.0.0.1:9042; Rack: rack1
Running READ with 8 threads for 200000 iteration
type                                               total ops,    op/s,    pk/s,   row/s,    mean,     med,     .95,     .99,    .999,     max,   time,   stderr, errors,  gc: #,  max ms,  sum ms,  sdv ms,      mb
total,                                                   108,     108,     108,     108,     1.1,     1.0,     2.3,     2.5,     7.9,     7.9,    1.0,  0.00000,      0,      0,       0,       0,       0,       0
total,                                                  9835,    9727,    9727,    9727,     0.8,     0.6,     1.8,     3.8,     9.8,    20.6,    2.0,  0.69177,      0,      1,       8,       8,       0,     393
total,                                                 23614,   13779,   13779,   13779,     0.6,     0.5,     0.9,     1.5,     5.9,    26.0,    3.0,  0.42116,      0,      0,       0,       0,       0,       0
total,                                                 36099,   12485,   12485,   12485,     0.6,     0.5,     1.1,     1.6,     7.5,    35.5,    4.0,  0.29703,      0,      1,      17,      17,       0,     389
total,                                                 48593,   12494,   12494,   12494,     0.6,     0.5,     1.0,     2.2,    13.1,    40.9,    5.0,  0.22980,      0,      0,       0,       0,       0,       0
total,                                                 62750,   14157,   14157,   14157,     0.5,     0.5,     0.9,     1.3,    10.2,    25.3,    6.0,  0.18914,      0,      1,       8,       8,       0,     388
total,                                                 74778,   12028,   12028,   12028,     0.6,     0.5,     1.2,     2.2,     5.7,    13.5,    7.0,  0.16005,      0,      0,       0,       0,       0,       0
total,                                                 88908,   14130,   14130,   14130,     0.5,     0.5,     0.9,     1.4,     9.4,    20.9,    8.0,  0.13931,      0,      1,       7,       7,       0,     389
total,                                                101960,   13052,   13052,   13052,     0.6,     0.5,     1.1,     1.8,     4.6,    27.7,    9.0,  0.12280,      0,      0,       0,       0,       0,       0
total,                                                115350,   13390,   13390,   13390,     0.6,     0.5,     1.0,     1.6,     5.9,    15.9,   10.0,  0.10982,      0,      1,       7,       7,       0,     390
total,                                                127795,   12445,   12445,   12445,     0.6,     0.5,     1.1,     2.5,     9.0,    18.1,   11.0,  0.09938,      0,      0,       0,       0,       0,       0
total,                                                139976,   12181,   12181,   12181,     0.6,     0.5,     1.1,     2.0,    17.3,    46.2,   12.0,  0.09074,      0,      1,      16,      16,       0,     389
total,                                                152604,   12628,   12628,   12628,     0.6,     0.5,     1.1,     1.7,     9.4,    18.2,   13.0,  0.08346,      0,      0,       0,       0,       0,       0
total,                                                163934,   11330,   11330,   11330,     0.7,     0.6,     1.3,     2.2,     4.4,    15.4,   14.0,  0.07781,      0,      0,       0,       0,       0,       0
total,                                                176077,   12143,   12143,   12143,     0.6,     0.6,     1.1,     1.9,    12.1,    18.2,   15.0,  0.07251,      0,      1,      11,      11,       0,     389
total,                                                187473,   11396,   11396,   11396,     0.7,     0.6,     1.3,     2.2,     4.8,    18.1,   16.0,  0.06816,      0,      0,       0,       0,       0,       0
total,                                                198534,   11061,   11061,   11061,     0.7,     0.6,     1.3,     2.2,     4.9,    23.6,   17.0,  0.06445,      0,      1,      21,      21,       0,     389
total,                                                200000,   10753,   10753,   10753,     0.7,     0.6,     1.3,     2.7,    14.4,    14.5,   17.1,  0.06085,      0,      0,       0,       0,       0,       0


Results:
Op rate                   :   11,671 op/s  [READ: 11,671 op/s]
Partition rate            :   11,671 pk/s  [READ: 11,671 pk/s]
Row rate                  :   11,671 row/s [READ: 11,671 row/s]
Latency mean              :    0.6 ms [READ: 0.6 ms]
Latency median            :    0.5 ms [READ: 0.5 ms]
Latency 95th percentile   :    1.1 ms [READ: 1.1 ms]
Latency 99th percentile   :    2.0 ms [READ: 2.0 ms]
Latency 99.9th percentile :    9.2 ms [READ: 9.2 ms]
Latency max               :   46.2 ms [READ: 46.2 ms]
Total partitions          :    200,000 [READ: 200,000]
Total errors              :          0 [READ: 0]
Total GC count            : 8
Total GC memory           : 3.043 GiB
Total GC time             :    0.1 seconds
Avg GC time               :   11.9 ms
StdDev GC time            :    5.1 ms
Total operation time      : 00:00:17

END
