******************** Stress Settings ********************
Command:
  Type: read
  Count: 200,000
  No Warmup: false
  Consistency Level: LOCAL_ONE
  Target Uncertainty: not applicable
  Key Size (bytes): 10
  Counter Increment Distibution: add=fixed(1)
Rate:
  Auto: false
  Thread Count: 8
  OpsPer Sec: 0
Population:
  Distribution: Gaussian:  min=1,max=200000,mean=100000.500000,stdev=33333.166667
  Order: ARBITRARY
  Wrap: false
Insert:
  Revisits: Uniform:  min=1,max=1000000
  Visits: Fixed:  key=1
  Row Population Ratio: Ratio: divisor=1.000000;delegate=Fixed:  key=1
  Batch Type: not batching
Columns:
  Max Columns Per Key: 5
  Column Names: [C0, C1, C2, C3, C4]
  Comparator: AsciiType
  Timestamp: null
  Variable Column Count: false
  Slice: false
  Size Distribution: Fixed:  key=34
  Count Distribution: Fixed:  key=5
Errors:
  Ignore: false
  Tries: 10
Log:
  No Summary: false
  No Settings: false
  File: null
  Interval Millis: 1000
  Level: NORMAL
Mode:
  API: JAVA_DRIVER_NATIVE
  Connection Style: CQL_PREPARED
  CQL Version: CQL3
  Protocol Version: V5
  Username: null
  Password: null
  Auth Provide Class: null
  Max Pending Per Connection: 128
  Connections Per Host: 8
  Compression: NONE
Node:
  Nodes: [localhost]
  Is White List: false
  Datacenter: null
Schema:
  Keyspace: keyspace1
  Replication Strategy: org.apache.cassandra.locator.SimpleStrategy
  Replication Strategy Options: {replication_factor=1}
  Table Compression: null
  Table Compaction Strategy: null
  Table Compaction Strategy Options: {}
Transport:
  truststore=null; truststore-password=null; keystore=null; keystore-password=null; ssl-protocol=TLS; ssl-alg=null; ssl-ciphers=TLS_RSA_WITH_AES_128_CBC_SHA,TLS_RSA_WITH_AES_256_CBC_SHA; 
Port:
  Native Port: 9042
  JMX Port: 7199
Graph:
  File: null
  Revision: unknown
  Title: null
  Operation: READ
TokenRange:
  Wrap: false
  Split Factor: 1

Sleeping 2s...
Warming up READ with 50000 iterations...
Connected to cluster: Test Cluster, max pending requests per connection 128, max connections per host 8
Datacenter: datacenter1; Host: localhost/127.0.0.1:9042; Rack: rack1
Running READ with 8 threads for 200000 iteration
type                                               total ops,    op/s,    pk/s,   row/s,    mean,     med,     .95,     .99,    .999,     max,   time,   stderr, errors,  gc: #,  max ms,  sum ms,  sdv ms,      mb
total,                                                  2568,    2568,    2568,    2568,     1.0,     0.9,     2.0,     3.9,    15.6,    16.9,    1.0,  0.00000,      0,      0,       0,       0,       0,       0
total,                                                 10064,    7496,    7496,    7496,     1.0,     0.8,     2.0,     3.7,    26.5,    30.0,    2.0,  0.34982,      0,      1,      24,      24,       0,     393
total,                                                 19447,    9383,    9383,    9383,     0.8,     0.7,     1.6,     2.5,    11.5,    24.7,    3.0,  0.25688,      0,      0,       0,       0,       0,       0
total,                                                 29517,   10070,   10070,   10070,     0.8,     0.6,     1.5,     2.9,    10.6,    28.8,    4.0,  0.19958,      0,      0,       0,       0,       0,       0
total,                                                 40103,   10586,   10586,   10586,     0.7,     0.6,     1.2,     2.0,    14.5,    25.5,    5.0,  0.16330,      0,      1,      15,      15,       0,     389
total,                                                 51647,   11544,   11544,   11544,     0.7,     0.6,     1.1,     1.8,     6.4,    22.6,    6.0,  0.14104,      0,      0,       0,       0,       0,       0
total,                                                 62560,   10913,   10913,   10913,     0.7,     0.6,     1.2,     1.9,    12.7,    25.0,    7.0,  0.12132,      0,      1,      14,      14,       0,     389
total,                                                 74411,   11851,   11851,   11851,     0.7,     0.6,     1.1,     1.5,    10.0,    19.9,    8.0,  0.10819,      0,      0,       0,       0,       0,       0
total,                                                 86632,   12221,   12221,   12221,     0.6,     0.6,     1.0,     1.4,    11.5,    16.8,    9.0,  0.09798,      0,      1,      10,      10,       0,     389
total,                                                 98589,   11957,   11957,   11957,     0.6,     0.6,     1.1,     1.7,     4.6,     7.2,   10.0,  0.08869,      0,      0,       0,       0,       0,       0
total,                                                111410,   12821,   12821,   12821,     0.6,     0.6,     1.0,     1.3,     5.0,    11.3,   11.0,  0.08223,      0,      1,       9,       9,       0,     389
total,                                                123143,   11733,   11733,   11733,     0.7,     0.6,     1.1,     1.6,     6.5,    16.5,   12.0,  0.07541,      0,      0,       0,       0,       0,       0
total,                                                135868,   12725,   12725,   12725,     0.6,     0.6,     0.9,     1.3,     5.4,    18.7,   13.0,  0.07051,      0,      1,       9,       9,       0,     390
total,                                                146409,   10541,   10541,   10541,     0.7,     0.6,     1.4,     2.3,     7.0,    21.3,   14.0,  0.06543,      0,      0,       0,       0,       0,       0
total,                                                158926,   12517,   12517,   12517,     0.6,     0.6,     1.0,     1.4,     3.6,    14.4,   15.0,  0.06150,      0,      0,       0,       0,       0,       0
total,                                                170738,   11812,   11812,   11812,     0.7,     0.6,     1.0,     1.6,    12.5,    29.0,   16.0,  0.05771,      0,      1,       8,       8,       0,     388
total,                                                182695,   11957,   11957,   11957,     0.6,     0.6,     1.1,     1.6,     5.8,    11.6,   17.0,  0.05432,      0,      0,       0,       0,       0,       0
total,                                                195800,   13105,   13105,   13105,     0.6,     0.6,     0.9,     1.2,     5.4,     9.5,   18.0,  0.05191,      0,      1,       7,       7,       0,     389
total,                                                200000,   12038,   12038,   12038,     0.6,     0.6,     1.0,     1.3,     4.4,     6.7,   18.3,  0.04921,      0,      0,       0,       0,       0,       0


Results:
Op rate                   :   10,900 op/s  [READ: 10,900 op/s]
Partition rate            :   10,900 pk/s  [READ: 10,900 pk/s]
Row rate                  :   10,900 row/s [READ: 10,900 row/s]
Latency mean              :    0.7 ms [READ: 0.7 ms]
Latency median            :    0.6 ms [READ: 0.6 ms]
Latency 95th percentile   :    1.2 ms [READ: 1.2 ms]
Latency 99th percentile   :    1.9 ms [READ: 1.9 ms]
Latency 99.9th percentile :    8.6 ms [READ: 8.6 ms]
Latency max               :   30.0 ms [READ: 30.0 ms]
Total partitions          :    200,000 [READ: 200,000]
Total errors              :          0 [READ: 0]
Total GC count            : 8
Total GC memory           : 3.043 GiB
Total GC time             :    0.1 seconds
Avg GC time               :   12.0 ms
StdDev GC time            :    5.2 ms
Total operation time      : 00:00:18

END
