OpenJDK 64-Bit Server VM warning: Option UseConcMarkSweepGC was deprecated in version 9.0 and will likely be removed in a future release.
CompileCommand: dontinline org/apache/cassandra/db/Columns$Serializer.deserializeLargeSubset(Lorg/apache/cassandra/io/util/DataInputPlus;Lorg/apache/cassandra/db/Columns;I)Lorg/apache/cassandra/db/Columns;
CompileCommand: dontinline org/apache/cassandra/db/Columns$Serializer.serializeLargeSubset(Ljava/util/Collection;ILorg/apache/cassandra/db/Columns;ILorg/apache/cassandra/io/util/DataOutputPlus;)V
CompileCommand: dontinline org/apache/cassandra/db/Columns$Serializer.serializeLargeSubsetSize(Ljava/util/Collection;ILorg/apache/cassandra/db/Columns;I)I
CompileCommand: dontinline org/apache/cassandra/db/commitlog/AbstractCommitLogSegmentManager.advanceAllocatingFrom(Lorg/apache/cassandra/db/commitlog/CommitLogSegment;)V
CompileCommand: dontinline org/apache/cassandra/db/transform/BaseIterator.tryGetMoreContents()Z
CompileCommand: dontinline org/apache/cassandra/db/transform/StoppingTransformation.stop()V
CompileCommand: dontinline org/apache/cassandra/db/transform/StoppingTransformation.stopInPartition()V
CompileCommand: dontinline org/apache/cassandra/io/util/BufferedDataOutputStreamPlus.doFlush(I)V
CompileCommand: dontinline org/apache/cassandra/io/util/BufferedDataOutputStreamPlus.writeSlow(JI)V
CompileCommand: dontinline org/apache/cassandra/io/util/RebufferingInputStream.readPrimitiveSlowly(I)J
CompileCommand: exclude org/apache/cassandra/utils/JVMStabilityInspector.forceHeapSpaceOomMaybe(Ljava/lang/OutOfMemoryError;)V
CompileCommand: inline org/apache/cassandra/db/rows/UnfilteredSerializer.serializeRowBody(Lorg/apache/cassandra/db/rows/Row;ILorg/apache/cassandra/db/rows/SerializationHelper;Lorg/apache/cassandra/io/util/DataOutputPlus;)V
CompileCommand: inline org/apache/cassandra/io/util/Memory.checkBounds(JJ)V
CompileCommand: inline org/apache/cassandra/io/util/SafeMemory.checkBounds(JJ)V
CompileCommand: inline org/apache/cassandra/io/util/TrackedDataInputPlus.checkCanRead(I)V
CompileCommand: inline org/apache/cassandra/net/FrameDecoderWith8bHeader.decode(Ljava/util/Collection;Lorg/apache/cassandra/net/ShareableBytes;I)V
CompileCommand: inline org/apache/cassandra/service/reads/repair/RowIteratorMergeListener.applyToPartition(ILjava/util/function/Consumer;)V
CompileCommand: inline org/apache/cassandra/utils/AsymmetricOrdering.selectBoundary(Lorg/apache/cassandra/utils/AsymmetricOrdering/Op;II)I
CompileCommand: inline org/apache/cassandra/utils/AsymmetricOrdering.strictnessOfLessThan(Lorg/apache/cassandra/utils/AsymmetricOrdering/Op;)I
CompileCommand: inline org/apache/cassandra/utils/BloomFilter.indexes(Lorg/apache/cassandra/utils/IFilter/FilterKey;)[J
CompileCommand: inline org/apache/cassandra/utils/BloomFilter.setIndexes(JJIJ[J)V
CompileCommand: inline org/apache/cassandra/utils/ByteBufferUtil.compare(Ljava/nio/ByteBuffer;[B)I
CompileCommand: inline org/apache/cassandra/utils/ByteBufferUtil.compare([BLjava/nio/ByteBuffer;)I
CompileCommand: inline org/apache/cassandra/utils/ByteBufferUtil.compareUnsigned(Ljava/nio/ByteBuffer;Ljava/nio/ByteBuffer;)I
CompileCommand: inline org/apache/cassandra/utils/FastByteOperations$UnsafeOperations.compareTo(Ljava/lang/Object;JILjava/lang/Object;JI)I
CompileCommand: inline org/apache/cassandra/utils/FastByteOperations$UnsafeOperations.compareTo(Ljava/lang/Object;JILjava/nio/ByteBuffer;)I
CompileCommand: inline org/apache/cassandra/utils/FastByteOperations$UnsafeOperations.compareTo(Ljava/nio/ByteBuffer;Ljava/nio/ByteBuffer;)I
CompileCommand: inline org/apache/cassandra/utils/concurrent/Awaitable$AsyncAwaitable.await(Ljava/util/concurrent/atomic/AtomicReferenceFieldUpdater;Ljava/util/function/Predicate;Lorg/apache/cassandra/utils/concurrent/Awaitable;)Lorg/apache/cassandra/utils/concurrent/Awaitable;
CompileCommand: inline org/apache/cassandra/utils/concurrent/Awaitable$AsyncAwaitable.awaitUntil(Ljava/util/concurrent/atomic/AtomicReferenceFieldUpdater;Ljava/util/function/Predicate;Lorg/apache/cassandra/utils/concurrent/Awaitable;J)Z
CompileCommand: inline org/apache/cassandra/utils/concurrent/Awaitable$AsyncAwaitable.register(Ljava/util/concurrent/atomic/AtomicReferenceFieldUpdater;Ljava/util/function/Predicate;Lorg/apache/cassandra/utils/concurrent/Awaitable;)Lorg/apache/cassandra/utils/concurrent/WaitQueue/Signal;
CompileCommand: inline org/apache/cassandra/utils/concurrent/Awaitable$AsyncAwaitable.signalAll(Ljava/util/concurrent/atomic/AtomicReferenceFieldUpdater;Lorg/apache/cassandra/utils/concurrent/Awaitable;)V
CompileCommand: inline org/apache/cassandra/utils/concurrent/IntrusiveStack.push(Ljava/util/concurrent/atomic/AtomicReferenceFieldUpdater;Ljava/lang/Object;Lorg/apache/cassandra/utils/concurrent/IntrusiveStack;)Lorg/apache/cassandra/utils/concurrent/IntrusiveStack;
CompileCommand: inline org/apache/cassandra/utils/concurrent/IntrusiveStack.push(Ljava/util/function/Function;Lorg/apache/cassandra/utils/concurrent/IntrusiveStack/Setter;Ljava/lang/Object;Lorg/apache/cassandra/utils/concurrent/IntrusiveStack;)Lorg/apache/cassandra/utils/concurrent/IntrusiveStack;
CompileCommand: inline org/apache/cassandra/utils/concurrent/ListenerList.push(Ljava/util/concurrent/atomic/AtomicReferenceFieldUpdater;Ljava/lang/Object;Lorg/apache/cassandra/utils/concurrent/ListenerList;)V
CompileCommand: inline org/apache/cassandra/utils/concurrent/ListenerList.pushExclusive(Ljava/util/concurrent/atomic/AtomicReferenceFieldUpdater;Ljava/lang/Object;Lorg/apache/cassandra/utils/concurrent/ListenerList;)V
CompileCommand: inline org/apache/cassandra/utils/memory/BufferPool$LocalPool.tryGetInternal(IZ)Ljava/nio/ByteBuffer;
CompileCommand: inline org/apache/cassandra/utils/vint/VIntCoding.encodeUnsignedVInt(JI)[B
CompileCommand: inline org/apache/cassandra/utils/vint/VIntCoding.writeUnsignedVInt(JLjava/nio/ByteBuffer;)V
CompileCommand: inline org/apache/cassandra/utils/vint/VIntCoding.writeUnsignedVInt(JLorg/apache/cassandra/io/util/DataOutputPlus;)V
CompileCommand: inline org/apache/cassandra/utils/vint/VIntCoding.writeVInt(JLjava/nio/ByteBuffer;)V
CompileCommand: inline org/apache/cassandra/utils/vint/VIntCoding.writeVInt(JLorg/apache/cassandra/io/util/DataOutputPlus;)V
INFO  [main] 2026-08-21 15:30:46,624 YamlConfigurationLoader.java:104 - Configuration location: file:/workspace/cassandra/conf/cassandra.yaml
INFO  [main] 2026-08-21 15:30:47,005 Config.java:1248 - Node configuration:[allocate_tokens_for_keyspace=null; allocate_tokens_for_local_replication_factor=3; allow_extra_insecure_udfs=false; allow_filtering_enabled=true; allow_insecure_udfs=false; audit_logging_options=AuditLogOptions{enabled=false, logger='BinAuditLogger', included_keyspaces='', excluded_keyspaces='system,system_schema,system_virtual_schema', included_categories='', excluded_categories='', included_users='', excluded_users='', audit_logs_dir='logs/audit', archive_command='', roll_cycle='HOURLY', block=true, max_queue_weight=268435456, max_log_size=17179869184, max_archive_retries=10}; auth_cache_warming_enabled=false; auth_read_consistency_level=LOCAL_QUORUM; auth_write_consistency_level=EACH_QUORUM; authenticator=AllowAllAuthenticator; authorizer=AllowAllAuthorizer; auto_bootstrap=true; auto_hints_cleanup_enabled=false; auto_optimise_full_repair_streams=false; auto_optimise_inc_repair_streams=false; auto_optimise_preview_repair_streams=false; auto_snapshot=true; auto_snapshot_ttl=null; autocompaction_on_startup_enabled=true; automatic_sstable_upgrade=false; available_processors=-1; back_pressure_enabled=false; back_pressure_strategy=null; batch_size_fail_threshold=50KiB; batch_size_warn_threshold=5KiB; batchlog_endpoint_strategy=random_remote; batchlog_replay_throttle=1024KiB; block_for_peers_in_remote_dcs=false; block_for_peers_timeout_in_secs=10; broadcast_address=null; broadcast_rpc_address=null; buffer_pool_use_heap_if_exhausted=false; cache_load_timeout=30s; cas_contention_timeout=1000ms; cdc_block_writes=true; cdc_enabled=false; cdc_free_space_check_interval=250ms; cdc_raw_directory=null; cdc_total_space=0MiB; check_for_duplicate_rows_during_compaction=true; check_for_duplicate_rows_during_reads=true; client_encryption_options=<REDACTED>; client_error_reporting_exclusions=SubnetGroups{subnets=[]}; cluster_name=Test Cluster; collection_size_fail_threshold=null; collection_size_warn_threshold=null; column_index_cache_size=2KiB; column_index_size=64KiB; columns_per_table_fail_threshold=-1; columns_per_table_warn_threshold=-1; commit_failure_policy=stop; commitlog_compression=null; commitlog_directory=null; commitlog_max_compression_buffers_in_pool=3; commitlog_periodic_queue_size=-1; commitlog_segment_size=32MiB; commitlog_sync=periodic; commitlog_sync_batch_window_in_ms=NaN; commitlog_sync_group_window=0ms; commitlog_sync_period=10000ms; commitlog_total_space=null; compact_tables_enabled=true; compaction_large_partition_warning_threshold=100MiB; compaction_throughput=64MiB/s; compaction_tombstone_warning_threshold=100000; concurrent_compactors=null; concurrent_counter_writes=32; concurrent_materialized_view_builders=1; concurrent_materialized_view_writes=32; concurrent_merkle_tree_requests=0; concurrent_reads=32; concurrent_replicates=null; concurrent_validations=0; concurrent_writes=32; consecutive_message_errors_threshold=1; coordinator_read_size_fail_threshold=null; coordinator_read_size_warn_threshold=null; corrupted_tombstone_strategy=disabled; counter_cache_keys_to_save=2147483647; counter_cache_save_period=7200s; counter_cache_size=null; counter_write_request_timeout=5000ms; cql_start_time=REQUEST; credentials_cache_active_update=false; credentials_cache_max_entries=1000; credentials_update_interval=null; credentials_validity=2000ms; data_disk_usage_max_disk_size=null; data_disk_usage_percentage_fail_threshold=-1; data_disk_usage_percentage_warn_threshold=-1; data_file_directories=[Ljava.lang.String;@774698ab; default_keyspace_rf=1; denylist_consistency_level=QUORUM; denylist_initial_load_retry=5s; denylist_max_keys_per_table=1000; denylist_max_keys_total=10000; denylist_range_reads_enabled=true; denylist_reads_enabled=true; denylist_refresh=600s; denylist_writes_enabled=true; diagnostic_events_enabled=false; disk_access_mode=auto; disk_failure_policy=stop; disk_optimization_estimate_percentile=0.95; disk_optimization_page_cross_chance=0.1; disk_optimization_strategy=ssd; drop_compact_storage_enabled=false; drop_truncate_table_enabled=true; dynamic_snitch=true; dynamic_snitch_badness_threshold=1.0; dynamic_snitch_reset_interval=600000ms; dynamic_snitch_update_interval=100ms; endpoint_snitch=SimpleSnitch; enforce_native_deadline_for_hints=false; entire_sstable_inter_dc_stream_throughput_outbound=24MiB/s; entire_sstable_stream_throughput_outbound=24MiB/s; failure_detector=FailureDetector; fields_per_udt_fail_threshold=-1; fields_per_udt_warn_threshold=-1; file_cache_enabled=false; file_cache_round_up=null; file_cache_size=null; flush_compression=fast; force_new_prepared_statement_behaviour=false; full_query_logging_options=FullQueryLoggerOptions{log_dir='', archive_command='', roll_cycle='HOURLY', block=true, max_queue_weight=268435456, max_log_size=17179869184}; gc_log_threshold=200ms; gc_warn_threshold=1s; group_by_enabled=true; hint_window_persistent_enabled=true; hinted_handoff_disabled_datacenters=[]; hinted_handoff_enabled=true; hinted_handoff_throttle=1024KiB; hints_compression=null; hints_directory=null; hints_flush_period=10000ms; ideal_consistency_level=null; in_select_cartesian_product_fail_threshold=-1; in_select_cartesian_product_warn_threshold=-1; incremental_backups=false; index_summary_capacity=null; index_summary_resize_interval=60m; initial_range_tombstone_list_allocation_size=1; initial_token=null; inter_dc_stream_throughput_outbound=24MiB/s; inter_dc_tcp_nodelay=false; internode_application_receive_queue_capacity=4MiB; internode_application_receive_queue_reserve_endpoint_capacity=128MiB; internode_application_receive_queue_reserve_global_capacity=512MiB; internode_application_send_queue_capacity=4MiB; internode_application_send_queue_reserve_endpoint_capacity=128MiB; internode_application_send_queue_reserve_global_capacity=512MiB; internode_authenticator=null; internode_compression=dc; internode_error_reporting_exclusions=SubnetGroups{subnets=[]}; internode_max_message_size=null; internode_socket_receive_buffer_size=0B; internode_socket_send_buffer_size=0B; internode_streaming_tcp_user_timeout=300s; internode_tcp_connect_timeout=2s; internode_tcp_user_timeout=30s; internode_timeout=true; items_per_collection_fail_threshold=-1; items_per_collection_warn_threshold=-1; key_cache_keys_to_save=2147483647; key_cache_migrate_during_compaction=true; key_cache_save_period=4h; key_cache_size=null; keyspace_count_warn_threshold=40; keyspaces_fail_threshold=-1; keyspaces_warn_threshold=-1; listen_address=localhost; listen_interface=null; listen_interface_prefer_ipv6=false; listen_on_broadcast_address=false; local_read_size_fail_threshold=null; local_read_size_warn_threshold=null; local_system_data_file_directory=null; log_out_of_token_range_requests=true; materialized_views_enabled=false; materialized_views_per_table_fail_threshold=-1; materialized_views_per_table_warn_threshold=-1; max_concurrent_automatic_sstable_upgrades=1; max_hint_window=3h; max_hints_delivery_threads=2; max_hints_file_size=128MiB; max_hints_size_per_host=0B; max_mutation_size=null; max_streaming_retries=3; max_top_size_partition_count=10; max_top_tombstone_partition_count=10; max_value_size=256MiB; memtable=null; memtable_allocation_type=heap_buffers; memtable_cleanup_threshold=null; memtable_flush_writers=0; memtable_heap_space=null; memtable_offheap_space=null; min_free_space_per_drive=50MiB; min_tracked_partition_size=1MiB; min_tracked_partition_tombstone_count=5000; minimum_replication_factor_fail_threshold=-1; minimum_replication_factor_warn_threshold=-1; native_transport_allow_older_protocols=true; native_transport_flush_in_batches_legacy=false; native_transport_idle_timeout=0ms; native_transport_max_auth_threads=0; native_transport_max_backoff_on_queue_overload=200ms; native_transport_max_concurrent_connections=-1; native_transport_max_concurrent_connections_per_ip=-1; native_transport_max_frame_size=16MiB; native_transport_max_message_size=null; native_transport_max_negotiable_protocol_version=null; native_transport_max_request_data_in_flight=null; native_transport_max_request_data_in_flight_per_ip=null; native_transport_max_requests_per_second=1000000; native_transport_max_threads=128; native_transport_min_backoff_on_queue_overload=10ms; native_transport_port=9042; native_transport_port_ssl=null; native_transport_queue_max_item_age_threshold=1.7976931348623157E308; native_transport_rate_limiting_enabled=false; native_transport_receive_queue_capacity=1MiB; native_transport_throw_on_overload=false; native_transport_timeout=12000ms; network_authorizer=AllowAllNetworkAuthorizer; networking_cache_size=null; num_tokens=16; otc_backlog_expiration_interval_ms=200; otc_coalescing_enough_coalesced_messages=8; otc_coalescing_strategy=DISABLED; otc_coalescing_window_us=200; page_size_fail_threshold=-1; page_size_warn_threshold=-1; partition_denylist_enabled=false; partition_keys_in_select_fail_threshold=-1; partition_keys_in_select_warn_threshold=-1; partitioner=org.apache.cassandra.dht.Murmur3Partitioner; paxos_cache_size=null; paxos_contention_max_wait=null; paxos_contention_min_delta=null; paxos_contention_min_wait=null; paxos_contention_wait_randomizer=null; paxos_on_linearizability_violations=ignore; paxos_purge_grace_period=60s; paxos_repair_enabled=true; paxos_repair_parallelism=-1; paxos_state_purging=null; paxos_topology_repair_no_dc_checks=false; paxos_topology_repair_strict_each_quorum=false; paxos_variant=v1; periodic_commitlog_sync_lag_block=null; permissions_cache_active_update=false; permissions_cache_max_entries=1000; permissions_update_interval=null; permissions_validity=2000ms; phi_convict_threshold=8.0; prepared_statements_cache_size=null; range_request_timeout=10000ms; range_tombstone_list_growth_factor=1.5; read_before_write_list_operations_enabled=true; read_consistency_levels_disallowed=[]; read_consistency_levels_warned=[]; read_request_timeout=5000ms; read_thresholds_enabled=false; reject_out_of_token_range_requests=true; reject_repair_compaction_threshold=2147483647; repair_command_pool_full_strategy=queue; repair_command_pool_size=0; repair_request_timeout=120000ms; repair_session_max_tree_depth=null; repair_session_space=null; repair_state_expires=3d; repair_state_size=100000; repaired_data_tracking_for_partition_reads_enabled=false; repaired_data_tracking_for_range_reads_enabled=false; report_unconfirmed_repaired_data_mismatches=false; request_timeout=10000ms; role_manager=CassandraRoleManager; roles_cache_active_update=false; roles_cache_max_entries=1000; roles_update_interval=null; roles_validity=2000ms; row_cache_class_name=org.apache.cassandra.cache.OHCProvider; row_cache_keys_to_save=2147483647; row_cache_save_period=0s; row_cache_size=0MiB; row_index_read_size_fail_threshold=null; row_index_read_size_warn_threshold=null; rpc_address=localhost; rpc_interface=null; rpc_interface_prefer_ipv6=false; rpc_keepalive=true; sasi_indexes_enabled=false; saved_caches_directory=null; scripted_user_defined_functions_enabled=false; secondary_indexes_enabled=true; secondary_indexes_per_table_fail_threshold=-1; secondary_indexes_per_table_warn_threshold=-1; seed_provider=org.apache.cassandra.locator.SimpleSeedProvider{seeds=127.0.0.1:7000}; server_encryption_options=<REDACTED>; skip_paxos_repair_on_topology_change=false; skip_paxos_repair_on_topology_change_keyspaces=[]; slow_query_log_timeout=500ms; snapshot_before_compaction=false; snapshot_links_per_second=0; snapshot_on_duplicate_row_detection=false; snapshot_on_repaired_data_mismatch=false; ssl_storage_port=7001; sstable_preemptive_open_interval=50MiB; start_native_transport=true; startup_checks={}; storage_port=7000; stream_entire_sstables=true; stream_throughput_outbound=24MiB/s; streaming_connections_per_host=1; streaming_keep_alive_period=300s; streaming_slow_events_log_timeout=10s; streaming_state_expires=3d; streaming_state_size=40MiB; streaming_stats_enabled=true; table_count_warn_threshold=150; table_properties_disallowed=[]; table_properties_ignored=[]; table_properties_warned=[]; tables_fail_threshold=-1; tables_warn_threshold=-1; tombstone_failure_threshold=100000; tombstone_warn_threshold=1000; top_partitions_enabled=true; trace_type_query_ttl=1d; trace_type_repair_ttl=7d; transfer_hints_on_decommission=true; transient_replication_enabled=false; transparent_data_encryption_options=org.apache.cassandra.config.TransparentDataEncryptionOptions@55342f40; traverse_auth_from_root=false; trickle_fsync=false; trickle_fsync_interval=10240KiB; truncate_request_timeout=60000ms; uncompressed_tables_enabled=true; unlogged_batch_across_partitions_warn_threshold=10; use_creation_time_for_hint_ttl=true; use_deterministic_table_id=false; use_offheap_merkle_trees=true; use_statements_enabled=true; user_defined_functions_enabled=false; user_defined_functions_fail_timeout=1500ms; user_defined_functions_threads_enabled=true; user_defined_functions_warn_timeout=500ms; user_function_timeout_policy=die; user_timestamps_enabled=true; uuid_sstable_identifiers_enabled=false; validation_preview_purge_head_start=3600s; windows_timer_interval=0; write_consistency_levels_disallowed=[]; write_consistency_levels_warned=[]; write_request_timeout=2000ms]
INFO  [main] 2026-08-21 15:30:47,008 DatabaseDescriptor.java:463 - DiskAccessMode 'auto' determined to be mmap, indexAccessMode is mmap
INFO  [main] 2026-08-21 15:30:47,009 DatabaseDescriptor.java:517 - Global memtable on-heap threshold is enabled at 476MiB
INFO  [main] 2026-08-21 15:30:47,010 DatabaseDescriptor.java:521 - Global memtable off-heap threshold is enabled at 476MiB
INFO  [main] 2026-08-21 15:30:47,021 DatabaseDescriptor.java:588 - Native transport rate-limiting disabled.
INFO  [main] 2026-08-21 15:30:47,635 JMXServerUtils.java:289 - Configured JMX server at: service:jmx:rmi://127.0.0.1/jndi/rmi://127.0.0.1:7199/jmxrmi
INFO  [main] 2026-08-21 15:30:47,644 CassandraDaemon.java:618 - Hostname: adca60362702:7000:7001
INFO  [main] 2026-08-21 15:30:47,644 CassandraDaemon.java:625 - JVM vendor/version: OpenJDK 64-Bit Server VM/11.0.31
INFO  [main] 2026-08-21 15:30:47,645 CassandraDaemon.java:626 - Heap size: 1.861GiB/1.861GiB
INFO  [main] 2026-08-21 15:30:47,647 CassandraDaemon.java:631 - CodeHeap 'non-nmethods' Non-heap memory: init = 2555904(2496K) used = 1381632(1349K) committed = 2555904(2496K) max = 5836800(5700K)
INFO  [main] 2026-08-21 15:30:47,651 CassandraDaemon.java:631 - Metaspace Non-heap memory: init = 0(0K) used = 25003104(24417K) committed = 26226688(25612K) max = -1(-1K)
INFO  [main] 2026-08-21 15:30:47,652 CassandraDaemon.java:631 - CodeHeap 'profiled nmethods' Non-heap memory: init = 2555904(2496K) used = 4962944(4846K) committed = 4980736(4864K) max = 122908672(120028K)
INFO  [main] 2026-08-21 15:30:47,652 CassandraDaemon.java:631 - Compressed Class Space Non-heap memory: init = 0(0K) used = 2897352(2829K) committed = 3407872(3328K) max = 1073741824(1048576K)
INFO  [main] 2026-08-21 15:30:47,653 CassandraDaemon.java:631 - Par Eden Space Heap memory: init = 409468928(399872K) used = 188462184(184045K) committed = 409468928(399872K) max = 409468928(399872K)
INFO  [main] 2026-08-21 15:30:47,653 CassandraDaemon.java:631 - Par Survivor Space Heap memory: init = 51118080(49920K) used = 0(0K) committed = 51118080(49920K) max = 51118080(49920K)
INFO  [main] 2026-08-21 15:30:47,654 CassandraDaemon.java:631 - CodeHeap 'non-profiled nmethods' Non-heap memory: init = 2555904(2496K) used = 1119488(1093K) committed = 2555904(2496K) max = 122912768(120032K)
INFO  [main] 2026-08-21 15:30:47,654 CassandraDaemon.java:631 - CMS Old Gen Heap memory: init = 1537212416(1501184K) used = 0(0K) committed = 1537212416(1501184K) max = 1537212416(1501184K)
INFO  [main] 2026-08-21 15:30:47,654 CassandraDaemon.java:633 - Classpath: /workspace/cassandra/conf:bin/../build/apache-cassandra-4.1.8-SNAPSHOT.jar:bin/../lib/HdrHistogram-2.1.12.jar:bin/../lib/ST4-4.0.8.jar:bin/../lib/airline-0.8.jar:bin/../lib/antlr-runtime-3.5.2.jar:bin/../lib/asm-9.1.jar:bin/../lib/caffeine-2.9.2.jar:bin/../lib/cassandra-driver-core-3.11.0-shaded.jar:bin/../lib/checker-qual-3.10.0.jar:bin/../lib/chronicle-bytes-2.20.111.jar:bin/../lib/chronicle-core-2.20.126.jar:bin/../lib/chronicle-queue-5.20.123.jar:bin/../lib/chronicle-threads-2.20.111.jar:bin/../lib/chronicle-wire-2.20.117.jar:bin/../lib/commons-cli-1.1.jar:bin/../lib/commons-codec-1.9.jar:bin/../lib/commons-lang3-3.11.jar:bin/../lib/commons-math3-3.2.jar:bin/../lib/concurrent-trees-2.4.0.jar:bin/../lib/ecj-4.6.1.jar:bin/../lib/error_prone_annotations-2.5.1.jar:bin/../lib/guava-27.0-jre.jar:bin/../lib/high-scale-lib-1.0.6.jar:bin/../lib/hppc-0.8.1.jar:bin/../lib/ipaddress-5.3.3.jar:bin/../lib/j2objc-annotations-1.3.jar:bin/../lib/jackson-annotations-2.13.2.jar:bin/../lib/jackson-core-2.13.2.jar:bin/../lib/jackson-databind-2.13.2.2.jar:bin/../lib/jackson-datatype-jsr310-2.13.2.jar:bin/../lib/jamm-0.3.2.jar:bin/../lib/javax.inject-1.jar:bin/../lib/jbcrypt-0.4.jar:bin/../lib/jcl-over-slf4j-1.7.25.jar:bin/../lib/jcommander-1.30.jar:bin/../lib/jctools-core-3.1.0.jar:bin/../lib/jna-5.9.0.jar:bin/../lib/json-simple-1.1.jar:bin/../lib/jsr305-2.0.2.jar:bin/../lib/jvm-attach-api-1.5.jar:bin/../lib/log4j-over-slf4j-1.7.25.jar:bin/../lib/logback-classic-1.2.9.jar:bin/../lib/logback-core-1.2.9.jar:bin/../lib/lz4-java-1.8.0.jar:bin/../lib/metrics-core-3.1.5.jar:bin/../lib/metrics-jvm-3.1.5.jar:bin/../lib/metrics-logback-3.1.5.jar:bin/../lib/mxdump-0.14.jar:bin/../lib/netty-all-4.1.58.Final.jar:bin/../lib/netty-tcnative-boringssl-static-2.0.36.Final.jar:bin/../lib/ohc-core-0.5.1.jar:bin/../lib/ohc-core-j8-0.5.1.jar:bin/../lib/psjava-0.1.19.jar:bin/../lib/reporter-config-base-3.0.3.jar:bin/../lib/reporter-config3-3.0.3.jar:bin/../lib/sigar-1.6.4.jar:bin/../lib/sjk-cli-0.14.jar:bin/../lib/sjk-core-0.14.jar:bin/../lib/sjk-json-0.14.jar:bin/../lib/sjk-stacktrace-0.14.jar:bin/../lib/slf4j-api-1.7.25.jar:bin/../lib/snakeyaml-1.26.jar:bin/../lib/snappy-java-1.1.10.4.jar:bin/../lib/snowball-stemmer-1.3.0.581.1.jar:bin/../lib/stream-2.5.2.jar:bin/../lib/zstd-jni-1.5.5-1.jar:bin/../lib/jsr223/*/*.jar:
INFO  [main] 2026-08-21 15:30:47,655 CassandraDaemon.java:635 - JVM Arguments: [-Dcassandra.filter.impl=cuckoo, -ea, -da:net.openhft..., -XX:+UseThreadPriorities, -XX:+HeapDumpOnOutOfMemoryError, -Xss256k, -XX:+AlwaysPreTouch, -XX:-UseBiasedLocking, -XX:+UseTLAB, -XX:+ResizeTLAB, -XX:+UseNUMA, -XX:+PerfDisableSharedMem, -Djava.net.preferIPv4Stack=true, -XX:+UseConcMarkSweepGC, -XX:+CMSParallelRemarkEnabled, -XX:SurvivorRatio=8, -XX:MaxTenuringThreshold=1, -XX:CMSInitiatingOccupancyFraction=75, -XX:+UseCMSInitiatingOccupancyOnly, -XX:CMSWaitDuration=10000, -XX:+CMSParallelInitialMarkEnabled, -XX:+CMSEdenChunksRecordAlways, -XX:+CMSClassUnloadingEnabled, -Djdk.attach.allowAttachSelf=true, --add-exports=java.base/jdk.internal.misc=ALL-UNNAMED, --add-exports=java.base/jdk.internal.ref=ALL-UNNAMED, --add-exports=java.base/sun.nio.ch=ALL-UNNAMED, --add-exports=java.management.rmi/com.sun.jmx.remote.internal.rmi=ALL-UNNAMED, --add-exports=java.rmi/sun.rmi.registry=ALL-UNNAMED, --add-exports=java.rmi/sun.rmi.server=ALL-UNNAMED, --add-exports=java.sql/java.sql=ALL-UNNAMED, --add-opens=java.base/java.lang.module=ALL-UNNAMED, --add-opens=java.base/jdk.internal.loader=ALL-UNNAMED, --add-opens=java.base/jdk.internal.ref=ALL-UNNAMED, --add-opens=java.base/jdk.internal.reflect=ALL-UNNAMED, --add-opens=java.base/jdk.internal.math=ALL-UNNAMED, --add-opens=java.base/jdk.internal.module=ALL-UNNAMED, --add-opens=java.base/jdk.internal.util.jar=ALL-UNNAMED, --add-opens=jdk.management/com.sun.management.internal=ALL-UNNAMED, -Dio.netty.tryReflectionSetAccessible=true, -Xlog:gc=info,heap*=trace,age*=debug,safepoint=info,promotion*=trace:file=bin/../logs/gc.log:time,uptime,pid,tid,level:filecount=10,filesize=10485760, -Xms1954M, -Xmx1954M, -Xmn488M, -XX:+UseCondCardMark, -XX:CompileCommandFile=/workspace/cassandra/conf/hotspot_compiler, -javaagent:bin/../lib/jamm-0.3.2.jar, -Dcassandra.jmx.local.port=7199, -Dcom.sun.management.jmxremote.authenticate=false, -Dcom.sun.management.jmxremote.password.file=/etc/cassandra/jmxremote.password, -Djava.library.path=bin/../lib/sigar-bin, -XX:OnOutOfMemoryError=kill -9 %p, -Dlogback.configurationFile=logback.xml, -Dcassandra.logdir=bin/../logs, -Dcassandra.storagedir=bin/../data, -Dcassandra-foreground=yes]
WARN  [main] 2026-08-21 15:30:47,697 NativeLibrary.java:199 - Unable to lock JVM memory (ENOMEM). This can result in part of the JVM being swapped out, especially with mmapped I/O enabled. Increase RLIMIT_MEMLOCK.
INFO  [ScheduledTasks:1] 2026-08-21 15:30:47,702 StreamManager.java:260 - Storing streaming state for 3d or for 119156 elements
INFO  [main] 2026-08-21 15:30:47,714 MonotonicClock.java:208 - Scheduling approximate time conversion task with an interval of 10000 milliseconds
INFO  [main] 2026-08-21 15:30:47,716 MonotonicClock.java:344 - Scheduling approximate time-check task with a precision of 2 milliseconds
WARN  [main] 2026-08-21 15:30:47,758 StartupChecks.java:199 - jemalloc shared library could not be preloaded to speed up memory allocations
WARN  [main] 2026-08-21 15:30:47,759 StartupChecks.java:257 - JMX is not enabled to receive remote connections. Please see cassandra-env.sh for more info.
INFO  [main] 2026-08-21 15:30:47,761 SigarLibrary.java:46 - Initializing SIGAR library
WARN  [main] 2026-08-21 15:30:47,770 SigarLibrary.java:172 - Cassandra server running in degraded mode. Is swap disabled? : false,  Address space adequate? : true,  nofile limit adequate? : true, nproc limit adequate? : true 
WARN  [main] 2026-08-21 15:30:47,771 StartupChecks.java:492 - Maximum number of memory map areas per process (vm.max_map_count) 262144 is too low, recommended value: 1048575, you can change it with sysctl.
INFO  [main] 2026-08-21 15:30:48,290 Keyspace.java:394 - Creating replication strategy system params KeyspaceParams{durable_writes=true, replication=ReplicationParams{class=org.apache.cassandra.locator.LocalStrategy}}
INFO  [main] 2026-08-21 15:30:48,331 ColumnFamilyStore.java:484 - Initializing system.IndexInfo
INFO  [main] 2026-08-21 15:30:49,147 SkipListMemtable.java:254 - Estimated SkipListMemtable row overhead: 173
INFO  [main] 2026-08-21 15:30:49,214 ColumnFamilyStore.java:484 - Initializing system.batches
INFO  [main] 2026-08-21 15:30:49,221 ColumnFamilyStore.java:484 - Initializing system.paxos
INFO  [main] 2026-08-21 15:30:49,229 SecondaryIndexManager.java:211 - Index [PaxosUncommittedIndex] registered and writable.
INFO  [SecondaryIndexManagement:1] 2026-08-21 15:30:49,234 SecondaryIndexManager.java:666 - Index [PaxosUncommittedIndex] became queryable after successful build.
INFO  [main] 2026-08-21 15:30:49,275 ColumnFamilyStore.java:484 - Initializing system.paxos_repair_history
INFO  [main] 2026-08-21 15:30:49,281 ColumnFamilyStore.java:484 - Initializing system.local
INFO  [main] 2026-08-21 15:30:49,288 ColumnFamilyStore.java:484 - Initializing system.peers_v2
INFO  [main] 2026-08-21 15:30:49,296 ColumnFamilyStore.java:484 - Initializing system.peers
INFO  [main] 2026-08-21 15:30:49,305 ColumnFamilyStore.java:484 - Initializing system.peer_events_v2
INFO  [main] 2026-08-21 15:30:49,312 ColumnFamilyStore.java:484 - Initializing system.peer_events
INFO  [main] 2026-08-21 15:30:49,318 ColumnFamilyStore.java:484 - Initializing system.compaction_history
INFO  [main] 2026-08-21 15:30:49,327 ColumnFamilyStore.java:484 - Initializing system.sstable_activity
INFO  [main] 2026-08-21 15:30:49,336 ColumnFamilyStore.java:484 - Initializing system.sstable_activity_v2
INFO  [main] 2026-08-21 15:30:49,346 ColumnFamilyStore.java:484 - Initializing system.size_estimates
INFO  [main] 2026-08-21 15:30:49,362 ColumnFamilyStore.java:484 - Initializing system.table_estimates
INFO  [main] 2026-08-21 15:30:49,372 ColumnFamilyStore.java:484 - Initializing system.available_ranges_v2
INFO  [main] 2026-08-21 15:30:49,381 ColumnFamilyStore.java:484 - Initializing system.available_ranges
INFO  [main] 2026-08-21 15:30:49,391 ColumnFamilyStore.java:484 - Initializing system.transferred_ranges_v2
INFO  [main] 2026-08-21 15:30:49,400 ColumnFamilyStore.java:484 - Initializing system.transferred_ranges
INFO  [main] 2026-08-21 15:30:49,409 ColumnFamilyStore.java:484 - Initializing system.view_builds_in_progress
INFO  [main] 2026-08-21 15:30:49,418 ColumnFamilyStore.java:484 - Initializing system.built_views
INFO  [main] 2026-08-21 15:30:49,425 ColumnFamilyStore.java:484 - Initializing system.prepared_statements
INFO  [main] 2026-08-21 15:30:49,433 ColumnFamilyStore.java:484 - Initializing system.repairs
INFO  [main] 2026-08-21 15:30:49,442 ColumnFamilyStore.java:484 - Initializing system.top_partitions
INFO  [main] 2026-08-21 15:30:49,475 QueryProcessor.java:130 - Initialized prepared statement caches with 10 MiB
INFO  [main] 2026-08-21 15:30:49,580 Keyspace.java:394 - Creating replication strategy system_schema params KeyspaceParams{durable_writes=true, replication=ReplicationParams{class=org.apache.cassandra.locator.LocalStrategy}}
INFO  [main] 2026-08-21 15:30:49,586 ColumnFamilyStore.java:484 - Initializing system_schema.keyspaces
INFO  [main] 2026-08-21 15:30:49,594 ColumnFamilyStore.java:484 - Initializing system_schema.tables
INFO  [main] 2026-08-21 15:30:49,601 ColumnFamilyStore.java:484 - Initializing system_schema.columns
INFO  [main] 2026-08-21 15:30:49,607 ColumnFamilyStore.java:484 - Initializing system_schema.triggers
INFO  [main] 2026-08-21 15:30:49,614 ColumnFamilyStore.java:484 - Initializing system_schema.dropped_columns
INFO  [main] 2026-08-21 15:30:49,620 ColumnFamilyStore.java:484 - Initializing system_schema.views
INFO  [main] 2026-08-21 15:30:49,625 ColumnFamilyStore.java:484 - Initializing system_schema.types
INFO  [main] 2026-08-21 15:30:49,631 ColumnFamilyStore.java:484 - Initializing system_schema.functions
INFO  [main] 2026-08-21 15:30:49,637 ColumnFamilyStore.java:484 - Initializing system_schema.aggregates
INFO  [main] 2026-08-21 15:30:49,642 ColumnFamilyStore.java:484 - Initializing system_schema.indexes
INFO  [main] 2026-08-21 15:30:49,651 FileSystemOwnershipCheck.java:125 - Filesystem ownership check is not enabled.
WARN  [main] 2026-08-21 15:30:49,698 SystemKeyspace.java:1249 - No host ID found, created 92ef6793-031f-4c35-9139-b68e157af005 (Note: This should happen exactly once per node).
INFO  [main] 2026-08-21 15:30:49,702 ColumnFamilyStore.java:1012 - Enqueuing flush of system.local, Reason: INTERNALLY_FORCED, Usage: 1.880KiB (0%) on-heap, 0.000KiB (0%) off-heap
INFO  [MemtableFlushWriter:1] 2026-08-21 15:30:49,732 ActiveRepairService.java:235 - Storing repair state for 3d or for 100000 elements
INFO  [PerDiskMemtableFlushWriter_0:1] 2026-08-21 15:30:49,831 Flushing.java:145 - Writing Memtable-local@1113043491(0.375KiB serialized bytes, 2 ops, 1.880KiB (0%) on-heap, 0.000KiB (0%) off-heap), flushed range = [null, null)
INFO  [PerDiskMemtableFlushWriter_0:1] 2026-08-21 15:30:49,852 Flushing.java:171 - Completed flushing /workspace/cassandra/data/data/system/local-7ad54392bcdd35a684174e047860b377/nb-1-big-Data.db (0.190KiB) for commitlog position CommitLogPosition(segmentId=1787326247751, position=466)
INFO  [MemtableFlushWriter:1] 2026-08-21 15:30:49,995 LogTransaction.java:242 - Unfinished transaction log, deleting /workspace/cassandra/data/data/system/local-7ad54392bcdd35a684174e047860b377/nb_txn_flush_499f30e0-9d75-11f1-8b0e-6b7c0be8c430.log 
INFO  [MemtableFlushWriter:1] 2026-08-21 15:30:50,010 CacheService.java:101 - Initializing key cache with capacity of 95 MiBs.
INFO  [MemtableFlushWriter:1] 2026-08-21 15:30:50,019 CacheService.java:123 - Initializing row cache with capacity of 0 MiBs
INFO  [MemtableFlushWriter:1] 2026-08-21 15:30:50,021 CacheService.java:152 - Initializing counter cache with capacity of 47 MiBs
INFO  [MemtableFlushWriter:1] 2026-08-21 15:30:50,023 CacheService.java:163 - Scheduling counter cache save to every 7200 seconds (going to save all keys).
INFO  [main] 2026-08-21 15:30:50,045 SystemKeyspaceMigrator41.java:184 - peers_v2 table was empty, migrating legacy peers, if this fails you should fix the issue and then truncate peers_v2 to have it try again.
INFO  [main] 2026-08-21 15:30:50,055 SystemKeyspaceMigrator41.java:193 - Migrating rows from legacy peers to peers_v2
INFO  [main] 2026-08-21 15:30:50,056 SystemKeyspaceMigrator41.java:202 - Migrated 0 rows from legacy peers to peers_v2
INFO  [main] 2026-08-21 15:30:50,057 SystemKeyspaceMigrator41.java:184 - peer_events_v2 table was empty, migrating legacy peer_events, if this fails you should fix the issue and then truncate peer_events_v2 to have it try again.
INFO  [main] 2026-08-21 15:30:50,059 SystemKeyspaceMigrator41.java:193 - Migrating rows from legacy peer_events to peer_events_v2
INFO  [main] 2026-08-21 15:30:50,060 SystemKeyspaceMigrator41.java:202 - Migrated 0 rows from legacy peer_events to peer_events_v2
INFO  [main] 2026-08-21 15:30:50,061 SystemKeyspaceMigrator41.java:184 - transferred_ranges_v2 table was empty, migrating legacy transferred_ranges, if this fails you should fix the issue and then truncate transferred_ranges_v2 to have it try again.
INFO  [main] 2026-08-21 15:30:50,062 SystemKeyspaceMigrator41.java:193 - Migrating rows from legacy transferred_ranges to transferred_ranges_v2
INFO  [main] 2026-08-21 15:30:50,063 SystemKeyspaceMigrator41.java:202 - Migrated 0 rows from legacy transferred_ranges to transferred_ranges_v2
INFO  [main] 2026-08-21 15:30:50,064 SystemKeyspaceMigrator41.java:184 - available_ranges_v2 table was empty, migrating legacy available_ranges, if this fails you should fix the issue and then truncate available_ranges_v2 to have it try again.
INFO  [main] 2026-08-21 15:30:50,066 SystemKeyspaceMigrator41.java:193 - Migrating rows from legacy available_ranges to available_ranges_v2
INFO  [main] 2026-08-21 15:30:50,067 SystemKeyspaceMigrator41.java:202 - Migrated 0 rows from legacy available_ranges to available_ranges_v2
INFO  [main] 2026-08-21 15:30:50,068 ColumnFamilyStore.java:2594 - Truncating system.sstable_activity_v2
INFO  [main] 2026-08-21 15:30:50,075 ColumnFamilyStore.java:2628 - Truncating system.sstable_activity_v2 with truncatedAt=1787326250073
INFO  [main] 2026-08-21 15:30:50,085 ColumnFamilyStore.java:1012 - Enqueuing flush of system.local, Reason: INTERNALLY_FORCED, Usage: 0.646KiB (0%) on-heap, 0.000KiB (0%) off-heap
INFO  [MemtableFlushWriter:1] 2026-08-21 15:30:50,102 BufferPools.java:49 - Global buffer pool limit is 476.000MiB for chunk-cache and 119.000MiB for networking
INFO  [PerDiskMemtableFlushWriter_0:2] 2026-08-21 15:30:50,166 Flushing.java:145 - Writing Memtable-local@1376780280(0.091KiB serialized bytes, 1 ops, 0.646KiB (0%) on-heap, 0.000KiB (0%) off-heap), flushed range = [null, null)
INFO  [PerDiskMemtableFlushWriter_0:2] 2026-08-21 15:30:50,167 Flushing.java:171 - Completed flushing /workspace/cassandra/data/data/system/local-7ad54392bcdd35a684174e047860b377/nb-2-big-Data.db (0.063KiB) for commitlog position CommitLogPosition(segmentId=1787326247751, position=577)
INFO  [MemtableFlushWriter:1] 2026-08-21 15:30:50,272 LogTransaction.java:242 - Unfinished transaction log, deleting /workspace/cassandra/data/data/system/local-7ad54392bcdd35a684174e047860b377/nb_txn_flush_49d89060-9d75-11f1-8b0e-6b7c0be8c430.log 
INFO  [main] 2026-08-21 15:30:50,285 ColumnFamilyStore.java:2655 - Truncate of system.sstable_activity_v2 is complete
INFO  [main] 2026-08-21 15:30:50,286 SystemKeyspaceMigrator41.java:184 - sstable_activity_v2 table was empty, migrating legacy sstable_activity, if this fails you should fix the issue and then truncate sstable_activity_v2 to have it try again.
INFO  [main] 2026-08-21 15:30:50,288 SystemKeyspaceMigrator41.java:193 - Migrating rows from legacy sstable_activity to sstable_activity_v2
INFO  [main] 2026-08-21 15:30:50,288 SystemKeyspaceMigrator41.java:202 - Migrated 0 rows from legacy sstable_activity to sstable_activity_v2
INFO  [main] 2026-08-21 15:30:50,289 StorageService.java:1009 - Populating token metadata from system tables
INFO  [main] 2026-08-21 15:30:50,360 StorageService.java:1003 - Token metadata: 
INFO  [loadSavedCache:1] 2026-08-21 15:30:50,445 AutoSavingCache.java:168 - Completed loading (1 ms; 2 keys) KeyCache cache
INFO  [main] 2026-08-21 15:30:50,551 CommitLog.java:198 - No commitlog files found; skipping replay
INFO  [main] 2026-08-21 15:30:50,552 StorageService.java:1009 - Populating token metadata from system tables
INFO  [main] 2026-08-21 15:30:50,599 StorageService.java:1003 - Token metadata: 
INFO  [main] 2026-08-21 15:30:50,599 PaxosStateTracker.java:167 - Beginning uncommitted paxos data rebuild. Set -Dcassandra.skip_paxos_state_rebuild=true and restart to skip
INFO  [main] 2026-08-21 15:30:50,601 PaxosUncommittedTracker.java:223 - truncating paxos uncommitted info
INFO  [main] 2026-08-21 15:30:50,602 PaxosUncommittedTracker.java:233 - enabling PaxosUncommittedTracker
INFO  [main] 2026-08-21 15:30:50,606 PaxosStateTracker.java:306 - Uncommitted paxos data rebuild completed
INFO  [main] 2026-08-21 15:30:50,662 ColumnFamilyStore.java:2594 - Truncating system.size_estimates
INFO  [main] 2026-08-21 15:30:50,663 ColumnFamilyStore.java:2628 - Truncating system.size_estimates with truncatedAt=1787326250663
INFO  [main] 2026-08-21 15:30:50,665 ColumnFamilyStore.java:1012 - Enqueuing flush of system.local, Reason: INTERNALLY_FORCED, Usage: 0.646KiB (0%) on-heap, 0.000KiB (0%) off-heap
INFO  [PerDiskMemtableFlushWriter_0:1] 2026-08-21 15:30:50,709 Flushing.java:145 - Writing Memtable-local@1774472659(0.091KiB serialized bytes, 1 ops, 0.646KiB (0%) on-heap, 0.000KiB (0%) off-heap), flushed range = [null, null)
INFO  [PerDiskMemtableFlushWriter_0:1] 2026-08-21 15:30:50,711 Flushing.java:171 - Completed flushing /workspace/cassandra/data/data/system/local-7ad54392bcdd35a684174e047860b377/nb-3-big-Data.db (0.063KiB) for commitlog position CommitLogPosition(segmentId=1787326247751, position=688)
INFO  [MemtableFlushWriter:1] 2026-08-21 15:30:50,809 LogTransaction.java:242 - Unfinished transaction log, deleting /workspace/cassandra/data/data/system/local-7ad54392bcdd35a684174e047860b377/nb_txn_flush_4a3110a0-9d75-11f1-8b0e-6b7c0be8c430.log 
INFO  [main] 2026-08-21 15:30:50,822 ColumnFamilyStore.java:2655 - Truncate of system.size_estimates is complete
INFO  [main] 2026-08-21 15:30:50,823 ColumnFamilyStore.java:2594 - Truncating system.table_estimates
INFO  [main] 2026-08-21 15:30:50,824 ColumnFamilyStore.java:2628 - Truncating system.table_estimates with truncatedAt=1787326250824
INFO  [main] 2026-08-21 15:30:50,826 ColumnFamilyStore.java:1012 - Enqueuing flush of system.local, Reason: INTERNALLY_FORCED, Usage: 0.646KiB (0%) on-heap, 0.000KiB (0%) off-heap
INFO  [PerDiskMemtableFlushWriter_0:2] 2026-08-21 15:30:50,874 Flushing.java:145 - Writing Memtable-local@1556618185(0.091KiB serialized bytes, 1 ops, 0.646KiB (0%) on-heap, 0.000KiB (0%) off-heap), flushed range = [null, null)
INFO  [PerDiskMemtableFlushWriter_0:2] 2026-08-21 15:30:50,875 Flushing.java:171 - Completed flushing /workspace/cassandra/data/data/system/local-7ad54392bcdd35a684174e047860b377/nb-4-big-Data.db (0.063KiB) for commitlog position CommitLogPosition(segmentId=1787326247751, position=799)
INFO  [MemtableFlushWriter:1] 2026-08-21 15:30:51,001 LogTransaction.java:242 - Unfinished transaction log, deleting /workspace/cassandra/data/data/system/local-7ad54392bcdd35a684174e047860b377/nb_txn_flush_4a49a1b0-9d75-11f1-8b0e-6b7c0be8c430.log 
INFO  [main] 2026-08-21 15:30:51,013 ColumnFamilyStore.java:2655 - Truncate of system.table_estimates is complete
INFO  [main] 2026-08-21 15:30:51,020 QueryProcessor.java:182 - Preloaded 0 prepared statements
INFO  [main] 2026-08-21 15:30:51,021 StorageService.java:900 - Cassandra version: 4.1.8-SNAPSHOT
INFO  [main] 2026-08-21 15:30:51,021 StorageService.java:901 - CQL version: 3.4.6
INFO  [main] 2026-08-21 15:30:51,022 StorageService.java:902 - Native protocol supported versions: 3/v3, 4/v4, 5/v5, 6/v6-beta (default: 5/v5)
INFO  [main] 2026-08-21 15:30:51,052 IndexSummaryManager.java:86 - Initializing index summary manager with a memory pool size of 95 MB and a resize interval of 60 minutes
INFO  [main] 2026-08-21 15:30:51,054 StorageService.java:919 - Loading persisted ring state
INFO  [main] 2026-08-21 15:30:51,055 StorageService.java:1009 - Populating token metadata from system tables
INFO  [main] 2026-08-21 15:30:51,064 InboundConnectionInitiator.java:149 - Listening on address: (localhost/127.0.0.1:7000), nic: lo, encryption: unencrypted
INFO  [main] 2026-08-21 15:30:51,216 StorageService.java:812 - Unable to gossip with any peers but continuing anyway since node is in its own seed list
INFO  [main] 2026-08-21 15:30:51,300 StorageService.java:1135 - Starting up server gossip
INFO  [main] 2026-08-21 15:30:51,310 ColumnFamilyStore.java:1012 - Enqueuing flush of system.local, Reason: INTERNALLY_FORCED, Usage: 0.529KiB (0%) on-heap, 0.000KiB (0%) off-heap
INFO  [PerDiskMemtableFlushWriter_0:1] 2026-08-21 15:30:51,387 Flushing.java:145 - Writing Memtable-local@1296408744(0.048KiB serialized bytes, 1 ops, 0.529KiB (0%) on-heap, 0.000KiB (0%) off-heap), flushed range = [null, null)
INFO  [PerDiskMemtableFlushWriter_0:1] 2026-08-21 15:30:51,388 Flushing.java:171 - Completed flushing /workspace/cassandra/data/data/system/local-7ad54392bcdd35a684174e047860b377/nb-5-big-Data.db (0.028KiB) for commitlog position CommitLogPosition(segmentId=1787326247751, position=880)
INFO  [MemtableFlushWriter:2] 2026-08-21 15:30:51,486 LogTransaction.java:242 - Unfinished transaction log, deleting /workspace/cassandra/data/data/system/local-7ad54392bcdd35a684174e047860b377/nb_txn_flush_4a93a300-9d75-11f1-8b0e-6b7c0be8c430.log 
INFO  [main] 2026-08-21 15:30:51,667 MigrationCoordinator.java:259 - Starting migration coordinator and scheduling pulling schema versions every PT1M
INFO  [main] 2026-08-21 15:30:51,692 SnapshotManager.java:130 - Scheduling expired snapshot cleanup with initialDelaySeconds=5 and cleanupPeriodSeconds=60
INFO  [main] 2026-08-21 15:30:52,021 StorageService.java:1213 - This node will not auto bootstrap because it is configured to be a seed node.
INFO  [main] 2026-08-21 15:31:22,042 TokenAllocatorFactory.java:44 - Using ReplicationAwareTokenAllocator.
INFO  [main] 2026-08-21 15:31:22,067 TokenAllocation.java:106 - Selected tokens [5649723874096701670, -1588612690884767029, -6398962650126666463, 2758679492712626832, -8996131398339823836, -3524286449068141045, 923156155357849022, 7860608122855829141, 4570351066649100012, -4620328349303079334, -7377108102642780538, -148344460982183790, 6893243879777293642, -2432989338375928785, 1941007560100276037, 3834435373938206371]
INFO  [main] 2026-08-21 15:31:22,081 ColumnFamilyStore.java:1012 - Enqueuing flush of system_schema.columns, Reason: INTERNALLY_FORCED, Usage: 180.334KiB (0%) on-heap, 0.000KiB (0%) off-heap
INFO  [PerDiskMemtableFlushWriter_0:2] 2026-08-21 15:31:22,125 Flushing.java:145 - Writing Memtable-columns@1492620424(37.780KiB serialized bytes, 250 ops, 180.334KiB (0%) on-heap, 0.000KiB (0%) off-heap), flushed range = [null, null)
INFO  [PerDiskMemtableFlushWriter_0:2] 2026-08-21 15:31:22,141 Flushing.java:171 - Completed flushing /workspace/cassandra/data/data/system_schema/columns-24101c25a2ae3af787c1b40ee1aca33f/nb-1-big-Data.db (18.605KiB) for commitlog position CommitLogPosition(segmentId=1787326247751, position=36768)
INFO  [MemtableFlushWriter:1] 2026-08-21 15:31:22,235 LogTransaction.java:242 - Unfinished transaction log, deleting /workspace/cassandra/data/data/system_schema/columns-24101c25a2ae3af787c1b40ee1aca33f/nb_txn_flush_5ceac420-9d75-11f1-8b0e-6b7c0be8c430.log 
INFO  [main] 2026-08-21 15:31:22,247 ColumnFamilyStore.java:1012 - Enqueuing flush of system_schema.dropped_columns, Reason: INTERNALLY_FORCED, Usage: 1.206KiB (0%) on-heap, 0.000KiB (0%) off-heap
INFO  [PerDiskMemtableFlushWriter_0:1] 2026-08-21 15:31:22,288 Flushing.java:145 - Writing Memtable-dropped_columns@536145311(0.120KiB serialized bytes, 3 ops, 1.206KiB (0%) on-heap, 0.000KiB (0%) off-heap), flushed range = [null, null)
INFO  [PerDiskMemtableFlushWriter_0:1] 2026-08-21 15:31:22,290 Flushing.java:171 - Completed flushing /workspace/cassandra/data/data/system_schema/dropped_columns-5e7583b5f3f43af19a39b7e1d6f5f11f/nb-1-big-Data.db (0.097KiB) for commitlog position CommitLogPosition(segmentId=1787326247751, position=36776)
INFO  [MemtableFlushWriter:2] 2026-08-21 15:31:22,385 LogTransaction.java:242 - Unfinished transaction log, deleting /workspace/cassandra/data/data/system_schema/dropped_columns-5e7583b5f3f43af19a39b7e1d6f5f11f/nb_txn_flush_5d041880-9d75-11f1-8b0e-6b7c0be8c430.log 
INFO  [main] 2026-08-21 15:31:22,397 ColumnFamilyStore.java:1012 - Enqueuing flush of system_schema.triggers, Reason: INTERNALLY_FORCED, Usage: 0.606KiB (0%) on-heap, 0.000KiB (0%) off-heap
INFO  [PerDiskMemtableFlushWriter_0:2] 2026-08-21 15:31:22,442 Flushing.java:145 - Writing Memtable-triggers@502600178(0.016KiB serialized bytes, 2 ops, 0.606KiB (0%) on-heap, 0.000KiB (0%) off-heap), flushed range = [null, null)
INFO  [PerDiskMemtableFlushWriter_0:2] 2026-08-21 15:31:22,444 Flushing.java:171 - Completed flushing /workspace/cassandra/data/data/system_schema/triggers-4df70b666b05325195a132b54005fd48/nb-1-big-Data.db (0.048KiB) for commitlog position CommitLogPosition(segmentId=1787326247751, position=36776)
INFO  [MemtableFlushWriter:1] 2026-08-21 15:31:22,542 LogTransaction.java:242 - Unfinished transaction log, deleting /workspace/cassandra/data/data/system_schema/triggers-4df70b666b05325195a132b54005fd48/nb_txn_flush_5d1afbe0-9d75-11f1-8b0e-6b7c0be8c430.log 
INFO  [main] 2026-08-21 15:31:22,555 ColumnFamilyStore.java:1012 - Enqueuing flush of system_schema.types, Reason: INTERNALLY_FORCED, Usage: 0.606KiB (0%) on-heap, 0.000KiB (0%) off-heap
INFO  [PerDiskMemtableFlushWriter_0:1] 2026-08-21 15:31:22,598 Flushing.java:145 - Writing Memtable-types@1807614868(0.016KiB serialized bytes, 2 ops, 0.606KiB (0%) on-heap, 0.000KiB (0%) off-heap), flushed range = [null, null)
INFO  [PerDiskMemtableFlushWriter_0:1] 2026-08-21 15:31:22,600 Flushing.java:171 - Completed flushing /workspace/cassandra/data/data/system_schema/types-5a8b1ca866023f77a0459273d308917a/nb-1-big-Data.db (0.048KiB) for commitlog position CommitLogPosition(segmentId=1787326247751, position=36776)
INFO  [MemtableFlushWriter:2] 2026-08-21 15:31:22,706 LogTransaction.java:242 - Unfinished transaction log, deleting /workspace/cassandra/data/data/system_schema/types-5a8b1ca866023f77a0459273d308917a/nb_txn_flush_5d3317c0-9d75-11f1-8b0e-6b7c0be8c430.log 
INFO  [main] 2026-08-21 15:31:22,718 ColumnFamilyStore.java:1012 - Enqueuing flush of system_schema.functions, Reason: INTERNALLY_FORCED, Usage: 0.606KiB (0%) on-heap, 0.000KiB (0%) off-heap
INFO  [PerDiskMemtableFlushWriter_0:2] 2026-08-21 15:31:22,764 Flushing.java:145 - Writing Memtable-functions@816373131(0.016KiB serialized bytes, 2 ops, 0.606KiB (0%) on-heap, 0.000KiB (0%) off-heap), flushed range = [null, null)
INFO  [PerDiskMemtableFlushWriter_0:2] 2026-08-21 15:31:22,765 Flushing.java:171 - Completed flushing /workspace/cassandra/data/data/system_schema/functions-96489b7980be3e14a70166a0b9159450/nb-1-big-Data.db (0.048KiB) for commitlog position CommitLogPosition(segmentId=1787326247751, position=36776)
INFO  [MemtableFlushWriter:1] 2026-08-21 15:31:22,862 LogTransaction.java:242 - Unfinished transaction log, deleting /workspace/cassandra/data/data/system_schema/functions-96489b7980be3e14a70166a0b9159450/nb_txn_flush_5d4c1e00-9d75-11f1-8b0e-6b7c0be8c430.log 
INFO  [main] 2026-08-21 15:31:22,874 ColumnFamilyStore.java:1012 - Enqueuing flush of system_schema.aggregates, Reason: INTERNALLY_FORCED, Usage: 0.606KiB (0%) on-heap, 0.000KiB (0%) off-heap
INFO  [PerDiskMemtableFlushWriter_0:1] 2026-08-21 15:31:22,915 Flushing.java:145 - Writing Memtable-aggregates@543125989(0.016KiB serialized bytes, 2 ops, 0.606KiB (0%) on-heap, 0.000KiB (0%) off-heap), flushed range = [null, null)
INFO  [PerDiskMemtableFlushWriter_0:1] 2026-08-21 15:31:22,916 Flushing.java:171 - Completed flushing /workspace/cassandra/data/data/system_schema/aggregates-924c55872e3a345bb10c12f37c1ba895/nb-1-big-Data.db (0.048KiB) for commitlog position CommitLogPosition(segmentId=1787326247751, position=36776)
INFO  [MemtableFlushWriter:2] 2026-08-21 15:31:23,007 LogTransaction.java:242 - Unfinished transaction log, deleting /workspace/cassandra/data/data/system_schema/aggregates-924c55872e3a345bb10c12f37c1ba895/nb_txn_flush_5d63c4b0-9d75-11f1-8b0e-6b7c0be8c430.log 
INFO  [main] 2026-08-21 15:31:23,019 ColumnFamilyStore.java:1012 - Enqueuing flush of system_schema.indexes, Reason: INTERNALLY_FORCED, Usage: 1.216KiB (0%) on-heap, 0.000KiB (0%) off-heap
INFO  [PerDiskMemtableFlushWriter_0:2] 2026-08-21 15:31:23,065 Flushing.java:145 - Writing Memtable-indexes@748850692(0.200KiB serialized bytes, 3 ops, 1.216KiB (0%) on-heap, 0.000KiB (0%) off-heap), flushed range = [null, null)
INFO  [PerDiskMemtableFlushWriter_0:2] 2026-08-21 15:31:23,067 Flushing.java:171 - Completed flushing /workspace/cassandra/data/data/system_schema/indexes-0feb57ac311f382fba6d9024d305702f/nb-1-big-Data.db (0.191KiB) for commitlog position CommitLogPosition(segmentId=1787326247751, position=36776)
INFO  [MemtableFlushWriter:1] 2026-08-21 15:31:23,183 LogTransaction.java:242 - Unfinished transaction log, deleting /workspace/cassandra/data/data/system_schema/indexes-0feb57ac311f382fba6d9024d305702f/nb_txn_flush_5d79e4c0-9d75-11f1-8b0e-6b7c0be8c430.log 
INFO  [main] 2026-08-21 15:31:23,195 ColumnFamilyStore.java:1012 - Enqueuing flush of system_schema.tables, Reason: INTERNALLY_FORCED, Usage: 82.674KiB (0%) on-heap, 0.000KiB (0%) off-heap
INFO  [PerDiskMemtableFlushWriter_0:1] 2026-08-21 15:31:23,241 Flushing.java:145 - Writing Memtable-tables@1082119590(25.119KiB serialized bytes, 37 ops, 82.674KiB (0%) on-heap, 0.000KiB (0%) off-heap), flushed range = [null, null)
INFO  [PerDiskMemtableFlushWriter_0:1] 2026-08-21 15:31:23,243 Flushing.java:171 - Completed flushing /workspace/cassandra/data/data/system_schema/tables-afddfb9dbc1e30688056eed6c302ba09/nb-1-big-Data.db (15.487KiB) for commitlog position CommitLogPosition(segmentId=1787326247751, position=36776)
INFO  [MemtableFlushWriter:2] 2026-08-21 15:31:23,344 LogTransaction.java:242 - Unfinished transaction log, deleting /workspace/cassandra/data/data/system_schema/tables-afddfb9dbc1e30688056eed6c302ba09/nb_txn_flush_5d94bfc0-9d75-11f1-8b0e-6b7c0be8c430.log 
INFO  [main] 2026-08-21 15:31:23,356 ColumnFamilyStore.java:1012 - Enqueuing flush of system_schema.views, Reason: INTERNALLY_FORCED, Usage: 0.606KiB (0%) on-heap, 0.000KiB (0%) off-heap
INFO  [PerDiskMemtableFlushWriter_0:2] 2026-08-21 15:31:23,406 Flushing.java:145 - Writing Memtable-views@1209343180(0.016KiB serialized bytes, 2 ops, 0.606KiB (0%) on-heap, 0.000KiB (0%) off-heap), flushed range = [null, null)
INFO  [PerDiskMemtableFlushWriter_0:2] 2026-08-21 15:31:23,408 Flushing.java:171 - Completed flushing /workspace/cassandra/data/data/system_schema/views-9786ac1cdd583201a7cdad556410c985/nb-1-big-Data.db (0.048KiB) for commitlog position CommitLogPosition(segmentId=1787326247751, position=36776)
INFO  [MemtableFlushWriter:1] 2026-08-21 15:31:23,521 LogTransaction.java:242 - Unfinished transaction log, deleting /workspace/cassandra/data/data/system_schema/views-9786ac1cdd583201a7cdad556410c985/nb_txn_flush_5dad77e0-9d75-11f1-8b0e-6b7c0be8c430.log 
INFO  [main] 2026-08-21 15:31:23,535 ColumnFamilyStore.java:1012 - Enqueuing flush of system_schema.keyspaces, Reason: INTERNALLY_FORCED, Usage: 2.194KiB (0%) on-heap, 0.000KiB (0%) off-heap
INFO  [PerDiskMemtableFlushWriter_0:1] 2026-08-21 15:31:23,583 Flushing.java:145 - Writing Memtable-keyspaces@2027900963(0.382KiB serialized bytes, 5 ops, 2.194KiB (0%) on-heap, 0.000KiB (0%) off-heap), flushed range = [null, null)
INFO  [PerDiskMemtableFlushWriter_0:1] 2026-08-21 15:31:23,585 Flushing.java:171 - Completed flushing /workspace/cassandra/data/data/system_schema/keyspaces-abac5682dea631c5b535b3d6cffd0fb6/nb-1-big-Data.db (0.311KiB) for commitlog position CommitLogPosition(segmentId=1787326247751, position=36776)
INFO  [MemtableFlushWriter:2] 2026-08-21 15:31:23,691 LogTransaction.java:242 - Unfinished transaction log, deleting /workspace/cassandra/data/data/system_schema/keyspaces-abac5682dea631c5b535b3d6cffd0fb6/nb_txn_flush_5dc8a100-9d75-11f1-8b0e-6b7c0be8c430.log 
INFO  [main] 2026-08-21 15:31:23,724 Keyspace.java:394 - Creating replication strategy system_traces params KeyspaceParams{durable_writes=true, replication=ReplicationParams{class=org.apache.cassandra.locator.SimpleStrategy, replication_factor=2}}
INFO  [main] 2026-08-21 15:31:23,728 ColumnFamilyStore.java:484 - Initializing system_traces.sessions
INFO  [main] 2026-08-21 15:31:23,734 ColumnFamilyStore.java:484 - Initializing system_traces.events
INFO  [main] 2026-08-21 15:31:23,763 ColumnFamilyStore.java:1012 - Enqueuing flush of system_schema.columns, Reason: INTERNALLY_FORCED, Usage: 23.758KiB (0%) on-heap, 0.000KiB (0%) off-heap
INFO  [PerDiskMemtableFlushWriter_0:2] 2026-08-21 15:31:23,810 Flushing.java:145 - Writing Memtable-columns@2111499965(5.126KiB serialized bytes, 32 ops, 23.758KiB (0%) on-heap, 0.000KiB (0%) off-heap), flushed range = [null, null)
INFO  [PerDiskMemtableFlushWriter_0:2] 2026-08-21 15:31:23,812 Flushing.java:171 - Completed flushing /workspace/cassandra/data/data/system_schema/columns-24101c25a2ae3af787c1b40ee1aca33f/nb-2-big-Data.db (2.494KiB) for commitlog position CommitLogPosition(segmentId=1787326247751, position=41875)
INFO  [MemtableFlushWriter:1] 2026-08-21 15:31:23,915 LogTransaction.java:242 - Unfinished transaction log, deleting /workspace/cassandra/data/data/system_schema/columns-24101c25a2ae3af787c1b40ee1aca33f/nb_txn_flush_5deb6b40-9d75-11f1-8b0e-6b7c0be8c430.log 
INFO  [main] 2026-08-21 15:31:23,934 ColumnFamilyStore.java:1012 - Enqueuing flush of system_schema.tables, Reason: INTERNALLY_FORCED, Usage: 9.837KiB (0%) on-heap, 0.000KiB (0%) off-heap
INFO  [PerDiskMemtableFlushWriter_0:1] 2026-08-21 15:31:23,982 Flushing.java:145 - Writing Memtable-tables@1676041743(3.006KiB serialized bytes, 4 ops, 9.837KiB (0%) on-heap, 0.000KiB (0%) off-heap), flushed range = [null, null)
INFO  [PerDiskMemtableFlushWriter_0:1] 2026-08-21 15:31:23,984 Flushing.java:171 - Completed flushing /workspace/cassandra/data/data/system_schema/tables-afddfb9dbc1e30688056eed6c302ba09/nb-2-big-Data.db (1.910KiB) for commitlog position CommitLogPosition(segmentId=1787326247751, position=41883)
INFO  [MemtableFlushWriter:2] 2026-08-21 15:31:24,090 LogTransaction.java:242 - Unfinished transaction log, deleting /workspace/cassandra/data/data/system_schema/tables-afddfb9dbc1e30688056eed6c302ba09/nb_txn_flush_5e0582f0-9d75-11f1-8b0e-6b7c0be8c430.log 
INFO  [main] 2026-08-21 15:31:24,104 ColumnFamilyStore.java:1012 - Enqueuing flush of system_schema.keyspaces, Reason: INTERNALLY_FORCED, Usage: 0.726KiB (0%) on-heap, 0.000KiB (0%) off-heap
INFO  [PerDiskMemtableFlushWriter_0:2] 2026-08-21 15:31:24,152 Flushing.java:145 - Writing Memtable-keyspaces@191377416(0.146KiB serialized bytes, 1 ops, 0.726KiB (0%) on-heap, 0.000KiB (0%) off-heap), flushed range = [null, null)
INFO  [PerDiskMemtableFlushWriter_0:2] 2026-08-21 15:31:24,153 Flushing.java:171 - Completed flushing /workspace/cassandra/data/data/system_schema/keyspaces-abac5682dea631c5b535b3d6cffd0fb6/nb-2-big-Data.db (0.125KiB) for commitlog position CommitLogPosition(segmentId=1787326247751, position=41883)
INFO  [MemtableFlushWriter:1] 2026-08-21 15:31:24,295 LogTransaction.java:242 - Unfinished transaction log, deleting /workspace/cassandra/data/data/system_schema/keyspaces-abac5682dea631c5b535b3d6cffd0fb6/nb_txn_flush_5e1f7390-9d75-11f1-8b0e-6b7c0be8c430.log 
INFO  [main] 2026-08-21 15:31:24,318 Keyspace.java:394 - Creating replication strategy system_distributed params KeyspaceParams{durable_writes=true, replication=ReplicationParams{class=org.apache.cassandra.locator.SimpleStrategy, replication_factor=3}}
INFO  [main] 2026-08-21 15:31:24,320 ColumnFamilyStore.java:484 - Initializing system_distributed.repair_history
INFO  [main] 2026-08-21 15:31:24,325 ColumnFamilyStore.java:484 - Initializing system_distributed.parent_repair_history
INFO  [main] 2026-08-21 15:31:24,330 ColumnFamilyStore.java:484 - Initializing system_distributed.view_build_status
INFO  [main] 2026-08-21 15:31:24,344 ColumnFamilyStore.java:484 - Initializing system_distributed.partition_denylist
INFO  [main] 2026-08-21 15:31:24,355 ColumnFamilyStore.java:1012 - Enqueuing flush of system_schema.columns, Reason: INTERNALLY_FORCED, Usage: 10.398KiB (0%) on-heap, 0.000KiB (0%) off-heap
INFO  [PerDiskMemtableFlushWriter_0:1] 2026-08-21 15:31:24,403 Flushing.java:145 - Writing Memtable-columns@955108303(2.092KiB serialized bytes, 14 ops, 10.398KiB (0%) on-heap, 0.000KiB (0%) off-heap), flushed range = [null, null)
INFO  [PerDiskMemtableFlushWriter_0:1] 2026-08-21 15:31:24,405 Flushing.java:171 - Completed flushing /workspace/cassandra/data/data/system_schema/columns-24101c25a2ae3af787c1b40ee1aca33f/nb-3-big-Data.db (0.947KiB) for commitlog position CommitLogPosition(segmentId=1787326247751, position=45747)
INFO  [MemtableFlushWriter:2] 2026-08-21 15:31:24,520 LogTransaction.java:242 - Unfinished transaction log, deleting /workspace/cassandra/data/data/system_schema/columns-24101c25a2ae3af787c1b40ee1aca33f/nb_txn_flush_5e45c040-9d75-11f1-8b0e-6b7c0be8c430.log 
INFO  [main] 2026-08-21 15:31:24,532 ColumnFamilyStore.java:1012 - Enqueuing flush of system_schema.tables, Reason: INTERNALLY_FORCED, Usage: 12.048KiB (0%) on-heap, 0.000KiB (0%) off-heap
INFO  [PerDiskMemtableFlushWriter_0:2] 2026-08-21 15:31:24,573 Flushing.java:145 - Writing Memtable-tables@855789007(3.619KiB serialized bytes, 5 ops, 12.048KiB (0%) on-heap, 0.000KiB (0%) off-heap), flushed range = [null, null)
INFO  [PerDiskMemtableFlushWriter_0:2] 2026-08-21 15:31:24,574 Flushing.java:171 - Completed flushing /workspace/cassandra/data/data/system_schema/tables-afddfb9dbc1e30688056eed6c302ba09/nb-3-big-Data.db (2.234KiB) for commitlog position CommitLogPosition(segmentId=1787326247751, position=45755)
INFO  [MemtableFlushWriter:1] 2026-08-21 15:31:24,671 LogTransaction.java:242 - Unfinished transaction log, deleting /workspace/cassandra/data/data/system_schema/tables-afddfb9dbc1e30688056eed6c302ba09/nb_txn_flush_5e60c250-9d75-11f1-8b0e-6b7c0be8c430.log 
INFO  [main] 2026-08-21 15:31:24,682 ColumnFamilyStore.java:1012 - Enqueuing flush of system_schema.keyspaces, Reason: INTERNALLY_FORCED, Usage: 0.719KiB (0%) on-heap, 0.000KiB (0%) off-heap
INFO  [PerDiskMemtableFlushWriter_0:1] 2026-08-21 15:31:24,725 Flushing.java:145 - Writing Memtable-keyspaces@109181841(0.146KiB serialized bytes, 1 ops, 0.719KiB (0%) on-heap, 0.000KiB (0%) off-heap), flushed range = [null, null)
INFO  [PerDiskMemtableFlushWriter_0:1] 2026-08-21 15:31:24,726 Flushing.java:171 - Completed flushing /workspace/cassandra/data/data/system_schema/keyspaces-abac5682dea631c5b535b3d6cffd0fb6/nb-3-big-Data.db (0.118KiB) for commitlog position CommitLogPosition(segmentId=1787326247751, position=45755)
INFO  [MemtableFlushWriter:2] 2026-08-21 15:31:24,822 LogTransaction.java:242 - Unfinished transaction log, deleting /workspace/cassandra/data/data/system_schema/keyspaces-abac5682dea631c5b535b3d6cffd0fb6/nb_txn_flush_5e77a5b0-9d75-11f1-8b0e-6b7c0be8c430.log 
INFO  [main] 2026-08-21 15:31:24,847 Keyspace.java:394 - Creating replication strategy system_auth params KeyspaceParams{durable_writes=true, replication=ReplicationParams{class=org.apache.cassandra.locator.SimpleStrategy, replication_factor=1}}
INFO  [main] 2026-08-21 15:31:24,853 ColumnFamilyStore.java:484 - Initializing system_auth.roles
INFO  [main] 2026-08-21 15:31:24,860 ColumnFamilyStore.java:484 - Initializing system_auth.role_members
INFO  [main] 2026-08-21 15:31:24,867 ColumnFamilyStore.java:484 - Initializing system_auth.role_permissions
INFO  [main] 2026-08-21 15:31:24,874 ColumnFamilyStore.java:484 - Initializing system_auth.resource_role_permissons_index
INFO  [main] 2026-08-21 15:31:24,881 ColumnFamilyStore.java:484 - Initializing system_auth.network_permissions
INFO  [main] 2026-08-21 15:31:24,887 StorageService.java:1920 - JOINING: Finish joining ring
INFO  [main] 2026-08-21 15:31:24,897 ColumnFamilyStore.java:1012 - Enqueuing flush of system.local, Reason: INTERNALLY_FORCED, Usage: 0.683KiB (0%) on-heap, 0.000KiB (0%) off-heap
INFO  [PerDiskMemtableFlushWriter_0:2] 2026-08-21 15:31:24,950 Flushing.java:145 - Writing Memtable-local@1393677343(0.084KiB serialized bytes, 4 ops, 0.683KiB (0%) on-heap, 0.000KiB (0%) off-heap), flushed range = [null, null)
INFO  [PerDiskMemtableFlushWriter_0:2] 2026-08-21 15:31:24,952 Flushing.java:171 - Completed flushing /workspace/cassandra/data/data/system/local-7ad54392bcdd35a684174e047860b377/nb-6-big-Data.db (0.056KiB) for commitlog position CommitLogPosition(segmentId=1787326247751, position=45911)
INFO  [MemtableFlushWriter:1] 2026-08-21 15:31:25,045 LogTransaction.java:242 - Unfinished transaction log, deleting /workspace/cassandra/data/data/system/local-7ad54392bcdd35a684174e047860b377/nb_txn_flush_5e989b30-9d75-11f1-8b0e-6b7c0be8c430.log 
INFO  [main] 2026-08-21 15:31:25,063 ColumnFamilyStore.java:1012 - Enqueuing flush of system.local, Reason: INTERNALLY_FORCED, Usage: 3.477KiB (0%) on-heap, 0.000KiB (0%) off-heap
INFO  [PerDiskMemtableFlushWriter_0:1] 2026-08-21 15:31:25,112 Flushing.java:145 - Writing Memtable-local@73268522(0.593KiB serialized bytes, 1 ops, 3.477KiB (0%) on-heap, 0.000KiB (0%) off-heap), flushed range = [null, null)
INFO  [PerDiskMemtableFlushWriter_0:1] 2026-08-21 15:31:25,113 Flushing.java:171 - Completed flushing /workspace/cassandra/data/data/system/local-7ad54392bcdd35a684174e047860b377/nb-7-big-Data.db (0.361KiB) for commitlog position CommitLogPosition(segmentId=1787326247751, position=46325)
INFO  [MemtableFlushWriter:2] 2026-08-21 15:31:25,223 LogTransaction.java:242 - Unfinished transaction log, deleting /workspace/cassandra/data/data/system/local-7ad54392bcdd35a684174e047860b377/nb_txn_flush_5eb30100-9d75-11f1-8b0e-6b7c0be8c430.log 
INFO  [main] 2026-08-21 15:31:25,242 StorageService.java:3111 - Node localhost/127.0.0.1:7000 state jump to NORMAL
INFO  [main] 2026-08-21 15:31:25,257 CassandraDaemon.java:488 - Prewarming of auth caches is disabled
INFO  [main] 2026-08-21 15:31:25,275 NativeTransportService.java:130 - Using Netty Version: [netty-buffer=netty-buffer-4.1.58.Final.10b03e6, netty-codec=netty-codec-4.1.58.Final.10b03e6, netty-codec-dns=netty-codec-dns-4.1.58.Final.10b03e6, netty-codec-haproxy=netty-codec-haproxy-4.1.58.Final.10b03e6, netty-codec-http=netty-codec-http-4.1.58.Final.10b03e6, netty-codec-http2=netty-codec-http2-4.1.58.Final.10b03e6, netty-codec-memcache=netty-codec-memcache-4.1.58.Final.10b03e6, netty-codec-mqtt=netty-codec-mqtt-4.1.58.Final.10b03e6, netty-codec-redis=netty-codec-redis-4.1.58.Final.10b03e6, netty-codec-smtp=netty-codec-smtp-4.1.58.Final.10b03e6, netty-codec-socks=netty-codec-socks-4.1.58.Final.10b03e6, netty-codec-stomp=netty-codec-stomp-4.1.58.Final.10b03e6, netty-codec-xml=netty-codec-xml-4.1.58.Final.10b03e6, netty-common=netty-common-4.1.58.Final.10b03e6, netty-handler=netty-handler-4.1.58.Final.10b03e6, netty-handler-proxy=netty-handler-proxy-4.1.58.Final.10b03e6, netty-resolver=netty-resolver-4.1.58.Final.10b03e6, netty-resolver-dns=netty-resolver-dns-4.1.58.Final.10b03e6, netty-resolver-dns-native-macos=netty-resolver-dns-native-macos-4.1.58.Final.10b03e65f1, netty-transport=netty-transport-4.1.58.Final.10b03e6, netty-transport-native-epoll=netty-transport-native-epoll-4.1.58.Final.10b03e6, netty-transport-native-kqueue=netty-transport-native-kqueue-4.1.58.Final.10b03e65f1, netty-transport-native-unix-common=netty-transport-native-unix-common-4.1.58.Final.10b03e6, netty-transport-rxtx=netty-transport-rxtx-4.1.58.Final.10b03e6, netty-transport-sctp=netty-transport-sctp-4.1.58.Final.10b03e6, netty-transport-udt=netty-transport-udt-4.1.58.Final.10b03e6]
INFO  [main] 2026-08-21 15:31:25,286 NativeTransportService.java:68 - Netty using native Epoll event loop
INFO  [CompactionExecutor:1] 2026-08-21 15:31:25,295 CompactionTask.java:164 - Compacting (5ed3f680-9d75-11f1-8b0e-6b7c0be8c430) [/workspace/cassandra/data/data/system/local-7ad54392bcdd35a684174e047860b377/nb-5-big-Data.db:level=0, /workspace/cassandra/data/data/system/local-7ad54392bcdd35a684174e047860b377/nb-6-big-Data.db:level=0, /workspace/cassandra/data/data/system/local-7ad54392bcdd35a684174e047860b377/nb-7-big-Data.db:level=0, /workspace/cassandra/data/data/system/local-7ad54392bcdd35a684174e047860b377/nb-1-big-Data.db:level=0, /workspace/cassandra/data/data/system/local-7ad54392bcdd35a684174e047860b377/nb-4-big-Data.db:level=0, /workspace/cassandra/data/data/system/local-7ad54392bcdd35a684174e047860b377/nb-3-big-Data.db:level=0, /workspace/cassandra/data/data/system/local-7ad54392bcdd35a684174e047860b377/nb-2-big-Data.db:level=0, ]
INFO  [main] 2026-08-21 15:31:25,322 PipelineConfigurator.java:145 - Using Netty Version: [netty-buffer=netty-buffer-4.1.58.Final.10b03e6, netty-codec=netty-codec-4.1.58.Final.10b03e6, netty-codec-dns=netty-codec-dns-4.1.58.Final.10b03e6, netty-codec-haproxy=netty-codec-haproxy-4.1.58.Final.10b03e6, netty-codec-http=netty-codec-http-4.1.58.Final.10b03e6, netty-codec-http2=netty-codec-http2-4.1.58.Final.10b03e6, netty-codec-memcache=netty-codec-memcache-4.1.58.Final.10b03e6, netty-codec-mqtt=netty-codec-mqtt-4.1.58.Final.10b03e6, netty-codec-redis=netty-codec-redis-4.1.58.Final.10b03e6, netty-codec-smtp=netty-codec-smtp-4.1.58.Final.10b03e6, netty-codec-socks=netty-codec-socks-4.1.58.Final.10b03e6, netty-codec-stomp=netty-codec-stomp-4.1.58.Final.10b03e6, netty-codec-xml=netty-codec-xml-4.1.58.Final.10b03e6, netty-common=netty-common-4.1.58.Final.10b03e6, netty-handler=netty-handler-4.1.58.Final.10b03e6, netty-handler-proxy=netty-handler-proxy-4.1.58.Final.10b03e6, netty-resolver=netty-resolver-4.1.58.Final.10b03e6, netty-resolver-dns=netty-resolver-dns-4.1.58.Final.10b03e6, netty-resolver-dns-native-macos=netty-resolver-dns-native-macos-4.1.58.Final.10b03e65f1, netty-transport=netty-transport-4.1.58.Final.10b03e6, netty-transport-native-epoll=netty-transport-native-epoll-4.1.58.Final.10b03e6, netty-transport-native-kqueue=netty-transport-native-kqueue-4.1.58.Final.10b03e65f1, netty-transport-native-unix-common=netty-transport-native-unix-common-4.1.58.Final.10b03e6, netty-transport-rxtx=netty-transport-rxtx-4.1.58.Final.10b03e6, netty-transport-sctp=netty-transport-sctp-4.1.58.Final.10b03e6, netty-transport-udt=netty-transport-udt-4.1.58.Final.10b03e6]
INFO  [main] 2026-08-21 15:31:25,330 PipelineConfigurator.java:146 - Starting listening for CQL clients on localhost/127.0.0.1:9042 (unencrypted)...
INFO  [main] 2026-08-21 15:31:25,335 CassandraDaemon.java:761 - Startup complete
INFO  [CompactionExecutor:1] 2026-08-21 15:31:25,544 CompactionTask.java:253 - Compacted (5ed3f680-9d75-11f1-8b0e-6b7c0be8c430) 7 sstables to [/workspace/cassandra/data/data/system/local-7ad54392bcdd35a684174e047860b377/nb-8-big,] to level=0.  0.852KiB to 0.688KiB (~80% of original) in 246ms.  Read Throughput = 3.454KiB/s, Write Throughput = 2.788KiB/s, Row Throughput = ~2/s.  7 total partitions merged to 1.  Partition merge counts were {7:1, }. Time spent writing keys = 73ms
INFO  [NonPeriodicTasks:1] 2026-08-21 15:31:25,546 SSTable.java:127 - Deleting sstable: /workspace/cassandra/data/data/system/local-7ad54392bcdd35a684174e047860b377/nb-5-big
INFO  [NonPeriodicTasks:1] 2026-08-21 15:31:25,549 SSTable.java:127 - Deleting sstable: /workspace/cassandra/data/data/system/local-7ad54392bcdd35a684174e047860b377/nb-6-big
INFO  [NonPeriodicTasks:1] 2026-08-21 15:31:25,551 SSTable.java:127 - Deleting sstable: /workspace/cassandra/data/data/system/local-7ad54392bcdd35a684174e047860b377/nb-7-big
INFO  [NonPeriodicTasks:1] 2026-08-21 15:31:25,553 SSTable.java:127 - Deleting sstable: /workspace/cassandra/data/data/system/local-7ad54392bcdd35a684174e047860b377/nb-1-big
INFO  [NonPeriodicTasks:1] 2026-08-21 15:31:25,555 SSTable.java:127 - Deleting sstable: /workspace/cassandra/data/data/system/local-7ad54392bcdd35a684174e047860b377/nb-4-big
INFO  [NonPeriodicTasks:1] 2026-08-21 15:31:25,557 SSTable.java:127 - Deleting sstable: /workspace/cassandra/data/data/system/local-7ad54392bcdd35a684174e047860b377/nb-3-big
INFO  [NonPeriodicTasks:1] 2026-08-21 15:31:25,560 SSTable.java:127 - Deleting sstable: /workspace/cassandra/data/data/system/local-7ad54392bcdd35a684174e047860b377/nb-2-big
INFO  [Native-Transport-Requests-3] 2026-08-21 15:31:31,600 ColumnFamilyStore.java:1012 - Enqueuing flush of system_schema.keyspaces, Reason: INTERNALLY_FORCED, Usage: 0.717KiB (0%) on-heap, 0.000KiB (0%) off-heap
INFO  [PerDiskMemtableFlushWriter_0:2] 2026-08-21 15:31:31,643 Flushing.java:145 - Writing Memtable-keyspaces@2039773126(0.146KiB serialized bytes, 1 ops, 0.717KiB (0%) on-heap, 0.000KiB (0%) off-heap), flushed range = [min(-9223372036854775808), max(9223372036854775807))
INFO  [PerDiskMemtableFlushWriter_0:2] 2026-08-21 15:31:31,645 Flushing.java:171 - Completed flushing /workspace/cassandra/data/data/system_schema/keyspaces-abac5682dea631c5b535b3d6cffd0fb6/nb-4-big-Data.db (0.116KiB) for commitlog position CommitLogPosition(segmentId=1787326247751, position=47721)
INFO  [CompactionExecutor:2] 2026-08-21 15:31:31,746 CompactionTask.java:164 - Compacting (62ad3910-9d75-11f1-8b0e-6b7c0be8c430) [/workspace/cassandra/data/data/system_schema/keyspaces-abac5682dea631c5b535b3d6cffd0fb6/nb-1-big-Data.db:level=0, /workspace/cassandra/data/data/system_schema/keyspaces-abac5682dea631c5b535b3d6cffd0fb6/nb-3-big-Data.db:level=0, /workspace/cassandra/data/data/system_schema/keyspaces-abac5682dea631c5b535b3d6cffd0fb6/nb-2-big-Data.db:level=0, /workspace/cassandra/data/data/system_schema/keyspaces-abac5682dea631c5b535b3d6cffd0fb6/nb-4-big-Data.db:level=0, ]
INFO  [Native-Transport-Requests-3] 2026-08-21 15:31:31,757 Keyspace.java:394 - Creating replication strategy keyspace1 params KeyspaceParams{durable_writes=true, replication=ReplicationParams{class=org.apache.cassandra.locator.SimpleStrategy, replication_factor=1}}
INFO  [Native-Transport-Requests-14] 2026-08-21 15:31:31,811 ColumnFamilyStore.java:1012 - Enqueuing flush of system_schema.columns, Reason: INTERNALLY_FORCED, Usage: 4.545KiB (0%) on-heap, 0.000KiB (0%) off-heap
INFO  [PerDiskMemtableFlushWriter_0:1] 2026-08-21 15:31:31,887 Flushing.java:145 - Writing Memtable-columns@1436208520(0.795KiB serialized bytes, 6 ops, 4.545KiB (0%) on-heap, 0.000KiB (0%) off-heap), flushed range = [min(-9223372036854775808), max(9223372036854775807))
INFO  [PerDiskMemtableFlushWriter_0:1] 2026-08-21 15:31:31,889 Flushing.java:171 - Completed flushing /workspace/cassandra/data/data/system_schema/columns-24101c25a2ae3af787c1b40ee1aca33f/nb-4-big-Data.db (0.313KiB) for commitlog position CommitLogPosition(segmentId=1787326247751, position=49056)
INFO  [CompactionExecutor:2] 2026-08-21 15:31:32,057 CompactionTask.java:253 - Compacted (62ad3910-9d75-11f1-8b0e-6b7c0be8c430) 4 sstables to [/workspace/cassandra/data/data/system_schema/keyspaces-abac5682dea631c5b535b3d6cffd0fb6/nb-5-big,] to level=0.  0.578KiB to 0.283KiB (~48% of original) in 309ms.  Read Throughput = 1.870KiB/s, Write Throughput = 0.916KiB/s, Row Throughput = ~12/s.  6 total partitions merged to 6.  Partition merge counts were {1:6, }. Time spent writing keys = 54ms
INFO  [NonPeriodicTasks:1] 2026-08-21 15:31:32,057 SSTable.java:127 - Deleting sstable: /workspace/cassandra/data/data/system_schema/keyspaces-abac5682dea631c5b535b3d6cffd0fb6/nb-1-big
INFO  [NonPeriodicTasks:1] 2026-08-21 15:31:32,060 SSTable.java:127 - Deleting sstable: /workspace/cassandra/data/data/system_schema/keyspaces-abac5682dea631c5b535b3d6cffd0fb6/nb-3-big
INFO  [NonPeriodicTasks:1] 2026-08-21 15:31:32,061 SSTable.java:127 - Deleting sstable: /workspace/cassandra/data/data/system_schema/keyspaces-abac5682dea631c5b535b3d6cffd0fb6/nb-2-big
INFO  [NonPeriodicTasks:1] 2026-08-21 15:31:32,063 SSTable.java:127 - Deleting sstable: /workspace/cassandra/data/data/system_schema/keyspaces-abac5682dea631c5b535b3d6cffd0fb6/nb-4-big
INFO  [CompactionExecutor:1] 2026-08-21 15:31:32,109 CompactionTask.java:164 - Compacting (62e49cc0-9d75-11f1-8b0e-6b7c0be8c430) [/workspace/cassandra/data/data/system_schema/columns-24101c25a2ae3af787c1b40ee1aca33f/nb-1-big-Data.db:level=0, /workspace/cassandra/data/data/system_schema/columns-24101c25a2ae3af787c1b40ee1aca33f/nb-2-big-Data.db:level=0, /workspace/cassandra/data/data/system_schema/columns-24101c25a2ae3af787c1b40ee1aca33f/nb-4-big-Data.db:level=0, /workspace/cassandra/data/data/system_schema/columns-24101c25a2ae3af787c1b40ee1aca33f/nb-3-big-Data.db:level=0, ]
INFO  [Native-Transport-Requests-14] 2026-08-21 15:31:32,109 ColumnFamilyStore.java:1012 - Enqueuing flush of system_schema.tables, Reason: INTERNALLY_FORCED, Usage: 2.636KiB (0%) on-heap, 0.000KiB (0%) off-heap
INFO  [PerDiskMemtableFlushWriter_0:2] 2026-08-21 15:31:32,188 Flushing.java:145 - Writing Memtable-tables@318488336(0.627KiB serialized bytes, 1 ops, 2.636KiB (0%) on-heap, 0.000KiB (0%) off-heap), flushed range = [min(-9223372036854775808), max(9223372036854775807))
INFO  [PerDiskMemtableFlushWriter_0:2] 2026-08-21 15:31:32,190 Flushing.java:171 - Completed flushing /workspace/cassandra/data/data/system_schema/tables-afddfb9dbc1e30688056eed6c302ba09/nb-4-big-Data.db (0.360KiB) for commitlog position CommitLogPosition(segmentId=1787326247751, position=49950)
INFO  [Native-Transport-Requests-14] 2026-08-21 15:31:32,369 ColumnFamilyStore.java:1012 - Enqueuing flush of system_schema.keyspaces, Reason: INTERNALLY_FORCED, Usage: 0.717KiB (0%) on-heap, 0.000KiB (0%) off-heap
INFO  [CompactionExecutor:2] 2026-08-21 15:31:32,369 CompactionTask.java:164 - Compacting (630c4900-9d75-11f1-8b0e-6b7c0be8c430) [/workspace/cassandra/data/data/system_schema/tables-afddfb9dbc1e30688056eed6c302ba09/nb-3-big-Data.db:level=0, /workspace/cassandra/data/data/system_schema/tables-afddfb9dbc1e30688056eed6c302ba09/nb-4-big-Data.db:level=0, /workspace/cassandra/data/data/system_schema/tables-afddfb9dbc1e30688056eed6c302ba09/nb-2-big-Data.db:level=0, /workspace/cassandra/data/data/system_schema/tables-afddfb9dbc1e30688056eed6c302ba09/nb-1-big-Data.db:level=0, ]
INFO  [CompactionExecutor:1] 2026-08-21 15:31:32,404 CompactionTask.java:253 - Compacted (62e49cc0-9d75-11f1-8b0e-6b7c0be8c430) 4 sstables to [/workspace/cassandra/data/data/system_schema/columns-24101c25a2ae3af787c1b40ee1aca33f/nb-5-big,] to level=0.  7.578KiB to 7.352KiB (~97% of original) in 293ms.  Read Throughput = 25.811KiB/s, Write Throughput = 25.039KiB/s, Row Throughput = ~306/s.  6 total partitions merged to 6.  Partition merge counts were {1:6, }. Time spent writing keys = 97ms
INFO  [NonPeriodicTasks:1] 2026-08-21 15:31:32,404 SSTable.java:127 - Deleting sstable: /workspace/cassandra/data/data/system_schema/columns-24101c25a2ae3af787c1b40ee1aca33f/nb-1-big
INFO  [NonPeriodicTasks:1] 2026-08-21 15:31:32,406 SSTable.java:127 - Deleting sstable: /workspace/cassandra/data/data/system_schema/columns-24101c25a2ae3af787c1b40ee1aca33f/nb-2-big
INFO  [NonPeriodicTasks:1] 2026-08-21 15:31:32,408 SSTable.java:127 - Deleting sstable: /workspace/cassandra/data/data/system_schema/columns-24101c25a2ae3af787c1b40ee1aca33f/nb-4-big
INFO  [NonPeriodicTasks:1] 2026-08-21 15:31:32,412 SSTable.java:127 - Deleting sstable: /workspace/cassandra/data/data/system_schema/columns-24101c25a2ae3af787c1b40ee1aca33f/nb-3-big
INFO  [PerDiskMemtableFlushWriter_0:1] 2026-08-21 15:31:32,422 Flushing.java:145 - Writing Memtable-keyspaces@58709831(0.146KiB serialized bytes, 1 ops, 0.717KiB (0%) on-heap, 0.000KiB (0%) off-heap), flushed range = [min(-9223372036854775808), max(9223372036854775807))
INFO  [PerDiskMemtableFlushWriter_0:1] 2026-08-21 15:31:32,424 Flushing.java:171 - Completed flushing /workspace/cassandra/data/data/system_schema/keyspaces-abac5682dea631c5b535b3d6cffd0fb6/nb-6-big-Data.db (0.116KiB) for commitlog position CommitLogPosition(segmentId=1787326247751, position=49950)
INFO  [Native-Transport-Requests-14] 2026-08-21 15:31:32,576 Keyspace.java:394 - Creating replication strategy keyspace1 params KeyspaceParams{durable_writes=true, replication=ReplicationParams{class=org.apache.cassandra.locator.SimpleStrategy, replication_factor=1}}
INFO  [Native-Transport-Requests-14] 2026-08-21 15:31:32,579 ColumnFamilyStore.java:484 - Initializing keyspace1.standard1
INFO  [CompactionExecutor:2] 2026-08-21 15:31:32,585 CompactionTask.java:253 - Compacted (630c4900-9d75-11f1-8b0e-6b7c0be8c430) 4 sstables to [/workspace/cassandra/data/data/system_schema/tables-afddfb9dbc1e30688056eed6c302ba09/nb-5-big,] to level=0.  4.042KiB to 3.564KiB (~88% of original) in 214ms.  Read Throughput = 18.873KiB/s, Write Throughput = 16.644KiB/s, Row Throughput = ~51/s.  6 total partitions merged to 6.  Partition merge counts were {1:6, }. Time spent writing keys = 54ms
INFO  [NonPeriodicTasks:1] 2026-08-21 15:31:32,585 SSTable.java:127 - Deleting sstable: /workspace/cassandra/data/data/system_schema/tables-afddfb9dbc1e30688056eed6c302ba09/nb-3-big
INFO  [NonPeriodicTasks:1] 2026-08-21 15:31:32,587 SSTable.java:127 - Deleting sstable: /workspace/cassandra/data/data/system_schema/tables-afddfb9dbc1e30688056eed6c302ba09/nb-4-big
INFO  [NonPeriodicTasks:1] 2026-08-21 15:31:32,589 SSTable.java:127 - Deleting sstable: /workspace/cassandra/data/data/system_schema/tables-afddfb9dbc1e30688056eed6c302ba09/nb-2-big
INFO  [NonPeriodicTasks:1] 2026-08-21 15:31:32,592 SSTable.java:127 - Deleting sstable: /workspace/cassandra/data/data/system_schema/tables-afddfb9dbc1e30688056eed6c302ba09/nb-1-big
INFO  [Native-Transport-Requests-14] 2026-08-21 15:31:32,620 ColumnFamilyStore.java:1012 - Enqueuing flush of system_schema.columns, Reason: INTERNALLY_FORCED, Usage: 4.554KiB (0%) on-heap, 0.000KiB (0%) off-heap
INFO  [PerDiskMemtableFlushWriter_0:2] 2026-08-21 15:31:32,650 Flushing.java:145 - Writing Memtable-columns@1335308412(0.804KiB serialized bytes, 6 ops, 4.554KiB (0%) on-heap, 0.000KiB (0%) off-heap), flushed range = [min(-9223372036854775808), max(9223372036854775807))
INFO  [PerDiskMemtableFlushWriter_0:2] 2026-08-21 15:31:32,651 Flushing.java:171 - Completed flushing /workspace/cassandra/data/data/system_schema/columns-24101c25a2ae3af787c1b40ee1aca33f/nb-6-big-Data.db (0.321KiB) for commitlog position CommitLogPosition(segmentId=1787326247751, position=53007)
INFO  [Native-Transport-Requests-14] 2026-08-21 15:31:32,730 ColumnFamilyStore.java:1012 - Enqueuing flush of system_schema.tables, Reason: INTERNALLY_FORCED, Usage: 2.646KiB (0%) on-heap, 0.000KiB (0%) off-heap
INFO  [PerDiskMemtableFlushWriter_0:1] 2026-08-21 15:31:32,760 Flushing.java:145 - Writing Memtable-tables@179038666(0.637KiB serialized bytes, 1 ops, 2.646KiB (0%) on-heap, 0.000KiB (0%) off-heap), flushed range = [min(-9223372036854775808), max(9223372036854775807))
INFO  [PerDiskMemtableFlushWriter_0:1] 2026-08-21 15:31:32,761 Flushing.java:171 - Completed flushing /workspace/cassandra/data/data/system_schema/tables-afddfb9dbc1e30688056eed6c302ba09/nb-6-big-Data.db (0.370KiB) for commitlog position CommitLogPosition(segmentId=1787326247751, position=53015)
INFO  [Native-Transport-Requests-14] 2026-08-21 15:31:32,874 ColumnFamilyStore.java:1012 - Enqueuing flush of system_schema.keyspaces, Reason: INTERNALLY_FORCED, Usage: 0.717KiB (0%) on-heap, 0.000KiB (0%) off-heap
INFO  [PerDiskMemtableFlushWriter_0:2] 2026-08-21 15:31:32,918 Flushing.java:145 - Writing Memtable-keyspaces@359093263(0.146KiB serialized bytes, 1 ops, 0.717KiB (0%) on-heap, 0.000KiB (0%) off-heap), flushed range = [min(-9223372036854775808), max(9223372036854775807))
INFO  [PerDiskMemtableFlushWriter_0:2] 2026-08-21 15:31:32,919 Flushing.java:171 - Completed flushing /workspace/cassandra/data/data/system_schema/keyspaces-abac5682dea631c5b535b3d6cffd0fb6/nb-7-big-Data.db (0.116KiB) for commitlog position CommitLogPosition(segmentId=1787326247751, position=53015)
INFO  [Native-Transport-Requests-14] 2026-08-21 15:31:33,044 Keyspace.java:394 - Creating replication strategy keyspace1 params KeyspaceParams{durable_writes=true, replication=ReplicationParams{class=org.apache.cassandra.locator.SimpleStrategy, replication_factor=1}}
INFO  [Native-Transport-Requests-14] 2026-08-21 15:31:33,046 ColumnFamilyStore.java:484 - Initializing keyspace1.counter1
INFO  [OptionalTasks:1] 2026-08-21 15:31:35,338 CassandraRoleManager.java:354 - Created default superuser role 'cassandra'
INFO  [Native-Transport-Requests-1] 2026-08-21 15:31:36,295 QueryProcessor.java:656 - Fully upgraded to at least 4.1.8-SNAPSHOT
INFO  [SlabPoolCleaner] 2026-08-21 15:31:56,475 AbstractAllocatorMemtable.java:290 - Flushing largest CFS(Keyspace='keyspace1', ColumnFamily='standard1') to free up room. Used total: 0.33/0.00, live: 0.33/0.00, flushing: 0.00/0.00, this: 0.33/0.00
INFO  [SlabPoolCleaner] 2026-08-21 15:31:56,477 ColumnFamilyStore.java:1012 - Enqueuing flush of keyspace1.standard1, Reason: MEMTABLE_LIMIT, Usage: 158.672MiB (33%) on-heap, 0.000KiB (0%) off-heap
INFO  [PerDiskMemtableFlushWriter_0:1] 2026-08-21 15:31:56,675 Flushing.java:145 - Writing Memtable-standard1@1643442456(39.152MiB serialized bytes, 197147 ops, 158.681MiB (33%) on-heap, 0.000KiB (0%) off-heap), flushed range = [min(-9223372036854775808), max(9223372036854775807))
INFO  [PerDiskMemtableFlushWriter_0:1] 2026-08-21 15:31:58,345 Flushing.java:171 - Completed flushing /workspace/cassandra/data/data/keyspace1/standard1-62b660d09d7511f18b0e6b7c0be8c430/nb-1-big-Data.db (32.136MiB) for commitlog position CommitLogPosition(segmentId=1787326247752, position=16576294)
INFO  [RMI TCP Connection(20)-127.0.0.1] 2026-08-21 15:32:04,306 ColumnFamilyStore.java:1012 - Enqueuing flush of keyspace1.standard1, Reason: USER_FORCED, Usage: 54.084MiB (11%) on-heap, 0.000KiB (0%) off-heap
INFO  [PerDiskMemtableFlushWriter_0:2] 2026-08-21 15:32:04,389 Flushing.java:145 - Writing Memtable-standard1@298972335(14.063MiB serialized bytes, 52853 ops, 54.084MiB (11%) on-heap, 0.000KiB (0%) off-heap), flushed range = [min(-9223372036854775808), max(9223372036854775807))
INFO  [PerDiskMemtableFlushWriter_0:2] 2026-08-21 15:32:04,600 Flushing.java:171 - Completed flushing /workspace/cassandra/data/data/keyspace1/standard1-62b660d09d7511f18b0e6b7c0be8c430/nb-2-big-Data.db (11.442MiB) for commitlog position CommitLogPosition(segmentId=1787326247752, position=30001300)
INFO  [StorageServiceShutdownHook] 2026-08-21 15:32:37,079 HintsService.java:235 - Paused hints dispatch
INFO  [StorageServiceShutdownHook] 2026-08-21 15:32:37,082 Server.java:176 - Stop listening for CQL clients
INFO  [StorageServiceShutdownHook] 2026-08-21 15:32:37,082 Gossiper.java:2145 - Announcing shutdown
INFO  [StorageServiceShutdownHook] 2026-08-21 15:32:37,083 StorageService.java:3111 - Node localhost/127.0.0.1:7000 state jump to shutdown
INFO  [StorageServiceShutdownHook] 2026-08-21 15:32:37,084 StorageService.java:3111 - Node localhost/127.0.0.1:7000 state jump to shutdown
INFO  [StorageServiceShutdownHook] 2026-08-21 15:32:39,087 MessagingService.java:526 - Waiting for messaging service to quiesce
INFO  [StorageServiceShutdownHook] 2026-08-21 15:32:41,116 ColumnFamilyStore.java:1012 - Enqueuing flush of system_auth.roles, Reason: DRAIN, Usage: 0.777KiB (0%) on-heap, 0.000KiB (0%) off-heap
INFO  [PerDiskMemtableFlushWriter_0:1] 2026-08-21 15:32:41,203 Flushing.java:145 - Writing Memtable-roles@1651348492(0.136KiB serialized bytes, 1 ops, 0.777KiB (0%) on-heap, 0.000KiB (0%) off-heap), flushed range = [min(-9223372036854775808), max(9223372036854775807))
INFO  [PerDiskMemtableFlushWriter_0:1] 2026-08-21 15:32:41,204 Flushing.java:171 - Completed flushing /workspace/cassandra/data/data/system_auth/roles-5bc52802de2535edaeab188eecebb090/nb-1-big-Data.db (0.092KiB) for commitlog position CommitLogPosition(segmentId=1787326247752, position=30001759)
INFO  [StorageServiceShutdownHook] 2026-08-21 15:32:41,328 ColumnFamilyStore.java:1012 - Enqueuing flush of system.compaction_history, Reason: DRAIN, Usage: 4.730KiB (0%) on-heap, 0.000KiB (0%) off-heap
INFO  [StorageServiceShutdownHook] 2026-08-21 15:32:41,330 ColumnFamilyStore.java:1012 - Enqueuing flush of system.sstable_activity_v2, Reason: DRAIN, Usage: 6.084KiB (0%) on-heap, 0.000KiB (0%) off-heap
INFO  [StorageServiceShutdownHook] 2026-08-21 15:32:41,332 ColumnFamilyStore.java:1012 - Enqueuing flush of system.local, Reason: DRAIN, Usage: 0.572KiB (0%) on-heap, 0.000KiB (0%) off-heap
INFO  [StorageServiceShutdownHook] 2026-08-21 15:32:41,335 ColumnFamilyStore.java:1012 - Enqueuing flush of system.sstable_activity, Reason: DRAIN, Usage: 6.140KiB (0%) on-heap, 0.000KiB (0%) off-heap
INFO  [StorageServiceShutdownHook] 2026-08-21 15:32:41,336 ColumnFamilyStore.java:1012 - Enqueuing flush of system.prepared_statements, Reason: DRAIN, Usage: 3.059KiB (0%) on-heap, 0.000KiB (0%) off-heap
INFO  [PerDiskMemtableFlushWriter_0:2] 2026-08-21 15:32:41,409 Flushing.java:145 - Writing Memtable-compaction_history@679413189(0.777KiB serialized bytes, 4 ops, 4.730KiB (0%) on-heap, 0.000KiB (0%) off-heap), flushed range = [min(-9223372036854775808), max(9223372036854775807))
INFO  [PerDiskMemtableFlushWriter_0:2] 2026-08-21 15:32:41,410 Flushing.java:171 - Completed flushing /workspace/cassandra/data/data/system/compaction_history-b4dbb7b4dc493fb5b3bfce6e434832ca/nb-1-big-Data.db (0.432KiB) for commitlog position CommitLogPosition(segmentId=1787326247752, position=30001759)
INFO  [PerDiskMemtableFlushWriter_0:1] 2026-08-21 15:32:41,418 Flushing.java:145 - Writing Memtable-sstable_activity_v2@813752178(0.148KiB serialized bytes, 19 ops, 6.084KiB (0%) on-heap, 0.000KiB (0%) off-heap), flushed range = [min(-9223372036854775808), max(9223372036854775807))
INFO  [PerDiskMemtableFlushWriter_0:1] 2026-08-21 15:32:41,419 Flushing.java:171 - Completed flushing /workspace/cassandra/data/data/system/sstable_activity_v2-62efe31f3be8310c8d298963439c1288/nb-1-big-Data.db (0.777KiB) for commitlog position CommitLogPosition(segmentId=1787326247752, position=30001759)
INFO  [PerDiskMemtableFlushWriter_0:2] 2026-08-21 15:32:42,213 Flushing.java:145 - Writing Memtable-sstable_activity@119012329(0.148KiB serialized bytes, 19 ops, 6.140KiB (0%) on-heap, 0.000KiB (0%) off-heap), flushed range = [min(-9223372036854775808), max(9223372036854775807))
INFO  [PerDiskMemtableFlushWriter_0:1] 2026-08-21 15:32:42,213 Flushing.java:145 - Writing Memtable-local@896941498(0.060KiB serialized bytes, 3 ops, 0.572KiB (0%) on-heap, 0.000KiB (0%) off-heap), flushed range = [min(-9223372036854775808), max(9223372036854775807))
INFO  [PerDiskMemtableFlushWriter_0:1] 2026-08-21 15:32:42,214 Flushing.java:171 - Completed flushing /workspace/cassandra/data/data/system/local-7ad54392bcdd35a684174e047860b377/nb-9-big-Data.db (0.042KiB) for commitlog position CommitLogPosition(segmentId=1787326247752, position=30001759)
INFO  [PerDiskMemtableFlushWriter_0:2] 2026-08-21 15:32:42,214 Flushing.java:171 - Completed flushing /workspace/cassandra/data/data/system/sstable_activity-5a1ff267ace03f128563cfae6103c65e/nb-1-big-Data.db (0.833KiB) for commitlog position CommitLogPosition(segmentId=1787326247752, position=30001759)
INFO  [PerDiskMemtableFlushWriter_0:1] 2026-08-21 15:32:42,468 Flushing.java:145 - Writing Memtable-prepared_statements@613237424(0.527KiB serialized bytes, 8 ops, 3.059KiB (0%) on-heap, 0.000KiB (0%) off-heap), flushed range = [min(-9223372036854775808), max(9223372036854775807))
INFO  [PerDiskMemtableFlushWriter_0:1] 2026-08-21 15:32:42,469 Flushing.java:171 - Completed flushing /workspace/cassandra/data/data/system/prepared_statements-18a9c2576a0c3841ba718cd529849fef/nb-1-big-Data.db (0.449KiB) for commitlog position CommitLogPosition(segmentId=1787326247752, position=30001759)
INFO  [StorageServiceShutdownHook] 2026-08-21 15:32:42,587 HintsService.java:235 - Paused hints dispatch
