******************** Stress Settings ********************
Command:
  Type: write
  Count: 200,000
  No Warmup: false
  Consistency Level: LOCAL_ONE
  Target Uncertainty: not applicable
  Key Size (bytes): 10
  Counter Increment Distibution: add=fixed(1)
Rate:
  Auto: false
  Thread Count: 8
  OpsPer Sec: 0
Population:
  Sequence: 1..200000
  Order: ARBITRARY
  Wrap: true
Insert:
  Revisits: Uniform:  min=1,max=1000000
  Visits: Fixed:  key=1
  Row Population Ratio: Ratio: divisor=1.000000;delegate=Fixed:  key=1
  Batch Type: not batching
Columns:
  Max Columns Per Key: 5
  Column Names: [C0, C1, C2, C3, C4]
  Comparator: AsciiType
  Timestamp: null
  Variable Column Count: false
  Slice: false
  Size Distribution: Fixed:  key=34
  Count Distribution: Fixed:  key=5
Errors:
  Ignore: false
  Tries: 10
Log:
  No Summary: false
  No Settings: false
  File: null
  Interval Millis: 1000
  Level: NORMAL
Mode:
  API: JAVA_DRIVER_NATIVE
  Connection Style: CQL_PREPARED
  CQL Version: CQL3
  Protocol Version: V5
  Username: null
  Password: null
  Auth Provide Class: null
  Max Pending Per Connection: 128
  Connections Per Host: 8
  Compression: NONE
Node:
  Nodes: [localhost]
  Is White List: false
  Datacenter: null
Schema:
  Keyspace: keyspace1
  Replication Strategy: org.apache.cassandra.locator.SimpleStrategy
  Replication Strategy Options: {replication_factor=1}
  Table Compression: null
  Table Compaction Strategy: null
  Table Compaction Strategy Options: {}
Transport:
  truststore=null; truststore-password=null; keystore=null; keystore-password=null; ssl-protocol=TLS; ssl-alg=null; ssl-ciphers=TLS_RSA_WITH_AES_128_CBC_SHA,TLS_RSA_WITH_AES_256_CBC_SHA; 
Port:
  Native Port: 9042
  JMX Port: 7199
Graph:
  File: null
  Revision: unknown
  Title: null
  Operation: WRITE
TokenRange:
  Wrap: false
  Split Factor: 1

Connected to cluster: Test Cluster, max pending requests per connection 128, max connections per host 8
Datacenter: datacenter1; Host: localhost/127.0.0.1:9042; Rack: rack1
Created keyspaces. Sleeping 1s for propagation.
Sleeping 2s...
Warming up WRITE with 50000 iterations...
Running WRITE with 8 threads for 200000 iteration
type                                               total ops,    op/s,    pk/s,   row/s,    mean,     med,     .95,     .99,    .999,     max,   time,   stderr, errors,  gc: #,  max ms,  sum ms,  sdv ms,      mb
total,                                                  4149,    4149,    4149,    4149,     1.0,     0.8,     1.9,     3.5,    17.9,    22.0,    1.0,  0.00000,      0,      0,       0,       0,       0,       0
total,                                                 12807,    8658,    8658,    8658,     0.9,     0.7,     1.8,     2.9,     7.0,    22.0,    2.0,  0.24894,      0,      0,       0,       0,       0,       0
total,                                                 20571,    7764,    7764,    7764,     1.0,     0.8,     2.1,     4.1,    16.0,    39.8,    3.0,  0.16493,      0,      0,       0,       0,       0,       0
total,                                                 29772,    9201,    9201,    9201,     0.8,     0.7,     1.8,     3.2,    10.9,    18.5,    4.0,  0.13181,      0,      0,       0,       0,       0,       0
total,                                                 36942,    7170,    7170,    7170,     1.1,     0.7,     2.6,     6.6,    34.8,    36.8,    5.0,  0.10609,      0,      1,      33,      33,       0,     372
total,                                                 47263,   10321,   10321,   10321,     0.7,     0.6,     1.5,     2.6,    13.4,    24.4,    6.0,  0.10011,      0,      0,       0,       0,       0,       0
total,                                                 57500,   10237,   10237,   10237,     0.8,     0.6,     1.4,     3.2,    11.0,    23.4,    7.0,  0.09044,      0,      0,       0,       0,       0,       0
total,                                                 69567,   12067,   12067,   12067,     0.6,     0.6,     1.1,     1.6,     6.3,    17.9,    8.0,  0.09029,      0,      0,       0,       0,       0,       0
total,                                                 81961,   12394,   12394,   12394,     0.6,     0.5,     0.9,     1.4,    12.6,    60.7,    9.0,  0.08989,      0,      1,      55,      55,       0,     362
total,                                                 93190,   11229,   11229,   11229,     0.7,     0.6,     1.1,     3.0,    12.7,    18.4,   10.0,  0.08172,      0,      0,       0,       0,       0,       0
total,                                                107412,   14222,   14222,   14222,     0.5,     0.5,     0.8,     1.1,     2.9,    18.9,   11.0,  0.08262,      0,      0,       0,       0,       0,       0
total,                                                119385,   11973,   11973,   11973,     0.6,     0.5,     0.9,     1.4,    12.2,    91.8,   12.0,  0.07772,      0,      1,      89,      89,       0,     352
total,                                                132364,   12979,   12979,   12979,     0.6,     0.5,     1.0,     1.4,     6.6,    24.4,   13.0,  0.07325,      0,      0,       0,       0,       0,       0
total,                                                145731,   13367,   13367,   13367,     0.6,     0.5,     0.9,     1.3,     4.9,     9.3,   14.0,  0.06932,      0,      0,       0,       0,       0,       0
total,                                                154169,    8438,    8438,    8438,     0.9,     0.7,     2.1,     4.7,    14.0,    21.6,   15.0,  0.06682,      0,      0,       0,       0,       0,       0
total,                                                163860,    9691,    9691,    9691,     0.8,     0.6,     1.4,     2.5,    16.1,   154.5,   16.0,  0.06251,      0,      1,     138,     138,       0,     352
total,                                                173027,    9167,    9167,    9167,     0.8,     0.6,     2.0,     4.9,    12.4,    23.9,   17.0,  0.05964,      0,      0,       0,       0,       0,       0
total,                                                185911,   12884,   12884,   12884,     0.6,     0.6,     1.0,     1.3,     3.5,     9.3,   18.0,  0.05694,      0,      0,       0,       0,       0,       0
total,                                                197312,   11401,   11401,   11401,     0.7,     0.6,     1.0,     1.4,     6.9,   104.9,   19.0,  0.05426,      0,      1,     100,     100,       0,     365
total,                                                200000,   10541,   10541,   10541,     0.7,     0.6,     1.5,     2.7,     6.8,    18.8,   19.3,  0.05148,      0,      0,       0,       0,       0,       0


Results:
Op rate                   :   10,387 op/s  [WRITE: 10,387 op/s]
Partition rate            :   10,387 pk/s  [WRITE: 10,387 pk/s]
Row rate                  :   10,387 row/s [WRITE: 10,387 row/s]
Latency mean              :    0.7 ms [WRITE: 0.7 ms]
Latency median            :    0.6 ms [WRITE: 0.6 ms]
Latency 95th percentile   :    1.4 ms [WRITE: 1.4 ms]
Latency 99th percentile   :    2.7 ms [WRITE: 2.7 ms]
Latency 99.9th percentile :   11.3 ms [WRITE: 11.3 ms]
Latency max               :  154.5 ms [WRITE: 154.5 ms]
Total partitions          :    200,000 [WRITE: 200,000]
Total errors              :          0 [WRITE: 0]
Total GC count            : 5
Total GC memory           : 1.761 GiB
Total GC time             :    0.4 seconds
Avg GC time               :   83.0 ms
StdDev GC time            :   36.4 ms
Total operation time      : 00:00:19

END
