******************** Stress Settings ********************
Command:
  Type: write
  Count: 200,000
  No Warmup: false
  Consistency Level: LOCAL_ONE
  Target Uncertainty: not applicable
  Key Size (bytes): 10
  Counter Increment Distibution: add=fixed(1)
Rate:
  Auto: false
  Thread Count: 8
  OpsPer Sec: 0
Population:
  Sequence: 1..200000
  Order: ARBITRARY
  Wrap: true
Insert:
  Revisits: Uniform:  min=1,max=1000000
  Visits: Fixed:  key=1
  Row Population Ratio: Ratio: divisor=1.000000;delegate=Fixed:  key=1
  Batch Type: not batching
Columns:
  Max Columns Per Key: 5
  Column Names: [C0, C1, C2, C3, C4]
  Comparator: AsciiType
  Timestamp: null
  Variable Column Count: false
  Slice: false
  Size Distribution: Fixed:  key=34
  Count Distribution: Fixed:  key=5
Errors:
  Ignore: false
  Tries: 10
Log:
  No Summary: false
  No Settings: false
  File: null
  Interval Millis: 1000
  Level: NORMAL
Mode:
  API: JAVA_DRIVER_NATIVE
  Connection Style: CQL_PREPARED
  CQL Version: CQL3
  Protocol Version: V5
  Username: null
  Password: null
  Auth Provide Class: null
  Max Pending Per Connection: 128
  Connections Per Host: 8
  Compression: NONE
Node:
  Nodes: [localhost]
  Is White List: false
  Datacenter: null
Schema:
  Keyspace: keyspace1
  Replication Strategy: org.apache.cassandra.locator.SimpleStrategy
  Replication Strategy Options: {replication_factor=1}
  Table Compression: null
  Table Compaction Strategy: null
  Table Compaction Strategy Options: {}
Transport:
  truststore=null; truststore-password=null; keystore=null; keystore-password=null; ssl-protocol=TLS; ssl-alg=null; ssl-ciphers=TLS_RSA_WITH_AES_128_CBC_SHA,TLS_RSA_WITH_AES_256_CBC_SHA; 
Port:
  Native Port: 9042
  JMX Port: 7199
Graph:
  File: null
  Revision: unknown
  Title: null
  Operation: WRITE
TokenRange:
  Wrap: false
  Split Factor: 1

Connected to cluster: Test Cluster, max pending requests per connection 128, max connections per host 8
Datacenter: datacenter1; Host: localhost/127.0.0.1:9042; Rack: rack1
Created keyspaces. Sleeping 1s for propagation.
Sleeping 2s...
Warming up WRITE with 50000 iterations...
Running WRITE with 8 threads for 200000 iteration
type                                               total ops,    op/s,    pk/s,   row/s,    mean,     med,     .95,     .99,    .999,     max,   time,   stderr, errors,  gc: #,  max ms,  sum ms,  sdv ms,      mb
total,                                                 11146,   11146,   11146,   11146,     0.6,     0.5,     1.1,     1.8,    14.9,    26.7,    1.0,  0.00000,      0,      0,       0,       0,       0,       0
total,                                                 24272,   13126,   13126,   13126,     0.6,     0.5,     1.1,     1.8,     6.1,    19.1,    2.0,  0.05495,      0,      0,       0,       0,       0,       0
total,                                                 38912,   14640,   14640,   14640,     0.5,     0.4,     0.9,     1.4,     6.4,    36.9,    3.0,  0.06623,      0,      1,      33,      33,       0,     375
total,                                                 51210,   12298,   12298,   12298,     0.6,     0.5,     1.0,     1.7,    11.7,   102.7,    4.0,  0.04968,      0,      0,       0,       0,       0,       0
total,                                                 64277,   13067,   13067,   13067,     0.6,     0.5,     1.1,     1.7,    10.5,    19.2,    5.0,  0.03984,      0,      0,       0,       0,       0,       0
total,                                                 77569,   13292,   13292,   13292,     0.6,     0.5,     1.0,     1.5,    10.7,    22.0,    6.0,  0.03319,      0,      1,      60,      60,       0,     357
total,                                                 90515,   12946,   12946,   12946,     0.6,     0.5,     1.1,     1.8,    17.4,    68.9,    7.0,  0.02867,      0,      0,       0,       0,       0,       0
total,                                                104394,   13879,   13879,   13879,     0.6,     0.5,     0.9,     2.2,    12.8,    28.0,    8.0,  0.02577,      0,      0,       0,       0,       0,       0
total,                                                119748,   15354,   15354,   15354,     0.5,     0.4,     0.8,     1.0,     5.4,    43.9,    9.0,  0.02912,      0,      1,      42,      42,       0,     356
total,                                                135220,   15472,   15472,   15472,     0.5,     0.5,     0.8,     1.2,     5.0,    18.8,   10.0,  0.02883,      0,      0,       0,       0,       0,       0
total,                                                150873,   15653,   15653,   15653,     0.5,     0.4,     0.8,     1.4,     6.2,    28.9,   11.0,  0.02872,      0,      0,       0,       0,       0,       0
total,                                                160526,    9653,    9653,    9653,     0.8,     0.5,     1.9,     4.2,    16.6,    66.1,   12.0,  0.03506,      0,      1,      63,      63,       0,     353
total,                                                175044,   14518,   14518,   14518,     0.5,     0.5,     0.9,     1.8,     7.5,    21.1,   13.0,  0.03256,      0,      0,       0,       0,       0,       0
total,                                                189635,   14591,   14591,   14591,     0.5,     0.5,     0.8,     1.3,     6.2,    29.3,   14.0,  0.03050,      0,      0,       0,       0,       0,       0
total,                                                200000,   14941,   14941,   14941,     0.5,     0.4,     0.8,     1.2,     3.8,    68.7,   14.7,  0.03034,      0,      0,       0,       0,       0,       0


Results:
Op rate                   :   13,611 op/s  [WRITE: 13,611 op/s]
Partition rate            :   13,611 pk/s  [WRITE: 13,611 pk/s]
Row rate                  :   13,611 row/s [WRITE: 13,611 row/s]
Latency mean              :    0.6 ms [WRITE: 0.6 ms]
Latency median            :    0.5 ms [WRITE: 0.5 ms]
Latency 95th percentile   :    1.0 ms [WRITE: 1.0 ms]
Latency 99th percentile   :    1.8 ms [WRITE: 1.8 ms]
Latency 99.9th percentile :    9.7 ms [WRITE: 9.7 ms]
Latency max               :  102.7 ms [WRITE: 102.7 ms]
Total partitions          :    200,000 [WRITE: 200,000]
Total errors              :          0 [WRITE: 0]
Total GC count            : 4
Total GC memory           : 1.408 GiB
Total GC time             :    0.2 seconds
Avg GC time               :   49.5 ms
StdDev GC time            :   12.5 ms
Total operation time      : 00:00:14

END
