******************** Stress Settings ********************
Command:
  Type: write
  Count: 200,000
  No Warmup: false
  Consistency Level: LOCAL_ONE
  Target Uncertainty: not applicable
  Key Size (bytes): 10
  Counter Increment Distibution: add=fixed(1)
Rate:
  Auto: false
  Thread Count: 8
  OpsPer Sec: 0
Population:
  Sequence: 1..200000
  Order: ARBITRARY
  Wrap: true
Insert:
  Revisits: Uniform:  min=1,max=1000000
  Visits: Fixed:  key=1
  Row Population Ratio: Ratio: divisor=1.000000;delegate=Fixed:  key=1
  Batch Type: not batching
Columns:
  Max Columns Per Key: 5
  Column Names: [C0, C1, C2, C3, C4]
  Comparator: AsciiType
  Timestamp: null
  Variable Column Count: false
  Slice: false
  Size Distribution: Fixed:  key=34
  Count Distribution: Fixed:  key=5
Errors:
  Ignore: false
  Tries: 10
Log:
  No Summary: false
  No Settings: false
  File: null
  Interval Millis: 1000
  Level: NORMAL
Mode:
  API: JAVA_DRIVER_NATIVE
  Connection Style: CQL_PREPARED
  CQL Version: CQL3
  Protocol Version: V5
  Username: null
  Password: null
  Auth Provide Class: null
  Max Pending Per Connection: 128
  Connections Per Host: 8
  Compression: NONE
Node:
  Nodes: [localhost]
  Is White List: false
  Datacenter: null
Schema:
  Keyspace: keyspace1
  Replication Strategy: org.apache.cassandra.locator.SimpleStrategy
  Replication Strategy Options: {replication_factor=1}
  Table Compression: null
  Table Compaction Strategy: null
  Table Compaction Strategy Options: {}
Transport:
  truststore=null; truststore-password=null; keystore=null; keystore-password=null; ssl-protocol=TLS; ssl-alg=null; ssl-ciphers=TLS_RSA_WITH_AES_128_CBC_SHA,TLS_RSA_WITH_AES_256_CBC_SHA; 
Port:
  Native Port: 9042
  JMX Port: 7199
Graph:
  File: null
  Revision: unknown
  Title: null
  Operation: WRITE
TokenRange:
  Wrap: false
  Split Factor: 1

Connected to cluster: Test Cluster, max pending requests per connection 128, max connections per host 8
Datacenter: datacenter1; Host: localhost/127.0.0.1:9042; Rack: rack1
Created keyspaces. Sleeping 1s for propagation.
Sleeping 2s...
Warming up WRITE with 50000 iterations...
Running WRITE with 8 threads for 200000 iteration
type                                               total ops,    op/s,    pk/s,   row/s,    mean,     med,     .95,     .99,    .999,     max,   time,   stderr, errors,  gc: #,  max ms,  sum ms,  sdv ms,      mb
total,                                                  3509,    3509,    3509,    3509,     0.8,     0.6,     1.9,     3.6,     9.5,    18.7,    1.0,  0.00000,      0,      0,       0,       0,       0,       0
total,                                                 13500,    9991,    9991,    9991,     0.8,     0.6,     1.4,     3.0,    13.8,    20.4,    2.0,  0.33999,      0,      0,       0,       0,       0,       0
total,                                                 25282,   11782,   11782,   11782,     0.7,     0.6,     1.2,     2.0,     6.0,    20.9,    3.0,  0.24379,      0,      0,       0,       0,       0,       0
total,                                                 38123,   12841,   12841,   12841,     0.6,     0.5,     1.1,     1.7,     7.6,    33.3,    4.0,  0.19146,      0,      1,      29,      29,       0,     375
total,                                                 51589,   13466,   13466,   13466,     0.5,     0.5,     0.9,     1.4,     7.0,    20.3,    5.0,  0.15680,      0,      0,       0,       0,       0,       0
total,                                                 64930,   13341,   13341,   13341,     0.6,     0.5,     0.9,     1.3,     8.4,   176.6,    6.0,  0.14125,      0,      0,       0,       0,       0,       0
total,                                                 80428,   15498,   15498,   15498,     0.5,     0.4,     0.7,     1.0,     6.8,    35.2,    7.0,  0.12485,      0,      1,      33,      33,       0,     357
total,                                                 95143,   14715,   14715,   14715,     0.5,     0.5,     0.8,     1.1,     7.2,    18.0,    8.0,  0.10940,      0,      0,       0,       0,       0,       0
total,                                                111693,   16550,   16550,   16550,     0.5,     0.4,     0.7,     0.9,     3.5,    19.4,    9.0,  0.10001,      0,      0,       0,       0,       0,       0
total,                                                126760,   15067,   15067,   15067,     0.5,     0.5,     0.8,     1.1,     7.1,    44.8,   10.0,  0.09033,      0,      1,      42,      42,       0,     355
total,                                                142025,   15265,   15265,   15265,     0.5,     0.5,     0.8,     1.3,     4.2,     8.9,   11.0,  0.08209,      0,      0,       0,       0,       0,       0
total,                                                156685,   14660,   14660,   14660,     0.5,     0.4,     0.9,     1.6,     8.8,    32.6,   12.0,  0.07513,      0,      0,       0,       0,       0,       0
total,                                                170201,   13516,   13516,   13516,     0.6,     0.4,     1.2,     2.2,    13.3,    61.3,   13.0,  0.06917,      0,      1,      53,      53,       0,     354
total,                                                187087,   16886,   16886,   16886,     0.5,     0.4,     0.7,     1.1,     8.0,    22.5,   14.0,  0.06551,      0,      0,       0,       0,       0,       0
total,                                                200000,   15433,   15433,   15433,     0.5,     0.4,     0.7,     1.0,     7.6,    43.0,   14.8,  0.06141,      0,      0,       0,       0,       0,       0


Results:
Op rate                   :   13,480 op/s  [WRITE: 13,480 op/s]
Partition rate            :   13,480 pk/s  [WRITE: 13,480 pk/s]
Row rate                  :   13,480 row/s [WRITE: 13,480 row/s]
Latency mean              :    0.5 ms [WRITE: 0.5 ms]
Latency median            :    0.5 ms [WRITE: 0.5 ms]
Latency 95th percentile   :    0.9 ms [WRITE: 0.9 ms]
Latency 99th percentile   :    1.6 ms [WRITE: 1.6 ms]
Latency 99.9th percentile :    8.2 ms [WRITE: 8.2 ms]
Latency max               :  176.6 ms [WRITE: 176.6 ms]
Total partitions          :    200,000 [WRITE: 200,000]
Total errors              :          0 [WRITE: 0]
Total GC count            : 4
Total GC memory           : 1.407 GiB
Total GC time             :    0.2 seconds
Avg GC time               :   39.3 ms
StdDev GC time            :    9.2 ms
Total operation time      : 00:00:14

END
