******************** Stress Settings ********************
Command:
  Type: read
  Count: 200,000
  No Warmup: false
  Consistency Level: LOCAL_ONE
  Target Uncertainty: not applicable
  Key Size (bytes): 10
  Counter Increment Distibution: add=fixed(1)
Rate:
  Auto: false
  Thread Count: 8
  OpsPer Sec: 0
Population:
  Distribution: Gaussian:  min=1,max=200000,mean=100000.500000,stdev=33333.166667
  Order: ARBITRARY
  Wrap: false
Insert:
  Revisits: Uniform:  min=1,max=1000000
  Visits: Fixed:  key=1
  Row Population Ratio: Ratio: divisor=1.000000;delegate=Fixed:  key=1
  Batch Type: not batching
Columns:
  Max Columns Per Key: 5
  Column Names: [C0, C1, C2, C3, C4]
  Comparator: AsciiType
  Timestamp: null
  Variable Column Count: false
  Slice: false
  Size Distribution: Fixed:  key=34
  Count Distribution: Fixed:  key=5
Errors:
  Ignore: false
  Tries: 10
Log:
  No Summary: false
  No Settings: false
  File: null
  Interval Millis: 1000
  Level: NORMAL
Mode:
  API: JAVA_DRIVER_NATIVE
  Connection Style: CQL_PREPARED
  CQL Version: CQL3
  Protocol Version: V5
  Username: null
  Password: null
  Auth Provide Class: null
  Max Pending Per Connection: 128
  Connections Per Host: 8
  Compression: NONE
Node:
  Nodes: [localhost]
  Is White List: false
  Datacenter: null
Schema:
  Keyspace: keyspace1
  Replication Strategy: org.apache.cassandra.locator.SimpleStrategy
  Replication Strategy Options: {replication_factor=1}
  Table Compression: null
  Table Compaction Strategy: null
  Table Compaction Strategy Options: {}
Transport:
  truststore=null; truststore-password=null; keystore=null; keystore-password=null; ssl-protocol=TLS; ssl-alg=null; ssl-ciphers=TLS_RSA_WITH_AES_128_CBC_SHA,TLS_RSA_WITH_AES_256_CBC_SHA; 
Port:
  Native Port: 9042
  JMX Port: 7199
Graph:
  File: null
  Revision: unknown
  Title: null
  Operation: READ
TokenRange:
  Wrap: false
  Split Factor: 1

Sleeping 2s...
Warming up READ with 50000 iterations...
Connected to cluster: Test Cluster, max pending requests per connection 128, max connections per host 8
Datacenter: datacenter1; Host: localhost/127.0.0.1:9042; Rack: rack1
Running READ with 8 threads for 200000 iteration
type                                               total ops,    op/s,    pk/s,   row/s,    mean,     med,     .95,     .99,    .999,     max,   time,   stderr, errors,  gc: #,  max ms,  sum ms,  sdv ms,      mb
total,                                                  5026,    5026,    5026,    5026,     0.8,     0.7,     1.5,     2.3,     7.9,    17.8,    1.0,  0.00000,      0,      0,       0,       0,       0,       0
total,                                                 13341,    8315,    8315,    8315,     0.9,     0.8,     1.7,     2.9,    23.6,    31.1,    2.0,  0.17884,      0,      1,      22,      22,       0,     395
total,                                                 23598,   10257,   10257,   10257,     0.8,     0.6,     1.5,     2.5,     7.5,    26.4,    3.0,  0.16012,      0,      0,       0,       0,       0,       0
total,                                                 33248,    9650,    9650,    9650,     0.8,     0.7,     1.5,     2.3,    12.1,    21.9,    4.0,  0.12252,      0,      1,      10,      10,       0,     390
total,                                                 45185,   11937,   11937,   11937,     0.6,     0.5,     1.3,     2.6,    12.2,    19.3,    5.0,  0.11455,      0,      0,       0,       0,       0,       0
total,                                                 60151,   14966,   14966,   14966,     0.5,     0.5,     0.8,     1.0,     6.0,    15.7,    6.0,  0.12345,      0,      1,       8,       8,       0,     388
total,                                                 74741,   14590,   14590,   14590,     0.5,     0.5,     0.9,     1.2,     3.4,    29.7,    7.0,  0.11488,      0,      0,       0,       0,       0,       0
total,                                                 89919,   15178,   15178,   15178,     0.5,     0.5,     0.8,     1.0,     7.1,    18.8,    8.0,  0.10613,      0,      1,       9,       9,       0,     390
total,                                                103216,   13297,   13297,   13297,     0.6,     0.5,     1.0,     1.8,     3.8,    18.4,    9.0,  0.09430,      0,      0,       0,       0,       0,       0
total,                                                118869,   15653,   15653,   15653,     0.5,     0.5,     0.7,     1.0,     4.0,    13.2,   10.0,  0.08812,      0,      1,       7,       7,       0,     389
total,                                                133515,   14646,   14646,   14646,     0.5,     0.5,     0.8,     1.2,     6.3,    26.0,   11.0,  0.08098,      0,      0,       0,       0,       0,       0
total,                                                147554,   14039,   14039,   14039,     0.6,     0.5,     0.9,     1.2,    10.6,    29.9,   12.0,  0.07438,      0,      1,       9,       9,       0,     389
total,                                                162776,   15222,   15222,   15222,     0.5,     0.5,     0.8,     1.0,     5.0,    16.8,   13.0,  0.06952,      0,      0,       0,       0,       0,       0
total,                                                176918,   14142,   14142,   14142,     0.5,     0.5,     0.9,     1.4,     8.6,    22.6,   14.0,  0.06457,      0,      1,       9,       9,       0,     389
total,                                                191098,   14180,   14180,   14180,     0.5,     0.5,     0.9,     1.2,     3.9,     6.8,   15.0,  0.06023,      0,      0,       0,       0,       0,       0
total,                                                200000,   14416,   14416,   14416,     0.5,     0.5,     0.8,     1.2,    12.9,    17.3,   15.6,  0.05660,      0,      0,       0,       0,       0,       0


Results:
Op rate                   :   12,806 op/s  [READ: 12,806 op/s]
Partition rate            :   12,806 pk/s  [READ: 12,806 pk/s]
Row rate                  :   12,806 row/s [READ: 12,806 row/s]
Latency mean              :    0.6 ms [READ: 0.6 ms]
Latency median            :    0.5 ms [READ: 0.5 ms]
Latency 95th percentile   :    1.0 ms [READ: 1.0 ms]
Latency 99th percentile   :    1.7 ms [READ: 1.7 ms]
Latency 99.9th percentile :    8.5 ms [READ: 8.5 ms]
Latency max               :   31.1 ms [READ: 31.1 ms]
Total partitions          :    200,000 [READ: 200,000]
Total errors              :          0 [READ: 0]
Total GC count            : 7
Total GC memory           : 2.665 GiB
Total GC time             :    0.1 seconds
Avg GC time               :   10.6 ms
StdDev GC time            :    4.7 ms
Total operation time      : 00:00:15

END
