******************** Stress Settings ********************
Command:
  Type: write
  Count: 200,000
  No Warmup: false
  Consistency Level: LOCAL_ONE
  Target Uncertainty: not applicable
  Key Size (bytes): 10
  Counter Increment Distibution: add=fixed(1)
Rate:
  Auto: false
  Thread Count: 8
  OpsPer Sec: 0
Population:
  Sequence: 1..200000
  Order: ARBITRARY
  Wrap: true
Insert:
  Revisits: Uniform:  min=1,max=1000000
  Visits: Fixed:  key=1
  Row Population Ratio: Ratio: divisor=1.000000;delegate=Fixed:  key=1
  Batch Type: not batching
Columns:
  Max Columns Per Key: 5
  Column Names: [C0, C1, C2, C3, C4]
  Comparator: AsciiType
  Timestamp: null
  Variable Column Count: false
  Slice: false
  Size Distribution: Fixed:  key=34
  Count Distribution: Fixed:  key=5
Errors:
  Ignore: false
  Tries: 10
Log:
  No Summary: false
  No Settings: false
  File: null
  Interval Millis: 1000
  Level: NORMAL
Mode:
  API: JAVA_DRIVER_NATIVE
  Connection Style: CQL_PREPARED
  CQL Version: CQL3
  Protocol Version: V5
  Username: null
  Password: null
  Auth Provide Class: null
  Max Pending Per Connection: 128
  Connections Per Host: 8
  Compression: NONE
Node:
  Nodes: [localhost]
  Is White List: false
  Datacenter: null
Schema:
  Keyspace: keyspace1
  Replication Strategy: org.apache.cassandra.locator.SimpleStrategy
  Replication Strategy Options: {replication_factor=1}
  Table Compression: null
  Table Compaction Strategy: null
  Table Compaction Strategy Options: {}
Transport:
  truststore=null; truststore-password=null; keystore=null; keystore-password=null; ssl-protocol=TLS; ssl-alg=null; ssl-ciphers=TLS_RSA_WITH_AES_128_CBC_SHA,TLS_RSA_WITH_AES_256_CBC_SHA; 
Port:
  Native Port: 9042
  JMX Port: 7199
Graph:
  File: null
  Revision: unknown
  Title: null
  Operation: WRITE
TokenRange:
  Wrap: false
  Split Factor: 1

Connected to cluster: Test Cluster, max pending requests per connection 128, max connections per host 8
Datacenter: datacenter1; Host: localhost/127.0.0.1:9042; Rack: rack1
Created keyspaces. Sleeping 1s for propagation.
Sleeping 2s...
Warming up WRITE with 50000 iterations...
Running WRITE with 8 threads for 200000 iteration
type                                               total ops,    op/s,    pk/s,   row/s,    mean,     med,     .95,     .99,    .999,     max,   time,   stderr, errors,  gc: #,  max ms,  sum ms,  sdv ms,      mb
total,                                                  3450,    3450,    3450,    3450,     1.3,     0.8,     4.2,     9.8,    20.2,    31.5,    1.0,  0.00000,      0,      0,       0,       0,       0,       0
total,                                                 13235,    9785,    9785,    9785,     0.8,     0.6,     1.7,     4.0,    20.6,    58.2,    2.0,  0.34602,      0,      0,       0,       0,       0,       0
total,                                                 24423,   11188,   11188,   11188,     0.7,     0.6,     1.2,     2.5,    14.9,    37.6,    3.0,  0.24011,      0,      0,       0,       0,       0,       0
total,                                                 36770,   12347,   12347,   12347,     0.6,     0.5,     1.1,     1.9,     5.4,    13.6,    4.0,  0.18500,      0,      0,       0,       0,       0,       0
total,                                                 49570,   12800,   12800,   12800,     0.6,     0.5,     1.0,     1.6,    22.2,    40.7,    5.0,  0.15226,      0,      1,      30,      30,       0,     372
total,                                                 60364,   10794,   10794,   10794,     0.7,     0.6,     1.4,     2.8,     7.2,    20.8,    6.0,  0.12585,      0,      0,       0,       0,       0,       0
total,                                                 72322,   11958,   11958,   11958,     0.6,     0.6,     1.1,     2.1,     9.5,    23.8,    7.0,  0.10766,      0,      0,       0,       0,       0,       0
total,                                                 83104,   10782,   10782,   10782,     0.7,     0.6,     1.2,     3.0,    21.0,    55.5,    8.0,  0.09373,      0,      1,      50,      50,       0,     359
total,                                                 94241,   11137,   11137,   11137,     0.7,     0.6,     1.3,     2.2,     7.0,    17.2,    9.0,  0.08302,      0,      0,       0,       0,       0,       0
total,                                                106379,   12138,   12138,   12138,     0.6,     0.6,     1.1,     1.8,     4.5,    22.8,   10.0,  0.07490,      0,      0,       0,       0,       0,       0
total,                                                117447,   11068,   11068,   11068,     0.7,     0.6,     1.3,     2.6,     7.8,    15.9,   11.0,  0.06798,      0,      0,       0,       0,       0,       0
total,                                                129201,   11754,   11754,   11754,     0.7,     0.6,     1.1,     1.7,     6.7,    55.3,   12.0,  0.06249,      0,      1,      49,      49,       0,     355
total,                                                139694,   10493,   10493,   10493,     0.7,     0.6,     1.3,     3.0,    16.5,    39.1,   13.0,  0.05779,      0,      0,       0,       0,       0,       0
total,                                                150634,   10940,   10940,   10940,     0.7,     0.6,     1.3,     2.5,    14.4,    31.6,   14.0,  0.05361,      0,      0,       0,       0,       0,       0
total,                                                157276,    6642,    6642,    6642,     1.2,     0.7,     3.7,     8.8,    21.3,    31.4,   15.0,  0.05727,      0,      0,       0,       0,       0,       0
total,                                                162237,    4961,    4961,    4961,     1.6,     0.7,     5.1,    13.2,   123.3,   131.9,   16.0,  0.06270,      0,      1,     117,     117,       0,     351
total,                                                173312,   11075,   11075,   11075,     0.7,     0.6,     1.3,     2.3,    13.3,    26.0,   17.0,  0.05891,      0,      0,       0,       0,       0,       0
total,                                                184661,   11349,   11349,   11349,     0.7,     0.5,     1.2,     2.7,    21.5,    29.9,   18.0,  0.05560,      0,      0,       0,       0,       0,       0
total,                                                196131,   11470,   11470,   11470,     0.7,     0.6,     1.1,     1.9,     6.7,    55.2,   19.0,  0.05278,      0,      1,      45,      45,       0,     360
total,                                                200000,   13979,   13979,   13979,     0.5,     0.5,     0.9,     1.3,     2.7,     3.6,   19.3,  0.05171,      0,      0,       0,       0,       0,       0


Results:
Op rate                   :   10,375 op/s  [WRITE: 10,375 op/s]
Partition rate            :   10,375 pk/s  [WRITE: 10,375 pk/s]
Row rate                  :   10,375 row/s [WRITE: 10,375 row/s]
Latency mean              :    0.7 ms [WRITE: 0.7 ms]
Latency median            :    0.6 ms [WRITE: 0.6 ms]
Latency 95th percentile   :    1.3 ms [WRITE: 1.3 ms]
Latency 99th percentile   :    3.3 ms [WRITE: 3.3 ms]
Latency 99.9th percentile :   15.8 ms [WRITE: 15.8 ms]
Latency max               :  131.9 ms [WRITE: 131.9 ms]
Total partitions          :    200,000 [WRITE: 200,000]
Total errors              :          0 [WRITE: 0]
Total GC count            : 5
Total GC memory           : 1.755 GiB
Total GC time             :    0.3 seconds
Avg GC time               :   58.2 ms
StdDev GC time            :   30.3 ms
Total operation time      : 00:00:19

END
