******************** Stress Settings ********************
Command:
  Type: read
  Count: 200,000
  No Warmup: false
  Consistency Level: LOCAL_ONE
  Target Uncertainty: not applicable
  Key Size (bytes): 10
  Counter Increment Distibution: add=fixed(1)
Rate:
  Auto: false
  Thread Count: 8
  OpsPer Sec: 0
Population:
  Distribution: Gaussian:  min=1,max=200000,mean=100000.500000,stdev=33333.166667
  Order: ARBITRARY
  Wrap: false
Insert:
  Revisits: Uniform:  min=1,max=1000000
  Visits: Fixed:  key=1
  Row Population Ratio: Ratio: divisor=1.000000;delegate=Fixed:  key=1
  Batch Type: not batching
Columns:
  Max Columns Per Key: 5
  Column Names: [C0, C1, C2, C3, C4]
  Comparator: AsciiType
  Timestamp: null
  Variable Column Count: false
  Slice: false
  Size Distribution: Fixed:  key=34
  Count Distribution: Fixed:  key=5
Errors:
  Ignore: false
  Tries: 10
Log:
  No Summary: false
  No Settings: false
  File: null
  Interval Millis: 1000
  Level: NORMAL
Mode:
  API: JAVA_DRIVER_NATIVE
  Connection Style: CQL_PREPARED
  CQL Version: CQL3
  Protocol Version: V5
  Username: null
  Password: null
  Auth Provide Class: null
  Max Pending Per Connection: 128
  Connections Per Host: 8
  Compression: NONE
Node:
  Nodes: [localhost]
  Is White List: false
  Datacenter: null
Schema:
  Keyspace: keyspace1
  Replication Strategy: org.apache.cassandra.locator.SimpleStrategy
  Replication Strategy Options: {replication_factor=1}
  Table Compression: null
  Table Compaction Strategy: null
  Table Compaction Strategy Options: {}
Transport:
  truststore=null; truststore-password=null; keystore=null; keystore-password=null; ssl-protocol=TLS; ssl-alg=null; ssl-ciphers=TLS_RSA_WITH_AES_128_CBC_SHA,TLS_RSA_WITH_AES_256_CBC_SHA; 
Port:
  Native Port: 9042
  JMX Port: 7199
Graph:
  File: null
  Revision: unknown
  Title: null
  Operation: READ
TokenRange:
  Wrap: false
  Split Factor: 1

Sleeping 2s...
Warming up READ with 50000 iterations...
Connected to cluster: Test Cluster, max pending requests per connection 128, max connections per host 8
Datacenter: datacenter1; Host: localhost/127.0.0.1:9042; Rack: rack1
Running READ with 8 threads for 200000 iteration
type                                               total ops,    op/s,    pk/s,   row/s,    mean,     med,     .95,     .99,    .999,     max,   time,   stderr, errors,  gc: #,  max ms,  sum ms,  sdv ms,      mb
total,                                                  5227,    5227,    5227,    5227,     0.6,     0.5,     1.1,     2.0,    11.0,    27.1,    1.0,  0.00000,      0,      0,       0,       0,       0,       0
total,                                                 17538,   12311,   12311,   12311,     0.6,     0.5,     1.1,     1.9,     9.3,    18.2,    2.0,  0.28289,      0,      1,       8,       8,       0,     393
total,                                                 29038,   11500,   11500,   11500,     0.7,     0.6,     1.2,     2.1,     6.7,    11.9,    3.0,  0.18681,      0,      0,       0,       0,       0,       0
total,                                                 41572,   12534,   12534,   12534,     0.6,     0.5,     1.1,     1.9,     8.0,    28.6,    4.0,  0.14417,      0,      1,      12,      12,       0,     388
total,                                                 55337,   13765,   13765,   13765,     0.6,     0.5,     0.9,     1.5,     5.5,    21.6,    5.0,  0.12131,      0,      0,       0,       0,       0,       0
total,                                                 67857,   12520,   12520,   12520,     0.6,     0.5,     1.1,     1.9,     7.3,    14.0,    6.0,  0.10075,      0,      1,      10,      10,       0,     388
total,                                                 81556,   13699,   13699,   13699,     0.6,     0.5,     0.9,     1.5,     4.4,    16.7,    7.0,  0.08800,      0,      0,       0,       0,       0,       0
total,                                                 92864,   11308,   11308,   11308,     0.7,     0.5,     1.2,     2.8,    16.4,    19.8,    8.0,  0.07735,      0,      1,      14,      14,       0,     390
total,                                                106717,   13853,   13853,   13853,     0.6,     0.5,     0.9,     1.4,     4.1,     8.1,    9.0,  0.06990,      0,      0,       0,       0,       0,       0
total,                                                120069,   13352,   13352,   13352,     0.6,     0.5,     1.0,     1.4,     9.7,    28.2,   10.0,  0.06338,      0,      1,       8,       8,       0,     389
total,                                                132431,   12362,   12362,   12362,     0.6,     0.5,     1.1,     1.9,     7.4,    22.6,   11.0,  0.05752,      0,      0,       0,       0,       0,       0
total,                                                145911,   13480,   13480,   13480,     0.6,     0.5,     1.0,     1.5,     7.4,    14.7,   12.0,  0.05301,      0,      1,      10,      10,       0,     387
total,                                                159062,   13151,   13151,   13151,     0.6,     0.5,     1.0,     1.7,     3.0,    10.0,   13.0,  0.04895,      0,      0,       0,       0,       0,       0
total,                                                173350,   14288,   14288,   14288,     0.5,     0.5,     0.9,     1.2,     5.0,     9.1,   14.0,  0.04620,      0,      1,       7,       7,       0,     391
total,                                                185439,   12089,   12089,   12089,     0.6,     0.5,     1.1,     2.3,    12.2,    26.7,   15.0,  0.04317,      0,      0,       0,       0,       0,       0
total,                                                198561,   13122,   13122,   13122,     0.6,     0.5,     1.0,     1.6,     6.2,    10.7,   16.0,  0.04047,      0,      1,       4,       4,       0,     390
total,                                                200000,   14812,   14812,   14812,     0.5,     0.4,     0.8,     1.6,     6.1,    10.5,   16.1,  0.04135,      0,      0,       0,       0,       0,       0


Results:
Op rate                   :   12,425 op/s  [READ: 12,425 op/s]
Partition rate            :   12,425 pk/s  [READ: 12,425 pk/s]
Row rate                  :   12,425 row/s [READ: 12,425 row/s]
Latency mean              :    0.6 ms [READ: 0.6 ms]
Latency median            :    0.5 ms [READ: 0.5 ms]
Latency 95th percentile   :    1.0 ms [READ: 1.0 ms]
Latency 99th percentile   :    1.7 ms [READ: 1.7 ms]
Latency 99.9th percentile :    7.8 ms [READ: 7.8 ms]
Latency max               :   28.6 ms [READ: 28.6 ms]
Total partitions          :    200,000 [READ: 200,000]
Total errors              :          0 [READ: 0]
Total GC count            : 8
Total GC memory           : 3.042 GiB
Total GC time             :    0.1 seconds
Avg GC time               :    9.1 ms
StdDev GC time            :    2.9 ms
Total operation time      : 00:00:16

END
