******************** Stress Settings ********************
Command:
  Type: write
  Count: 200,000
  No Warmup: false
  Consistency Level: LOCAL_ONE
  Target Uncertainty: not applicable
  Key Size (bytes): 10
  Counter Increment Distibution: add=fixed(1)
Rate:
  Auto: false
  Thread Count: 8
  OpsPer Sec: 0
Population:
  Sequence: 1..200000
  Order: ARBITRARY
  Wrap: true
Insert:
  Revisits: Uniform:  min=1,max=1000000
  Visits: Fixed:  key=1
  Row Population Ratio: Ratio: divisor=1.000000;delegate=Fixed:  key=1
  Batch Type: not batching
Columns:
  Max Columns Per Key: 5
  Column Names: [C0, C1, C2, C3, C4]
  Comparator: AsciiType
  Timestamp: null
  Variable Column Count: false
  Slice: false
  Size Distribution: Fixed:  key=34
  Count Distribution: Fixed:  key=5
Errors:
  Ignore: false
  Tries: 10
Log:
  No Summary: false
  No Settings: false
  File: null
  Interval Millis: 1000
  Level: NORMAL
Mode:
  API: JAVA_DRIVER_NATIVE
  Connection Style: CQL_PREPARED
  CQL Version: CQL3
  Protocol Version: V5
  Username: null
  Password: null
  Auth Provide Class: null
  Max Pending Per Connection: 128
  Connections Per Host: 8
  Compression: NONE
Node:
  Nodes: [localhost]
  Is White List: false
  Datacenter: null
Schema:
  Keyspace: keyspace1
  Replication Strategy: org.apache.cassandra.locator.SimpleStrategy
  Replication Strategy Options: {replication_factor=1}
  Table Compression: null
  Table Compaction Strategy: null
  Table Compaction Strategy Options: {}
Transport:
  truststore=null; truststore-password=null; keystore=null; keystore-password=null; ssl-protocol=TLS; ssl-alg=null; ssl-ciphers=TLS_RSA_WITH_AES_128_CBC_SHA,TLS_RSA_WITH_AES_256_CBC_SHA; 
Port:
  Native Port: 9042
  JMX Port: 7199
Graph:
  File: null
  Revision: unknown
  Title: null
  Operation: WRITE
TokenRange:
  Wrap: false
  Split Factor: 1

Connected to cluster: Test Cluster, max pending requests per connection 128, max connections per host 8
Datacenter: datacenter1; Host: localhost/127.0.0.1:9042; Rack: rack1
Created keyspaces. Sleeping 1s for propagation.
Sleeping 2s...
Warming up WRITE with 50000 iterations...
Running WRITE with 8 threads for 200000 iteration
type                                               total ops,    op/s,    pk/s,   row/s,    mean,     med,     .95,     .99,    .999,     max,   time,   stderr, errors,  gc: #,  max ms,  sum ms,  sdv ms,      mb
total,                                                  4128,    4128,    4128,    4128,     1.2,     0.7,     3.2,     8.1,    48.7,    50.7,    1.0,  0.00000,      0,      0,       0,       0,       0,       0
total,                                                 12691,    8563,    8563,    8563,     0.9,     0.7,     2.1,     4.3,    10.4,    23.0,    2.0,  0.23812,      0,      0,       0,       0,       0,       0
total,                                                 22949,   10258,   10258,   10258,     0.8,     0.6,     1.4,     2.5,    11.7,    23.6,    3.0,  0.19005,      0,      0,       0,       0,       0,       0
total,                                                 32940,    9991,    9991,    9991,     0.8,     0.6,     1.6,     2.8,    11.3,    21.7,    4.0,  0.14558,      0,      0,       0,       0,       0,       0
total,                                                 47863,   14923,   14923,   14923,     0.5,     0.4,     0.8,     1.3,     7.6,    32.6,    5.0,  0.16126,      0,      1,      28,      28,       0,     370
total,                                                 62566,   14703,   14703,   14703,     0.5,     0.5,     0.8,     1.2,     5.2,    20.4,    6.0,  0.14368,      0,      0,       0,       0,       0,       0
total,                                                 77957,   15391,   15391,   15391,     0.5,     0.5,     0.8,     1.1,     8.2,    23.7,    7.0,  0.12935,      0,      0,       0,       0,       0,       0
total,                                                 91745,   13788,   13788,   13788,     0.6,     0.5,     0.9,     1.3,    10.6,    47.3,    8.0,  0.11360,      0,      1,      43,      43,       0,     355
total,                                                105566,   13821,   13821,   13821,     0.6,     0.5,     1.0,     1.6,     5.0,    20.2,    9.0,  0.10083,      0,      0,       0,       0,       0,       0
total,                                                118928,   13362,   13362,   13362,     0.6,     0.5,     1.0,     1.5,     4.6,    22.3,   10.0,  0.09041,      0,      0,       0,       0,       0,       0
total,                                                128957,   10029,   10029,   10029,     0.8,     0.6,     1.5,     2.9,    21.2,    53.8,   11.0,  0.08402,      0,      1,      49,      49,       0,     354
total,                                                140716,   11759,   11759,   11759,     0.7,     0.6,     1.2,     1.9,     5.3,    15.7,   12.0,  0.07709,      0,      0,       0,       0,       0,       0
total,                                                149954,    9238,    9238,    9238,     0.8,     0.6,     1.9,     4.4,    13.5,    31.6,   13.0,  0.07402,      0,      0,       0,       0,       0,       0
total,                                                159365,    9411,    9411,    9411,     0.8,     0.6,     2.0,     4.8,    12.4,    21.5,   14.0,  0.07093,      0,      0,       0,       0,       0,       0
total,                                                169838,   10473,   10473,   10473,     0.7,     0.6,     1.5,     2.7,    12.7,    69.9,   15.0,  0.06642,      0,      1,      67,      67,       0,     354
total,                                                183265,   13427,   13427,   13427,     0.6,     0.5,     1.0,     1.7,     6.9,    14.1,   16.0,  0.06242,      0,      0,       0,       0,       0,       0
total,                                                197570,   14305,   14305,   14305,     0.5,     0.5,     0.8,     1.3,     5.6,    47.4,   17.0,  0.05981,      0,      1,      42,      42,       0,     363
total,                                                200000,   12036,   12036,   12036,     0.6,     0.6,     1.2,     1.8,     3.2,    11.1,   17.2,  0.05640,      0,      0,       0,       0,       0,       0


Results:
Op rate                   :   11,627 op/s  [WRITE: 11,627 op/s]
Partition rate            :   11,627 pk/s  [WRITE: 11,627 pk/s]
Row rate                  :   11,627 row/s [WRITE: 11,627 row/s]
Latency mean              :    0.6 ms [WRITE: 0.6 ms]
Latency median            :    0.5 ms [WRITE: 0.5 ms]
Latency 95th percentile   :    1.3 ms [WRITE: 1.3 ms]
Latency 99th percentile   :    2.5 ms [WRITE: 2.5 ms]
Latency 99.9th percentile :   10.3 ms [WRITE: 10.3 ms]
Latency max               :   69.9 ms [WRITE: 69.9 ms]
Total partitions          :    200,000 [WRITE: 200,000]
Total errors              :          0 [WRITE: 0]
Total GC count            : 5
Total GC memory           : 1.754 GiB
Total GC time             :    0.2 seconds
Avg GC time               :   45.8 ms
StdDev GC time            :   12.6 ms
Total operation time      : 00:00:17

END
