******************** Stress Settings ********************
Command:
  Type: read
  Count: 200,000
  No Warmup: false
  Consistency Level: LOCAL_ONE
  Target Uncertainty: not applicable
  Key Size (bytes): 10
  Counter Increment Distibution: add=fixed(1)
Rate:
  Auto: false
  Thread Count: 8
  OpsPer Sec: 0
Population:
  Distribution: Gaussian:  min=1,max=200000,mean=100000.500000,stdev=33333.166667
  Order: ARBITRARY
  Wrap: false
Insert:
  Revisits: Uniform:  min=1,max=1000000
  Visits: Fixed:  key=1
  Row Population Ratio: Ratio: divisor=1.000000;delegate=Fixed:  key=1
  Batch Type: not batching
Columns:
  Max Columns Per Key: 5
  Column Names: [C0, C1, C2, C3, C4]
  Comparator: AsciiType
  Timestamp: null
  Variable Column Count: false
  Slice: false
  Size Distribution: Fixed:  key=34
  Count Distribution: Fixed:  key=5
Errors:
  Ignore: false
  Tries: 10
Log:
  No Summary: false
  No Settings: false
  File: null
  Interval Millis: 1000
  Level: NORMAL
Mode:
  API: JAVA_DRIVER_NATIVE
  Connection Style: CQL_PREPARED
  CQL Version: CQL3
  Protocol Version: V5
  Username: null
  Password: null
  Auth Provide Class: null
  Max Pending Per Connection: 128
  Connections Per Host: 8
  Compression: NONE
Node:
  Nodes: [localhost]
  Is White List: false
  Datacenter: null
Schema:
  Keyspace: keyspace1
  Replication Strategy: org.apache.cassandra.locator.SimpleStrategy
  Replication Strategy Options: {replication_factor=1}
  Table Compression: null
  Table Compaction Strategy: null
  Table Compaction Strategy Options: {}
Transport:
  truststore=null; truststore-password=null; keystore=null; keystore-password=null; ssl-protocol=TLS; ssl-alg=null; ssl-ciphers=TLS_RSA_WITH_AES_128_CBC_SHA,TLS_RSA_WITH_AES_256_CBC_SHA; 
Port:
  Native Port: 9042
  JMX Port: 7199
Graph:
  File: null
  Revision: unknown
  Title: null
  Operation: READ
TokenRange:
  Wrap: false
  Split Factor: 1

Sleeping 2s...
Warming up READ with 50000 iterations...
Connected to cluster: Test Cluster, max pending requests per connection 128, max connections per host 8
Datacenter: datacenter1; Host: localhost/127.0.0.1:9042; Rack: rack1
Running READ with 8 threads for 200000 iteration
type                                               total ops,    op/s,    pk/s,   row/s,    mean,     med,     .95,     .99,    .999,     max,   time,   stderr, errors,  gc: #,  max ms,  sum ms,  sdv ms,      mb
total,                                                  6949,    6949,    6949,    6949,     0.9,     0.7,     1.9,     4.1,    10.9,    14.4,    1.0,  0.00000,      0,      0,       0,       0,       0,       0
total,                                                 16571,    9622,    9622,    9622,     0.8,     0.7,     1.4,     2.9,    17.5,    33.2,    2.0,  0.12067,      0,      1,      12,      12,       0,     393
total,                                                 28859,   12288,   12288,   12288,     0.6,     0.6,     1.1,     1.5,     4.2,     7.7,    3.0,  0.12849,      0,      0,       0,       0,       0,       0
total,                                                 40749,   11890,   11890,   11890,     0.7,     0.6,     1.1,     1.6,    15.0,    19.2,    4.0,  0.10311,      0,      1,      15,      15,       0,     389
total,                                                 53412,   12663,   12663,   12663,     0.6,     0.5,     1.0,     1.6,     6.4,    10.2,    5.0,  0.08830,      0,      0,       0,       0,       0,       0
total,                                                 65247,   11835,   11835,   11835,     0.7,     0.6,     1.1,     1.9,     4.9,    20.0,    6.0,  0.07414,      0,      1,      13,      13,       0,     388
total,                                                 77312,   12065,   12065,   12065,     0.6,     0.6,     1.2,     1.8,     3.9,    23.9,    7.0,  0.06434,      0,      0,       0,       0,       0,       0
total,                                                 89503,   12191,   12191,   12191,     0.6,     0.5,     1.2,     2.0,     6.1,    14.1,    8.0,  0.05678,      0,      1,       9,       9,       0,     390
total,                                                104020,   14517,   14517,   14517,     0.5,     0.5,     0.8,     1.1,     2.0,    14.7,    9.0,  0.05724,      0,      0,       0,       0,       0,       0
total,                                                114997,   10977,   10977,   10977,     0.7,     0.6,     1.4,     3.0,     9.3,    23.5,   10.0,  0.05192,      0,      1,      19,      19,       0,     389
total,                                                126102,   11105,   11105,   11105,     0.7,     0.5,     1.4,     3.7,     9.8,    26.9,   11.0,  0.04736,      0,      0,       0,       0,       0,       0
total,                                                136649,   10547,   10547,   10547,     0.7,     0.6,     1.4,     2.3,     9.1,    16.5,   12.0,  0.04420,      0,      0,       0,       0,       0,       0
total,                                                147882,   11233,   11233,   11233,     0.7,     0.6,     1.2,     2.1,     8.2,    14.8,   13.0,  0.04088,      0,      1,       8,       8,       0,     389
total,                                                160297,   12415,   12415,   12415,     0.6,     0.5,     1.1,     2.2,     9.9,    19.9,   14.0,  0.03824,      0,      0,       0,       0,       0,       0
total,                                                170150,    9853,    9853,    9853,     0.8,     0.6,     1.8,     3.6,    13.1,    24.7,   15.0,  0.03705,      0,      1,       8,       8,       0,     388
total,                                                184477,   14327,   14327,   14327,     0.5,     0.5,     0.8,     1.1,     5.5,    16.3,   16.0,  0.03752,      0,      0,       0,       0,       0,       0
total,                                                195911,   11434,   11434,   11434,     0.7,     0.6,     1.2,     2.3,     9.1,    29.4,   17.0,  0.03531,      0,      1,      10,      10,       0,     389
total,                                                200000,   12156,   12156,   12156,     0.6,     0.5,     1.2,     2.5,     5.9,     9.0,   17.3,  0.03340,      0,      0,       0,       0,       0,       0


Results:
Op rate                   :   11,536 op/s  [READ: 11,536 op/s]
Partition rate            :   11,536 pk/s  [READ: 11,536 pk/s]
Row rate                  :   11,536 row/s [READ: 11,536 row/s]
Latency mean              :    0.7 ms [READ: 0.7 ms]
Latency median            :    0.6 ms [READ: 0.6 ms]
Latency 95th percentile   :    1.2 ms [READ: 1.2 ms]
Latency 99th percentile   :    2.3 ms [READ: 2.3 ms]
Latency 99.9th percentile :    9.0 ms [READ: 9.0 ms]
Latency max               :   33.2 ms [READ: 33.2 ms]
Total partitions          :    200,000 [READ: 200,000]
Total errors              :          0 [READ: 0]
Total GC count            : 8
Total GC memory           : 3.043 GiB
Total GC time             :    0.1 seconds
Avg GC time               :   11.8 ms
StdDev GC time            :    3.6 ms
Total operation time      : 00:00:17

END
