******************** Stress Settings ********************
Command:
  Type: write
  Count: 200,000
  No Warmup: false
  Consistency Level: LOCAL_ONE
  Target Uncertainty: not applicable
  Key Size (bytes): 10
  Counter Increment Distibution: add=fixed(1)
Rate:
  Auto: false
  Thread Count: 8
  OpsPer Sec: 0
Population:
  Sequence: 1..200000
  Order: ARBITRARY
  Wrap: true
Insert:
  Revisits: Uniform:  min=1,max=1000000
  Visits: Fixed:  key=1
  Row Population Ratio: Ratio: divisor=1.000000;delegate=Fixed:  key=1
  Batch Type: not batching
Columns:
  Max Columns Per Key: 5
  Column Names: [C0, C1, C2, C3, C4]
  Comparator: AsciiType
  Timestamp: null
  Variable Column Count: false
  Slice: false
  Size Distribution: Fixed:  key=34
  Count Distribution: Fixed:  key=5
Errors:
  Ignore: false
  Tries: 10
Log:
  No Summary: false
  No Settings: false
  File: null
  Interval Millis: 1000
  Level: NORMAL
Mode:
  API: JAVA_DRIVER_NATIVE
  Connection Style: CQL_PREPARED
  CQL Version: CQL3
  Protocol Version: V5
  Username: null
  Password: null
  Auth Provide Class: null
  Max Pending Per Connection: 128
  Connections Per Host: 8
  Compression: NONE
Node:
  Nodes: [localhost]
  Is White List: false
  Datacenter: null
Schema:
  Keyspace: keyspace1
  Replication Strategy: org.apache.cassandra.locator.SimpleStrategy
  Replication Strategy Options: {replication_factor=1}
  Table Compression: null
  Table Compaction Strategy: null
  Table Compaction Strategy Options: {}
Transport:
  truststore=null; truststore-password=null; keystore=null; keystore-password=null; ssl-protocol=TLS; ssl-alg=null; ssl-ciphers=TLS_RSA_WITH_AES_128_CBC_SHA,TLS_RSA_WITH_AES_256_CBC_SHA; 
Port:
  Native Port: 9042
  JMX Port: 7199
Graph:
  File: null
  Revision: unknown
  Title: null
  Operation: WRITE
TokenRange:
  Wrap: false
  Split Factor: 1

Connected to cluster: Test Cluster, max pending requests per connection 128, max connections per host 8
Datacenter: datacenter1; Host: localhost/127.0.0.1:9042; Rack: rack1
Created keyspaces. Sleeping 1s for propagation.
Sleeping 2s...
Warming up WRITE with 50000 iterations...
Running WRITE with 8 threads for 200000 iteration
type                                               total ops,    op/s,    pk/s,   row/s,    mean,     med,     .95,     .99,    .999,     max,   time,   stderr, errors,  gc: #,  max ms,  sum ms,  sdv ms,      mb
total,                                                  6370,    6370,    6370,    6370,     0.6,     0.4,     1.2,     2.7,     8.2,    33.1,    1.0,  0.00000,      0,      0,       0,       0,       0,       0
total,                                                 22533,   16163,   16163,   16163,     0.5,     0.4,     0.9,     1.7,     5.2,    35.4,    2.0,  0.30800,      0,      0,       0,       0,       0,       0
total,                                                 36920,   14387,   14387,   14387,     0.5,     0.4,     1.2,     2.3,    10.1,    37.6,    3.0,  0.20034,      0,      0,       0,       0,       0,       0
total,                                                 50456,   13536,   13536,   13536,     0.6,     0.5,     0.9,     1.9,    16.0,    45.8,    4.0,  0.14806,      0,      1,      28,      28,       0,     374
total,                                                 64780,   14324,   14324,   14324,     0.5,     0.5,     0.8,     1.2,    11.4,    27.5,    5.0,  0.11758,      0,      0,       0,       0,       0,       0
total,                                                 78843,   14063,   14063,   14063,     0.5,     0.5,     0.9,     1.5,     5.8,    17.2,    6.0,  0.09742,      0,      1,      56,      56,       0,     355
total,                                                 92887,   14044,   14044,   14044,     0.6,     0.5,     0.9,     1.6,     9.5,    60.5,    7.0,  0.08336,      0,      0,       0,       0,       0,       0
total,                                                104123,   11236,   11236,   11236,     0.7,     0.5,     1.4,     4.4,    10.9,    24.5,    8.0,  0.07700,      0,      0,       0,       0,       0,       0
total,                                                118251,   14128,   14128,   14128,     0.5,     0.5,     0.8,     1.5,     8.2,    34.2,    9.0,  0.06837,      0,      0,       0,       0,       0,       0
total,                                                132199,   13948,   13948,   13948,     0.6,     0.5,     0.9,     1.4,     5.0,    63.2,   10.0,  0.06159,      0,      1,      50,      50,       0,     355
total,                                                145295,   13096,   13096,   13096,     0.6,     0.5,     1.2,     1.9,     4.2,     8.2,   11.0,  0.05630,      0,      0,       0,       0,       0,       0
total,                                                157915,   12620,   12620,   12620,     0.6,     0.5,     1.2,     2.2,    22.9,    78.6,   12.0,  0.05161,      0,      1,      57,      57,       0,     354
total,                                                167323,    9408,    9408,    9408,     0.8,     0.5,     2.4,     7.0,    17.4,    26.8,   13.0,  0.05359,      0,      0,       0,       0,       0,       0
total,                                                174890,    7567,    7567,    7567,     1.0,     0.6,     2.4,     9.0,    25.4,    32.4,   14.0,  0.05917,      0,      0,       0,       0,       0,       0
total,                                                187117,   12227,   12227,   12227,     0.6,     0.5,     1.2,     2.0,     8.9,    17.3,   15.0,  0.05544,      0,      0,       0,       0,       0,       0
total,                                                195987,    8870,    8870,    8870,     0.9,     0.6,     1.8,     4.1,    13.0,    82.2,   16.0,  0.05508,      0,      1,      69,      69,       0,     360
total,                                                200000,   10684,   10684,   10684,     0.7,     0.6,     1.5,     3.0,     6.4,    16.5,   16.4,  0.05270,      0,      0,       0,       0,       0,       0


Results:
Op rate                   :   12,213 op/s  [WRITE: 12,213 op/s]
Partition rate            :   12,213 pk/s  [WRITE: 12,213 pk/s]
Row rate                  :   12,213 row/s [WRITE: 12,213 row/s]
Latency mean              :    0.6 ms [WRITE: 0.6 ms]
Latency median            :    0.5 ms [WRITE: 0.5 ms]
Latency 95th percentile   :    1.2 ms [WRITE: 1.2 ms]
Latency 99th percentile   :    2.6 ms [WRITE: 2.6 ms]
Latency 99.9th percentile :   12.6 ms [WRITE: 12.6 ms]
Latency max               :   82.2 ms [WRITE: 82.2 ms]
Total partitions          :    200,000 [WRITE: 200,000]
Total errors              :          0 [WRITE: 0]
Total GC count            : 5
Total GC memory           : 1.757 GiB
Total GC time             :    0.3 seconds
Avg GC time               :   52.0 ms
StdDev GC time            :   13.5 ms
Total operation time      : 00:00:16

END
