To honour the JVM settings for this build a single-use Daemon process will be forked. For more on this, please refer to https://docs.gradle.org/8.12/userguide/gradle_daemon.html#sec:disabling_the_daemon in the Gradle documentation.
Daemon JVM discovery is an incubating feature.
Daemon will be stopped at the end of the build 
Configuration on demand is an incubating feature.
Parallel Configuration Cache is an incubating feature.
Calculating task graph as no cached configuration is available for tasks: :simulator:run
> Task :plugins:checkKotlinGradlePluginConfigurationErrors SKIPPED
> Task :plugins:generateExternalPluginSpecBuilders UP-TO-DATE
> Task :plugins:extractPrecompiledScriptPluginPlugins UP-TO-DATE
> Task :plugins:compilePluginsBlocks UP-TO-DATE
> Task :plugins:generatePrecompiledScriptPluginAccessors UP-TO-DATE
> Task :plugins:generateScriptPluginAdapters UP-TO-DATE
> Task :plugins:compileKotlin UP-TO-DATE
> Task :plugins:compileJava NO-SOURCE
> Task :plugins:pluginDescriptors UP-TO-DATE
> Task :plugins:processResources UP-TO-DATE
> Task :plugins:classes UP-TO-DATE
> Task :plugins:jar UP-TO-DATE
> Task :caffeine:processCodeGenResources NO-SOURCE
> Task :caffeine:processResources NO-SOURCE
> Task :simulator:downloadCaffeine UP-TO-DATE
> Task :caffeine:downloadCaffeine UP-TO-DATE
> Task :caffeine:processJavaPoetResources UP-TO-DATE
> Task :caffeine:compileJavaPoetJava UP-TO-DATE
> Task :caffeine:javaPoetClasses UP-TO-DATE
> Task :caffeine:generateNodes UP-TO-DATE
> Task :caffeine:generateLocalCaches UP-TO-DATE
> Task :caffeine:compileJava UP-TO-DATE
> Task :caffeine:classes UP-TO-DATE
> Task :caffeine:compileCodeGenJava UP-TO-DATE
> Task :caffeine:codeGenClasses UP-TO-DATE
> Task :simulator:compileJava UP-TO-DATE
> Task :simulator:processResources
> Task :simulator:classes

> Task :caffeine:jar
Could not load entry 482a102960d02cd7c559c0b35eb692fd from remote build cache: Loading entry from 'https://caffeine.gradle-enterprise.cloud/cache/482a102960d02cd7c559c0b35eb692fd' failed

> Task :simulator:run
Executed in 1.182 s

[Incubating] Problems report is available at: file:///workspace/caffeine/build/reports/problems/problems-report.html

Deprecated Gradle features were used in this build, making it incompatible with Gradle 9.0.

You can use '--warning-mode all' to show the individual deprecation warnings and determine if they come from your own scripts or plugins.

For more on this, please refer to https://docs.gradle.org/8.12/userguide/command_line_interface.html#sec:command_line_warnings in the Gradle documentation.

BUILD SUCCESSFUL in 1m 40s
21 actionable tasks: 3 executed, 18 up-to-date
Configuration cache entry stored.
The remote build cache was disabled during the build due to errors.
